<!doctype html public "-//w3c//dtd html 4.0 transitional//en">
<html><head>
<title>Static Call Graph - [.\build\门禁系统课题设计.axf]</title></head>
<body><HR>
<H1>Static Call Graph for image .\build\门禁系统课题设计.axf</H1><HR>
<BR><P>#&#060CALLGRAPH&#062# ARM Linker, 5060750: Last Updated: Sun Sep 29 10:42:57 2019
<BR><P>
<H3>Maximum Stack Usage =        632 bytes + Unknown(Cycles, Untraceable Function Pointers)</H3><H3>
Call chain for Maximum Stack Depth:</H3>
finsh_thread_entry &rArr; finsh_run_line &rArr; finsh_parser_run &rArr; proc_variable_decl &rArr; proc_assign_expr &rArr;  proc_assign_expr (Cycle)
<P>
<H3>
Mutually Recursive functions
</H3> <LI><a href="#[2d3]">rt_device_write</a>&nbsp;&nbsp;&nbsp;&rArr;&nbsp;&nbsp;&nbsp;<a href="#[1af]">rt_assert_handler</a><BR>
 <LI><a href="#[2c9]">rt_object_get_type</a>&nbsp;&nbsp;&nbsp;&rArr;&nbsp;&nbsp;&nbsp;<a href="#[1af]">rt_assert_handler</a><BR>
 <LI><a href="#[325]">rt_mp_free</a>&nbsp;&nbsp;&nbsp;&rArr;&nbsp;&nbsp;&nbsp;<a href="#[1e1]">rt_schedule</a><BR>
 <LI><a href="#[111]">rt_exit_critical</a>&nbsp;&nbsp;&nbsp;&rArr;&nbsp;&nbsp;&nbsp;<a href="#[1e1]">rt_schedule</a><BR>
 <LI><a href="#[9]">SVC_Handler</a>&nbsp;&nbsp;&nbsp;&rArr;&nbsp;&nbsp;&nbsp;<a href="#[9]">SVC_Handler</a><BR>
 <LI><a href="#[1f]">ADC1_2_IRQHandler</a>&nbsp;&nbsp;&nbsp;&rArr;&nbsp;&nbsp;&nbsp;<a href="#[1f]">ADC1_2_IRQHandler</a><BR>
 <LI><a href="#[3b0]">proc_assign_expr</a>&nbsp;&nbsp;&nbsp;&rArr;&nbsp;&nbsp;&nbsp;<a href="#[3b0]">proc_assign_expr</a><BR>
 <LI><a href="#[3b7]">proc_cast_expr</a>&nbsp;&nbsp;&nbsp;&rArr;&nbsp;&nbsp;&nbsp;<a href="#[3b7]">proc_cast_expr</a><BR>
 <LI><a href="#[3b6]">proc_unary_expr</a>&nbsp;&nbsp;&nbsp;&rArr;&nbsp;&nbsp;&nbsp;<a href="#[3b7]">proc_cast_expr</a><BR>
 <LI><a href="#[3b4]">proc_primary_expr</a>&nbsp;&nbsp;&nbsp;&rArr;&nbsp;&nbsp;&nbsp;<a href="#[3b2]">proc_expr</a><BR>
 <LI><a href="#[3af]">proc_param_list</a>&nbsp;&nbsp;&nbsp;&rArr;&nbsp;&nbsp;&nbsp;<a href="#[3b0]">proc_assign_expr</a><BR>
 <LI><a href="#[396]">finsh_type_check</a>&nbsp;&nbsp;&nbsp;&rArr;&nbsp;&nbsp;&nbsp;<a href="#[396]">finsh_type_check</a><BR>
 <LI><a href="#[394]">finsh_compile</a>&nbsp;&nbsp;&nbsp;&rArr;&nbsp;&nbsp;&nbsp;<a href="#[394]">finsh_compile</a><BR>
</UL>
<P>
<H3>
Function Pointers
</H3><UL>
 <LI><a href="#[1f]">ADC1_2_IRQHandler</a> from startup_stm32f103xe.o(.text) referenced from startup_stm32f103xe.o(RESET)
 <LI><a href="#[3c]">ADC3_IRQHandler</a> from startup_stm32f103xe.o(.text) referenced from startup_stm32f103xe.o(RESET)
 <LI><a href="#[7]">BusFault_Handler</a> from stm32f1xx_it.o(.text) referenced from startup_stm32f103xe.o(RESET)
 <LI><a href="#[22]">CAN1_RX1_IRQHandler</a> from startup_stm32f103xe.o(.text) referenced from startup_stm32f103xe.o(RESET)
 <LI><a href="#[23]">CAN1_SCE_IRQHandler</a> from startup_stm32f103xe.o(.text) referenced from startup_stm32f103xe.o(RESET)
 <LI><a href="#[b9]">DEL_ALL_TAG</a> from rc522_function.o(.text) referenced from rc522_function.o(FSymTab)
 <LI><a href="#[18]">DMA1_Channel1_IRQHandler</a> from startup_stm32f103xe.o(.text) referenced from startup_stm32f103xe.o(RESET)
 <LI><a href="#[19]">DMA1_Channel2_IRQHandler</a> from startup_stm32f103xe.o(.text) referenced from startup_stm32f103xe.o(RESET)
 <LI><a href="#[1a]">DMA1_Channel3_IRQHandler</a> from startup_stm32f103xe.o(.text) referenced from startup_stm32f103xe.o(RESET)
 <LI><a href="#[1b]">DMA1_Channel4_IRQHandler</a> from startup_stm32f103xe.o(.text) referenced from startup_stm32f103xe.o(RESET)
 <LI><a href="#[1c]">DMA1_Channel5_IRQHandler</a> from startup_stm32f103xe.o(.text) referenced from startup_stm32f103xe.o(RESET)
 <LI><a href="#[1d]">DMA1_Channel6_IRQHandler</a> from startup_stm32f103xe.o(.text) referenced from startup_stm32f103xe.o(RESET)
 <LI><a href="#[1e]">DMA1_Channel7_IRQHandler</a> from startup_stm32f103xe.o(.text) referenced from startup_stm32f103xe.o(RESET)
 <LI><a href="#[45]">DMA2_Channel1_IRQHandler</a> from startup_stm32f103xe.o(.text) referenced from startup_stm32f103xe.o(RESET)
 <LI><a href="#[46]">DMA2_Channel2_IRQHandler</a> from startup_stm32f103xe.o(.text) referenced from startup_stm32f103xe.o(RESET)
 <LI><a href="#[47]">DMA2_Channel3_IRQHandler</a> from startup_stm32f103xe.o(.text) referenced from startup_stm32f103xe.o(RESET)
 <LI><a href="#[48]">DMA2_Channel4_5_IRQHandler</a> from startup_stm32f103xe.o(.text) referenced from startup_stm32f103xe.o(RESET)
 <LI><a href="#[a]">DebugMon_Handler</a> from stm32f1xx_it.o(.text) referenced from startup_stm32f103xe.o(RESET)
 <LI><a href="#[13]">EXTI0_IRQHandler</a> from drv_gpio.o(.text) referenced from startup_stm32f103xe.o(RESET)
 <LI><a href="#[35]">EXTI15_10_IRQHandler</a> from drv_gpio.o(.text) referenced from startup_stm32f103xe.o(RESET)
 <LI><a href="#[14]">EXTI1_IRQHandler</a> from drv_gpio.o(.text) referenced from startup_stm32f103xe.o(RESET)
 <LI><a href="#[15]">EXTI2_IRQHandler</a> from drv_gpio.o(.text) referenced from startup_stm32f103xe.o(RESET)
 <LI><a href="#[16]">EXTI3_IRQHandler</a> from drv_gpio.o(.text) referenced from startup_stm32f103xe.o(RESET)
 <LI><a href="#[17]">EXTI4_IRQHandler</a> from drv_gpio.o(.text) referenced from startup_stm32f103xe.o(RESET)
 <LI><a href="#[24]">EXTI9_5_IRQHandler</a> from startup_stm32f103xe.o(.text) referenced from startup_stm32f103xe.o(RESET)
 <LI><a href="#[11]">FLASH_IRQHandler</a> from startup_stm32f103xe.o(.text) referenced from startup_stm32f103xe.o(RESET)
 <LI><a href="#[3d]">FSMC_IRQHandler</a> from startup_stm32f103xe.o(.text) referenced from startup_stm32f103xe.o(RESET)
 <LI><a href="#[52]">FT5206_Scan</a> from ft5206.o(.text) referenced from touch.o(.text)
 <LI><a href="#[50]">GT9147_Scan</a> from gt9147.o(.text) referenced from touch.o(.text)
 <LI><a href="#[bd]">Get_User_Psd</a> from password.o(.text) referenced from password.o(FSymTab)
 <LI><a href="#[6c]">HAL_SRAM_DMA_XferCpltCallback</a> from stm32f1xx_hal_sram.o(.text) referenced from stm32f1xx_hal_sram.o(.text)
 <LI><a href="#[6d]">HAL_SRAM_DMA_XferErrorCallback</a> from stm32f1xx_hal_sram.o(.text) referenced from stm32f1xx_hal_sram.o(.text)
 <LI><a href="#[5]">HardFault_Handler</a> from context_rvds.o(.text) referenced from startup_stm32f103xe.o(RESET)
 <LI><a href="#[2d]">I2C1_ER_IRQHandler</a> from startup_stm32f103xe.o(.text) referenced from startup_stm32f103xe.o(RESET)
 <LI><a href="#[2c]">I2C1_EV_IRQHandler</a> from startup_stm32f103xe.o(.text) referenced from startup_stm32f103xe.o(RESET)
 <LI><a href="#[2f]">I2C2_ER_IRQHandler</a> from startup_stm32f103xe.o(.text) referenced from startup_stm32f103xe.o(RESET)
 <LI><a href="#[2e]">I2C2_EV_IRQHandler</a> from startup_stm32f103xe.o(.text) referenced from startup_stm32f103xe.o(RESET)
 <LI><a href="#[ba]">LIST_ALL_TAGS</a> from rc522_function.o(.text) referenced from rc522_function.o(FSymTab)
 <LI><a href="#[6]">MemManage_Handler</a> from stm32f1xx_it.o(.text) referenced from startup_stm32f103xe.o(RESET)
 <LI><a href="#[4]">NMI_Handler</a> from stm32f1xx_it.o(.text) referenced from startup_stm32f103xe.o(RESET)
 <LI><a href="#[82]">OP_add_byte</a> from finsh_ops.o(.text) referenced from finsh_ops.o(.constdata)
 <LI><a href="#[84]">OP_add_dword</a> from finsh_ops.o(.text) referenced from finsh_ops.o(.constdata)
 <LI><a href="#[83]">OP_add_word</a> from finsh_ops.o(.text) referenced from finsh_ops.o(.constdata)
 <LI><a href="#[91]">OP_and_byte</a> from finsh_ops.o(.text) referenced from finsh_ops.o(.constdata)
 <LI><a href="#[93]">OP_and_dword</a> from finsh_ops.o(.text) referenced from finsh_ops.o(.constdata)
 <LI><a href="#[92]">OP_and_word</a> from finsh_ops.o(.text) referenced from finsh_ops.o(.constdata)
 <LI><a href="#[9a]">OP_bw_byte</a> from finsh_ops.o(.text) referenced from finsh_ops.o(.constdata)
 <LI><a href="#[9c]">OP_bw_dword</a> from finsh_ops.o(.text) referenced from finsh_ops.o(.constdata)
 <LI><a href="#[9b]">OP_bw_word</a> from finsh_ops.o(.text) referenced from finsh_ops.o(.constdata)
 <LI><a href="#[ad]">OP_call</a> from finsh_ops.o(.text) referenced from finsh_ops.o(.constdata)
 <LI><a href="#[88]">OP_div_byte</a> from finsh_ops.o(.text) referenced from finsh_ops.o(.constdata)
 <LI><a href="#[8a]">OP_div_dword</a> from finsh_ops.o(.text) referenced from finsh_ops.o(.constdata)
 <LI><a href="#[89]">OP_div_word</a> from finsh_ops.o(.text) referenced from finsh_ops.o(.constdata)
 <LI><a href="#[a3]">OP_ld_byte</a> from finsh_ops.o(.text) referenced from finsh_ops.o(.constdata)
 <LI><a href="#[a5]">OP_ld_dword</a> from finsh_ops.o(.text) referenced from finsh_ops.o(.constdata)
 <LI><a href="#[a6]">OP_ld_value_byte</a> from finsh_ops.o(.text) referenced from finsh_ops.o(.constdata)
 <LI><a href="#[ae]">OP_ld_value_byte_stack</a> from finsh_ops.o(.text) referenced from finsh_ops.o(.constdata)
 <LI><a href="#[a8]">OP_ld_value_dword</a> from finsh_ops.o(.text) referenced from finsh_ops.o(.constdata)
 <LI><a href="#[b0]">OP_ld_value_dword_stack</a> from finsh_ops.o(.text) referenced from finsh_ops.o(.constdata)
 <LI><a href="#[a7]">OP_ld_value_word</a> from finsh_ops.o(.text) referenced from finsh_ops.o(.constdata)
 <LI><a href="#[af]">OP_ld_value_word_stack</a> from finsh_ops.o(.text) referenced from finsh_ops.o(.constdata)
 <LI><a href="#[a4]">OP_ld_word</a> from finsh_ops.o(.text) referenced from finsh_ops.o(.constdata)
 <LI><a href="#[8b]">OP_mod_byte</a> from finsh_ops.o(.text) referenced from finsh_ops.o(.constdata)
 <LI><a href="#[8d]">OP_mod_dword</a> from finsh_ops.o(.text) referenced from finsh_ops.o(.constdata)
 <LI><a href="#[8c]">OP_mod_word</a> from finsh_ops.o(.text) referenced from finsh_ops.o(.constdata)
 <LI><a href="#[8e]">OP_mul_byte</a> from finsh_ops.o(.text) referenced from finsh_ops.o(.constdata)
 <LI><a href="#[90]">OP_mul_dword</a> from finsh_ops.o(.text) referenced from finsh_ops.o(.constdata)
 <LI><a href="#[8f]">OP_mul_word</a> from finsh_ops.o(.text) referenced from finsh_ops.o(.constdata)
 <LI><a href="#[81]">OP_no_op</a> from finsh_ops.o(.text) referenced from finsh_ops.o(.constdata)
 <LI><a href="#[94]">OP_or_byte</a> from finsh_ops.o(.text) referenced from finsh_ops.o(.constdata)
 <LI><a href="#[96]">OP_or_dword</a> from finsh_ops.o(.text) referenced from finsh_ops.o(.constdata)
 <LI><a href="#[95]">OP_or_word</a> from finsh_ops.o(.text) referenced from finsh_ops.o(.constdata)
 <LI><a href="#[ac]">OP_pop</a> from finsh_ops.o(.text) referenced from finsh_ops.o(.constdata)
 <LI><a href="#[9d]">OP_shl_byte</a> from finsh_ops.o(.text) referenced from finsh_ops.o(.constdata)
 <LI><a href="#[9f]">OP_shl_dword</a> from finsh_ops.o(.text) referenced from finsh_ops.o(.constdata)
 <LI><a href="#[9e]">OP_shl_word</a> from finsh_ops.o(.text) referenced from finsh_ops.o(.constdata)
 <LI><a href="#[a0]">OP_shr_byte</a> from finsh_ops.o(.text) referenced from finsh_ops.o(.constdata)
 <LI><a href="#[a2]">OP_shr_dword</a> from finsh_ops.o(.text) referenced from finsh_ops.o(.constdata)
 <LI><a href="#[a1]">OP_shr_word</a> from finsh_ops.o(.text) referenced from finsh_ops.o(.constdata)
 <LI><a href="#[a9]">OP_st_byte</a> from finsh_ops.o(.text) referenced from finsh_ops.o(.constdata)
 <LI><a href="#[ab]">OP_st_dword</a> from finsh_ops.o(.text) referenced from finsh_ops.o(.constdata)
 <LI><a href="#[aa]">OP_st_word</a> from finsh_ops.o(.text) referenced from finsh_ops.o(.constdata)
 <LI><a href="#[85]">OP_sub_byte</a> from finsh_ops.o(.text) referenced from finsh_ops.o(.constdata)
 <LI><a href="#[87]">OP_sub_dword</a> from finsh_ops.o(.text) referenced from finsh_ops.o(.constdata)
 <LI><a href="#[86]">OP_sub_word</a> from finsh_ops.o(.text) referenced from finsh_ops.o(.constdata)
 <LI><a href="#[97]">OP_xor_byte</a> from finsh_ops.o(.text) referenced from finsh_ops.o(.constdata)
 <LI><a href="#[99]">OP_xor_dword</a> from finsh_ops.o(.text) referenced from finsh_ops.o(.constdata)
 <LI><a href="#[98]">OP_xor_word</a> from finsh_ops.o(.text) referenced from finsh_ops.o(.constdata)
 <LI><a href="#[51]">OTT2001A_Scan</a> from ott2001a.o(.text) referenced from touch.o(.text)
 <LI><a href="#[e]">PVD_IRQHandler</a> from startup_stm32f103xe.o(.text) referenced from startup_stm32f103xe.o(RESET)
 <LI><a href="#[b]">PendSV_Handler</a> from context_rvds.o(.text) referenced from startup_stm32f103xe.o(RESET)
 <LI><a href="#[12]">RCC_IRQHandler</a> from startup_stm32f103xe.o(.text) referenced from startup_stm32f103xe.o(RESET)
 <LI><a href="#[36]">RTC_Alarm_IRQHandler</a> from startup_stm32f103xe.o(.text) referenced from startup_stm32f103xe.o(RESET)
 <LI><a href="#[10]">RTC_IRQHandler</a> from rtc.o(.text) referenced from startup_stm32f103xe.o(RESET)
 <LI><a href="#[bc]">RTC_Set_Uart</a> from rtc.o(.text) referenced from rtc.o(FSymTab)
 <LI><a href="#[3]">Reset_Handler</a> from startup_stm32f103xe.o(.text) referenced from startup_stm32f103xe.o(RESET)
 <LI><a href="#[3e]">SDIO_IRQHandler</a> from startup_stm32f103xe.o(.text) referenced from startup_stm32f103xe.o(RESET)
 <LI><a href="#[bb]">SET_PWM</a> from timer.o(.text) referenced from timer.o(FSymTab)
 <LI><a href="#[30]">SPI1_IRQHandler</a> from startup_stm32f103xe.o(.text) referenced from startup_stm32f103xe.o(RESET)
 <LI><a href="#[31]">SPI2_IRQHandler</a> from startup_stm32f103xe.o(.text) referenced from startup_stm32f103xe.o(RESET)
 <LI><a href="#[40]">SPI3_IRQHandler</a> from startup_stm32f103xe.o(.text) referenced from startup_stm32f103xe.o(RESET)
 <LI><a href="#[9]">SVC_Handler</a> from startup_stm32f103xe.o(.text) referenced from startup_stm32f103xe.o(RESET)
 <LI><a href="#[c]">SysTick_Handler</a> from board.o(.text) referenced from startup_stm32f103xe.o(RESET)
 <LI><a href="#[6e]">SystemInit</a> from system_stm32f1xx.o(.text) referenced from startup_stm32f103xe.o(.text)
 <LI><a href="#[f]">TAMPER_IRQHandler</a> from startup_stm32f103xe.o(.text) referenced from startup_stm32f103xe.o(RESET)
 <LI><a href="#[25]">TIM1_BRK_IRQHandler</a> from startup_stm32f103xe.o(.text) referenced from startup_stm32f103xe.o(RESET)
 <LI><a href="#[28]">TIM1_CC_IRQHandler</a> from startup_stm32f103xe.o(.text) referenced from startup_stm32f103xe.o(RESET)
 <LI><a href="#[27]">TIM1_TRG_COM_IRQHandler</a> from startup_stm32f103xe.o(.text) referenced from startup_stm32f103xe.o(RESET)
 <LI><a href="#[26]">TIM1_UP_IRQHandler</a> from startup_stm32f103xe.o(.text) referenced from startup_stm32f103xe.o(RESET)
 <LI><a href="#[29]">TIM2_IRQHandler</a> from startup_stm32f103xe.o(.text) referenced from startup_stm32f103xe.o(RESET)
 <LI><a href="#[2a]">TIM3_IRQHandler</a> from timer.o(.text) referenced from startup_stm32f103xe.o(RESET)
 <LI><a href="#[2b]">TIM4_IRQHandler</a> from startup_stm32f103xe.o(.text) referenced from startup_stm32f103xe.o(RESET)
 <LI><a href="#[3f]">TIM5_IRQHandler</a> from bsp_timer.o(.text) referenced from startup_stm32f103xe.o(RESET)
 <LI><a href="#[43]">TIM6_IRQHandler</a> from startup_stm32f103xe.o(.text) referenced from startup_stm32f103xe.o(RESET)
 <LI><a href="#[44]">TIM7_IRQHandler</a> from startup_stm32f103xe.o(.text) referenced from startup_stm32f103xe.o(RESET)
 <LI><a href="#[38]">TIM8_BRK_IRQHandler</a> from startup_stm32f103xe.o(.text) referenced from startup_stm32f103xe.o(RESET)
 <LI><a href="#[3b]">TIM8_CC_IRQHandler</a> from startup_stm32f103xe.o(.text) referenced from startup_stm32f103xe.o(RESET)
 <LI><a href="#[3a]">TIM8_TRG_COM_IRQHandler</a> from startup_stm32f103xe.o(.text) referenced from startup_stm32f103xe.o(RESET)
 <LI><a href="#[39]">TIM8_UP_IRQHandler</a> from startup_stm32f103xe.o(.text) referenced from startup_stm32f103xe.o(RESET)
 <LI><a href="#[5f]">TIMEx_DMACommutationCplt</a> from stm32f1xx_hal_tim_ex.o(.text) referenced 2 times from stm32f1xx_hal_tim.o(.text)
 <LI><a href="#[61]">TIM_DMACaptureCplt</a> from stm32f1xx_hal_tim.o(.text) referenced 10 times from stm32f1xx_hal_tim.o(.text)
 <LI><a href="#[5e]">TIM_DMADelayPulseCplt</a> from stm32f1xx_hal_tim.o(.text) referenced 11 times from stm32f1xx_hal_tim.o(.text)
 <LI><a href="#[5d]">TIM_DMAError</a> from stm32f1xx_hal_tim.o(.text) referenced 17 times from stm32f1xx_hal_tim.o(.text)
 <LI><a href="#[5c]">TIM_DMAPeriodElapsedCplt</a> from stm32f1xx_hal_tim.o(.text) referenced 2 times from stm32f1xx_hal_tim.o(.text)
 <LI><a href="#[60]">TIM_DMATriggerCplt</a> from stm32f1xx_hal_tim.o(.text) referenced from stm32f1xx_hal_tim.o(.text)
 <LI><a href="#[2]">TP_Adjust</a> from touch.o(.text) referenced 2 times from touch.o(.data)
 <LI><a href="#[0]">TP_Init</a> from touch.o(.text) referenced 2 times from touch.o(.data)
 <LI><a href="#[1]">TP_Scan</a> from touch.o(.text) referenced 2 times from touch.o(.data)
 <LI><a href="#[41]">UART4_IRQHandler</a> from startup_stm32f103xe.o(.text) referenced from startup_stm32f103xe.o(RESET)
 <LI><a href="#[42]">UART5_IRQHandler</a> from startup_stm32f103xe.o(.text) referenced from startup_stm32f103xe.o(RESET)
 <LI><a href="#[6b]">UART_DMAAbortOnError</a> from stm32f1xx_hal_uart.o(.text) referenced from stm32f1xx_hal_uart.o(.text)
 <LI><a href="#[64]">UART_DMAError</a> from stm32f1xx_hal_uart.o(.text) referenced from stm32f1xx_hal_uart.o(.text)
 <LI><a href="#[65]">UART_DMAReceiveCplt</a> from stm32f1xx_hal_uart.o(.text) referenced from stm32f1xx_hal_uart.o(.text)
 <LI><a href="#[68]">UART_DMARxAbortCallback</a> from stm32f1xx_hal_uart.o(.text) referenced from stm32f1xx_hal_uart.o(.text)
 <LI><a href="#[66]">UART_DMARxHalfCplt</a> from stm32f1xx_hal_uart.o(.text) referenced from stm32f1xx_hal_uart.o(.text)
 <LI><a href="#[6a]">UART_DMARxOnlyAbortCallback</a> from stm32f1xx_hal_uart.o(.text) referenced from stm32f1xx_hal_uart.o(.text)
 <LI><a href="#[62]">UART_DMATransmitCplt</a> from stm32f1xx_hal_uart.o(.text) referenced from stm32f1xx_hal_uart.o(.text)
 <LI><a href="#[67]">UART_DMATxAbortCallback</a> from stm32f1xx_hal_uart.o(.text) referenced from stm32f1xx_hal_uart.o(.text)
 <LI><a href="#[63]">UART_DMATxHalfCplt</a> from stm32f1xx_hal_uart.o(.text) referenced from stm32f1xx_hal_uart.o(.text)
 <LI><a href="#[69]">UART_DMATxOnlyAbortCallback</a> from stm32f1xx_hal_uart.o(.text) referenced from stm32f1xx_hal_uart.o(.text)
 <LI><a href="#[32]">USART1_IRQHandler</a> from drv_usart.o(.text) referenced from startup_stm32f103xe.o(RESET)
 <LI><a href="#[33]">USART2_IRQHandler</a> from usart.o(.text) referenced from startup_stm32f103xe.o(RESET)
 <LI><a href="#[34]">USART3_IRQHandler</a> from startup_stm32f103xe.o(.text) referenced from startup_stm32f103xe.o(RESET)
 <LI><a href="#[37]">USBWakeUp_IRQHandler</a> from startup_stm32f103xe.o(.text) referenced from startup_stm32f103xe.o(RESET)
 <LI><a href="#[20]">USB_HP_CAN1_TX_IRQHandler</a> from startup_stm32f103xe.o(.text) referenced from startup_stm32f103xe.o(RESET)
 <LI><a href="#[21]">USB_LP_CAN1_RX0_IRQHandler</a> from startup_stm32f103xe.o(.text) referenced from startup_stm32f103xe.o(RESET)
 <LI><a href="#[8]">UsageFault_Handler</a> from stm32f1xx_it.o(.text) referenced from startup_stm32f103xe.o(RESET)
 <LI><a href="#[d]">WWDG_IRQHandler</a> from startup_stm32f103xe.o(.text) referenced from startup_stm32f103xe.o(RESET)
 <LI><a href="#[6f]">__main</a> from entry.o(.ARM.Collect$$$$00000000) referenced from startup_stm32f103xe.o(.text)
 <LI><a href="#[55]">_pin_control</a> from pin.o(.text) referenced from pin.o(.text)
 <LI><a href="#[53]">_pin_read</a> from pin.o(.text) referenced from pin.o(.text)
 <LI><a href="#[54]">_pin_write</a> from pin.o(.text) referenced from pin.o(.text)
 <LI><a href="#[72]">_signal_default_handler</a> from signal.o(.text) referenced from signal.o(.text)
 <LI><a href="#[71]">_signal_entry</a> from signal.o(.text) referenced from signal.o(.text)
 <LI><a href="#[76]">_sputc</a> from printfa.o(i._sputc) referenced from printfa.o(i.__0sprintf)
 <LI><a href="#[d6]">cmd_free</a> from msh_cmd.o(.text) referenced from msh_cmd.o(FSymTab)
 <LI><a href="#[d2]">cmd_ifconfig</a> from msh_cmd.o(.text) referenced from msh_cmd.o(FSymTab)
 <LI><a href="#[d3]">cmd_netstat</a> from msh_cmd.o(.text) referenced from msh_cmd.o(FSymTab)
 <LI><a href="#[d4]">cmd_ps</a> from msh_cmd.o(.text) referenced from msh_cmd.o(FSymTab)
 <LI><a href="#[d5]">cmd_time</a> from msh_cmd.o(.text) referenced from msh_cmd.o(FSymTab)
 <LI><a href="#[f2]">delete_timeout2</a> from main.o(.text) referenced from main.o(.text)
 <LI><a href="#[4b]">door_open_thread</a> from main.o(.text) referenced from main.o(.text)
 <LI><a href="#[4f]">err_del_thread</a> from main.o(.text) referenced from main.o(.text)
 <LI><a href="#[4d]">err_psd_thread</a> from main.o(.text) referenced from main.o(.text)
 <LI><a href="#[4e]">err_reg_thread</a> from main.o(.text) referenced from main.o(.text)
 <LI><a href="#[74]">finsh_rx_ind</a> from shell.o(.text) referenced from shell.o(.text)
 <LI><a href="#[b7]">finsh_system_init</a> from shell.o(.text) referenced from shell.o(.rti_fn.6)
 <LI><a href="#[376]">finsh_thread_entry</a> from shell.o(.text) referenced from shell.o(.text)
 <LI><a href="#[75]">fputc</a> from stubs.o(.text) referenced from printfa.o(i.__0printf)
 <LI><a href="#[c2]">hello</a> from cmd.o(.text) referenced from cmd.o(FSymTab)
 <LI><a href="#[b6]">libc_system_init</a> from libc.o(.text) referenced from libc.o(.rti_fn.4)
 <LI><a href="#[ce]">list</a> from cmd.o(.text) referenced from cmd.o(FSymTab)
 <LI><a href="#[cd]">list_device</a> from cmd.o(.text) referenced 2 times from cmd.o(FSymTab)
 <LI><a href="#[c6]">list_event</a> from cmd.o(.text) referenced 2 times from cmd.o(FSymTab)
 <LI><a href="#[c8]">list_mailbox</a> from cmd.o(.text) referenced 2 times from cmd.o(FSymTab)
 <LI><a href="#[c1]">list_mem</a> from mem.o(.text) referenced from mem.o(FSymTab)
 <LI><a href="#[ca]">list_memheap</a> from cmd.o(.text) referenced 2 times from cmd.o(FSymTab)
 <LI><a href="#[cb]">list_mempool</a> from cmd.o(.text) referenced 2 times from cmd.o(FSymTab)
 <LI><a href="#[c9]">list_msgqueue</a> from cmd.o(.text) referenced 2 times from cmd.o(FSymTab)
 <LI><a href="#[c7]">list_mutex</a> from cmd.o(.text) referenced 2 times from cmd.o(FSymTab)
 <LI><a href="#[c5]">list_sem</a> from cmd.o(.text) referenced 2 times from cmd.o(FSymTab)
 <LI><a href="#[c4]">list_thread</a> from cmd.o(.text) referenced 2 times from cmd.o(FSymTab)
 <LI><a href="#[cc]">list_timer</a> from cmd.o(.text) referenced 2 times from cmd.o(FSymTab)
 <LI><a href="#[49]">main</a> from components.o(.text) referenced from entry9a.o(.ARM.Collect$$$$0000000B)
 <LI><a href="#[2b8]">main_thread_entry</a> from components.o(.text) referenced from components.o(.text)
 <LI><a href="#[4a]">match_thread</a> from main.o(.text) referenced from main.o(.text)
 <LI><a href="#[d0]">msh_enter</a> from msh.o(.text) referenced from msh.o(FSymTab)
 <LI><a href="#[cf]">msh_exit</a> from msh.o(.text) referenced from msh.o(FSymTab)
 <LI><a href="#[d1]">msh_help</a> from msh.o(.text) referenced from msh.o(FSymTab)
 <LI><a href="#[f3]">psd_timeout3</a> from main.o(.text) referenced from main.o(.text)
 <LI><a href="#[ee]">register_timeout1</a> from main.o(.text) referenced from main.o(.text)
 <LI><a href="#[b4]">rt_hw_pin_init</a> from drv_gpio.o(.text) referenced from drv_gpio.o(.rti_fn.1)
 <LI><a href="#[b3]">rt_hw_usart_init</a> from drv_usart.o(.text) referenced from drv_usart.o(.rti_fn.1)
 <LI><a href="#[be]">rt_pin_mode</a> from pin.o(.text) referenced from pin.o(FSymTab)
 <LI><a href="#[c0]">rt_pin_read</a> from pin.o(.text) referenced from pin.o(FSymTab)
 <LI><a href="#[bf]">rt_pin_write</a> from pin.o(.text) referenced from pin.o(FSymTab)
 <LI><a href="#[58]">rt_serial_close</a> from serial.o(.text) referenced from serial.o(.text)
 <LI><a href="#[5b]">rt_serial_control</a> from serial.o(.text) referenced from serial.o(.text)
 <LI><a href="#[56]">rt_serial_init</a> from serial.o(.text) referenced from serial.o(.text)
 <LI><a href="#[57]">rt_serial_open</a> from serial.o(.text) referenced from serial.o(.text)
 <LI><a href="#[59]">rt_serial_read</a> from serial.o(.text) referenced from serial.o(.text)
 <LI><a href="#[5a]">rt_serial_write</a> from serial.o(.text) referenced from serial.o(.text)
 <LI><a href="#[33b]">rt_thread_exit</a> from thread.o(.text) referenced from thread.o(.text)
 <LI><a href="#[70]">rt_thread_idle_entry</a> from idle.o(.text) referenced from idle.o(.text)
 <LI><a href="#[33e]">rt_thread_timeout</a> from thread.o(.text) referenced from thread.o(.text)
 <LI><a href="#[73]">rt_thread_timer_entry</a> from timer_1.o(.text) referenced from timer_1.o(.text)
 <LI><a href="#[b5]">rti_board_end</a> from components.o(.text) referenced from components.o(.rti_fn.1.end)
 <LI><a href="#[b2]">rti_board_start</a> from components.o(.text) referenced from components.o(.rti_fn.0.end)
 <LI><a href="#[b8]">rti_end</a> from components.o(.text) referenced from components.o(.rti_fn.6.end)
 <LI><a href="#[b1]">rti_start</a> from components.o(.text) referenced from components.o(.rti_fn.0)
 <LI><a href="#[77]">stm32_configure</a> from drv_usart.o(.text) referenced from drv_usart.o(.constdata)
 <LI><a href="#[78]">stm32_control</a> from drv_usart.o(.text) referenced from drv_usart.o(.constdata)
 <LI><a href="#[7a]">stm32_getc</a> from drv_usart.o(.text) referenced from drv_usart.o(.constdata)
 <LI><a href="#[7e]">stm32_pin_attach_irq</a> from drv_gpio.o(.text) referenced from drv_gpio.o(.constdata)
 <LI><a href="#[7f]">stm32_pin_detach_irq</a> from drv_gpio.o(.text) referenced from drv_gpio.o(.constdata)
 <LI><a href="#[80]">stm32_pin_irq_enable</a> from drv_gpio.o(.text) referenced from drv_gpio.o(.constdata)
 <LI><a href="#[7b]">stm32_pin_mode</a> from drv_gpio.o(.text) referenced from drv_gpio.o(.constdata)
 <LI><a href="#[7d]">stm32_pin_read</a> from drv_gpio.o(.text) referenced from drv_gpio.o(.constdata)
 <LI><a href="#[7c]">stm32_pin_write</a> from drv_gpio.o(.text) referenced from drv_gpio.o(.constdata)
 <LI><a href="#[79]">stm32_putc</a> from drv_usart.o(.text) referenced from drv_usart.o(.constdata)
 <LI><a href="#[4c]">touch_thread</a> from main.o(.text) referenced from main.o(.text)
 <LI><a href="#[c3]">version</a> from cmd.o(.text) referenced 2 times from cmd.o(FSymTab)
</UL>
<P>
<H3>
Global Symbols
</H3>
<P><STRONG><a name="[6f]"></a>__main</STRONG> (Thumb, 0 bytes, Stack size unknown bytes, entry.o(.ARM.Collect$$$$00000000))
<BR>[Address Reference Count : 1]<UL><LI> startup_stm32f103xe.o(.text)
</UL>
<P><STRONG><a name="[3f4]"></a>_main_stk</STRONG> (Thumb, 0 bytes, Stack size unknown bytes, entry2.o(.ARM.Collect$$$$00000001))

<P><STRONG><a name="[d7]"></a>_main_scatterload</STRONG> (Thumb, 0 bytes, Stack size unknown bytes, entry5.o(.ARM.Collect$$$$00000004))
<BR><BR>[Calls]<UL><LI><a href="#[d8]">&gt;&gt;</a>&nbsp;&nbsp;&nbsp;__scatterload
</UL>

<P><STRONG><a name="[3ea]"></a>__main_after_scatterload</STRONG> (Thumb, 0 bytes, Stack size unknown bytes, entry5.o(.ARM.Collect$$$$00000004))
<BR><BR>[Called By]<UL><LI><a href="#[d8]">&gt;&gt;</a>&nbsp;&nbsp;&nbsp;__scatterload
</UL>

<P><STRONG><a name="[3f5]"></a>_main_clock</STRONG> (Thumb, 0 bytes, Stack size unknown bytes, entry7b.o(.ARM.Collect$$$$00000008))

<P><STRONG><a name="[3f6]"></a>_main_cpp_init</STRONG> (Thumb, 0 bytes, Stack size unknown bytes, entry8b.o(.ARM.Collect$$$$0000000A))

<P><STRONG><a name="[3f7]"></a>_main_init</STRONG> (Thumb, 0 bytes, Stack size unknown bytes, entry9a.o(.ARM.Collect$$$$0000000B))

<P><STRONG><a name="[3f8]"></a>__rt_final_cpp</STRONG> (Thumb, 0 bytes, Stack size unknown bytes, entry10a.o(.ARM.Collect$$$$0000000D))

<P><STRONG><a name="[3f9]"></a>__rt_final_exit</STRONG> (Thumb, 0 bytes, Stack size unknown bytes, entry11a.o(.ARM.Collect$$$$0000000F))

<P><STRONG><a name="[ee]"></a>register_timeout1</STRONG> (Thumb, 8 bytes, Stack size 0 bytes, main.o(.text))
<BR>[Address Reference Count : 1]<UL><LI> main.o(.text)
</UL>
<P><STRONG><a name="[f2]"></a>delete_timeout2</STRONG> (Thumb, 8 bytes, Stack size 0 bytes, main.o(.text))
<BR>[Address Reference Count : 1]<UL><LI> main.o(.text)
</UL>
<P><STRONG><a name="[f3]"></a>psd_timeout3</STRONG> (Thumb, 8 bytes, Stack size 0 bytes, main.o(.text))
<BR>[Address Reference Count : 1]<UL><LI> main.o(.text)
</UL>
<P><STRONG><a name="[d9]"></a>down_count</STRONG> (Thumb, 140 bytes, Stack size 24 bytes, main.o(.text))
<BR><BR>[Stack]<UL><LI>Max Depth = 404<LI>Call Chain = down_count &rArr; rt_thread_mdelay &rArr; rt_thread_sleep &rArr; rt_timer_start &rArr; rt_schedule &rArr; rt_thread_handle_sig &rArr; rt_mp_free &rArr;  rt_schedule (Cycle)
</UL>
<BR>[Calls]<UL><LI><a href="#[db]">&gt;&gt;</a>&nbsp;&nbsp;&nbsp;rt_thread_mdelay
<LI><a href="#[dc]">&gt;&gt;</a>&nbsp;&nbsp;&nbsp;LCD_ShowString
<LI><a href="#[da]">&gt;&gt;</a>&nbsp;&nbsp;&nbsp;LCD_Clear
</UL>
<BR>[Called By]<UL><LI><a href="#[4c]">&gt;&gt;</a>&nbsp;&nbsp;&nbsp;touch_thread
</UL>

<P><STRONG><a name="[ef]"></a>Door_Security_Demo</STRONG> (Thumb, 1130 bytes, Stack size 24 bytes, main.o(.text))
<BR><BR>[Stack]<UL><LI>Max Depth = 500<LI>Call Chain = Door_Security_Demo &rArr; rt_timer_create &rArr; rt_object_allocate &rArr; rt_malloc &rArr; rt_sem_take &rArr; rt_timer_start &rArr; rt_schedule &rArr; rt_thread_handle_sig &rArr; rt_mp_free &rArr;  rt_schedule (Cycle)
</UL>
<BR>[Calls]<UL><LI><a href="#[f0]">&gt;&gt;</a>&nbsp;&nbsp;&nbsp;rt_timer_create
<LI><a href="#[f6]">&gt;&gt;</a>&nbsp;&nbsp;&nbsp;rt_thread_startup
<LI><a href="#[f5]">&gt;&gt;</a>&nbsp;&nbsp;&nbsp;rt_thread_init
<LI><a href="#[f4]">&gt;&gt;</a>&nbsp;&nbsp;&nbsp;rt_sem_create
<LI><a href="#[f1]">&gt;&gt;</a>&nbsp;&nbsp;&nbsp;rt_kprintf
</UL>
<BR>[Called By]<UL><LI><a href="#[f7]">&gt;&gt;</a>&nbsp;&nbsp;&nbsp;$Super$$main
</UL>

<P><STRONG><a name="[f7]"></a>$Super$$main</STRONG> (Thumb, 14 bytes, Stack size 8 bytes, main.o(.text))
<BR><BR>[Stack]<UL><LI>Max Depth = 508<LI>Call Chain = $Super$$main &rArr; Door_Security_Demo &rArr; rt_timer_create &rArr; rt_object_allocate &rArr; rt_malloc &rArr; rt_sem_take &rArr; rt_timer_start &rArr; rt_schedule &rArr; rt_thread_handle_sig &rArr; rt_mp_free &rArr;  rt_schedule (Cycle)
</UL>
<BR>[Calls]<UL><LI><a href="#[f8]">&gt;&gt;</a>&nbsp;&nbsp;&nbsp;psw_check
<LI><a href="#[ef]">&gt;&gt;</a>&nbsp;&nbsp;&nbsp;Door_Security_Demo
</UL>
<BR>[Called By]<UL><LI><a href="#[2b8]">&gt;&gt;</a>&nbsp;&nbsp;&nbsp;main_thread_entry
</UL>

<P><STRONG><a name="[f9]"></a>AT24CXX_WriteOneByte</STRONG> (Thumb, 80 bytes, Stack size 16 bytes, 24cxx.o(.text))
<BR><BR>[Stack]<UL><LI>Max Depth = 32<LI>Call Chain = AT24CXX_WriteOneByte &rArr; IIC_Wait_Ack &rArr; IIC_Stop
</UL>
<BR>[Calls]<UL><LI><a href="#[fc]">&gt;&gt;</a>&nbsp;&nbsp;&nbsp;IIC_Wait_Ack
<LI><a href="#[fd]">&gt;&gt;</a>&nbsp;&nbsp;&nbsp;IIC_Stop
<LI><a href="#[fa]">&gt;&gt;</a>&nbsp;&nbsp;&nbsp;IIC_Start
<LI><a href="#[fb]">&gt;&gt;</a>&nbsp;&nbsp;&nbsp;IIC_Send_Byte
<LI><a href="#[fe]">&gt;&gt;</a>&nbsp;&nbsp;&nbsp;Delay_ms
</UL>
<BR>[Called By]<UL><LI><a href="#[107]">&gt;&gt;</a>&nbsp;&nbsp;&nbsp;AT24CXX_Write
<LI><a href="#[105]">&gt;&gt;</a>&nbsp;&nbsp;&nbsp;AT24CXX_Check
<LI><a href="#[103]">&gt;&gt;</a>&nbsp;&nbsp;&nbsp;AT24CXX_WriteLenByte
<LI><a href="#[101]">&gt;&gt;</a>&nbsp;&nbsp;&nbsp;AT24CXX_Init
<LI><a href="#[f8]">&gt;&gt;</a>&nbsp;&nbsp;&nbsp;psw_check
<LI><a href="#[ed]">&gt;&gt;</a>&nbsp;&nbsp;&nbsp;password_setting
<LI><a href="#[17f]">&gt;&gt;</a>&nbsp;&nbsp;&nbsp;TP_Save_Adjdata
<LI><a href="#[b9]">&gt;&gt;</a>&nbsp;&nbsp;&nbsp;DEL_ALL_TAG
<LI><a href="#[172]">&gt;&gt;</a>&nbsp;&nbsp;&nbsp;delete_registered_tag
<LI><a href="#[171]">&gt;&gt;</a>&nbsp;&nbsp;&nbsp;regist_tag
</UL>

<P><STRONG><a name="[ff]"></a>AT24CXX_ReadOneByte</STRONG> (Thumb, 88 bytes, Stack size 16 bytes, 24cxx.o(.text))
<BR><BR>[Stack]<UL><LI>Max Depth = 40<LI>Call Chain = AT24CXX_ReadOneByte &rArr; IIC_Read_Byte &rArr; IIC_NAck
</UL>
<BR>[Calls]<UL><LI><a href="#[fc]">&gt;&gt;</a>&nbsp;&nbsp;&nbsp;IIC_Wait_Ack
<LI><a href="#[fd]">&gt;&gt;</a>&nbsp;&nbsp;&nbsp;IIC_Stop
<LI><a href="#[fa]">&gt;&gt;</a>&nbsp;&nbsp;&nbsp;IIC_Start
<LI><a href="#[fb]">&gt;&gt;</a>&nbsp;&nbsp;&nbsp;IIC_Send_Byte
<LI><a href="#[100]">&gt;&gt;</a>&nbsp;&nbsp;&nbsp;IIC_Read_Byte
</UL>
<BR>[Called By]<UL><LI><a href="#[106]">&gt;&gt;</a>&nbsp;&nbsp;&nbsp;AT24CXX_Read
<LI><a href="#[105]">&gt;&gt;</a>&nbsp;&nbsp;&nbsp;AT24CXX_Check
<LI><a href="#[104]">&gt;&gt;</a>&nbsp;&nbsp;&nbsp;AT24CXX_ReadLenByte
<LI><a href="#[101]">&gt;&gt;</a>&nbsp;&nbsp;&nbsp;AT24CXX_Init
<LI><a href="#[e3]">&gt;&gt;</a>&nbsp;&nbsp;&nbsp;tag_match
<LI><a href="#[f8]">&gt;&gt;</a>&nbsp;&nbsp;&nbsp;psw_check
<LI><a href="#[e7]">&gt;&gt;</a>&nbsp;&nbsp;&nbsp;Match_psw
<LI><a href="#[bd]">&gt;&gt;</a>&nbsp;&nbsp;&nbsp;Get_User_Psd
<LI><a href="#[180]">&gt;&gt;</a>&nbsp;&nbsp;&nbsp;TP_Get_Adjdata
<LI><a href="#[ba]">&gt;&gt;</a>&nbsp;&nbsp;&nbsp;LIST_ALL_TAGS
<LI><a href="#[b9]">&gt;&gt;</a>&nbsp;&nbsp;&nbsp;DEL_ALL_TAG
<LI><a href="#[172]">&gt;&gt;</a>&nbsp;&nbsp;&nbsp;delete_registered_tag
<LI><a href="#[171]">&gt;&gt;</a>&nbsp;&nbsp;&nbsp;regist_tag
</UL>

<P><STRONG><a name="[101]"></a>AT24CXX_Init</STRONG> (Thumb, 32 bytes, Stack size 8 bytes, 24cxx.o(.text))
<BR><BR>[Stack]<UL><LI>Max Depth = 68<LI>Call Chain = AT24CXX_Init &rArr; IIC_Init &rArr; HAL_GPIO_Init
</UL>
<BR>[Calls]<UL><LI><a href="#[102]">&gt;&gt;</a>&nbsp;&nbsp;&nbsp;IIC_Init
<LI><a href="#[ff]">&gt;&gt;</a>&nbsp;&nbsp;&nbsp;AT24CXX_ReadOneByte
<LI><a href="#[f9]">&gt;&gt;</a>&nbsp;&nbsp;&nbsp;AT24CXX_WriteOneByte
</UL>
<BR>[Called By]<UL><LI><a href="#[0]">&gt;&gt;</a>&nbsp;&nbsp;&nbsp;TP_Init
<LI><a href="#[1c7]">&gt;&gt;</a>&nbsp;&nbsp;&nbsp;rt_hw_board_init
</UL>

<P><STRONG><a name="[103]"></a>AT24CXX_WriteLenByte</STRONG> (Thumb, 42 bytes, Stack size 24 bytes, 24cxx.o(.text), UNUSED)
<BR><BR>[Calls]<UL><LI><a href="#[f9]">&gt;&gt;</a>&nbsp;&nbsp;&nbsp;AT24CXX_WriteOneByte
</UL>

<P><STRONG><a name="[104]"></a>AT24CXX_ReadLenByte</STRONG> (Thumb, 44 bytes, Stack size 24 bytes, 24cxx.o(.text), UNUSED)
<BR><BR>[Calls]<UL><LI><a href="#[ff]">&gt;&gt;</a>&nbsp;&nbsp;&nbsp;AT24CXX_ReadOneByte
</UL>

<P><STRONG><a name="[105]"></a>AT24CXX_Check</STRONG> (Thumb, 46 bytes, Stack size 8 bytes, 24cxx.o(.text), UNUSED)
<BR><BR>[Calls]<UL><LI><a href="#[ff]">&gt;&gt;</a>&nbsp;&nbsp;&nbsp;AT24CXX_ReadOneByte
<LI><a href="#[f9]">&gt;&gt;</a>&nbsp;&nbsp;&nbsp;AT24CXX_WriteOneByte
</UL>

<P><STRONG><a name="[106]"></a>AT24CXX_Read</STRONG> (Thumb, 34 bytes, Stack size 16 bytes, 24cxx.o(.text))
<BR><BR>[Stack]<UL><LI>Max Depth = 56<LI>Call Chain = AT24CXX_Read &rArr; AT24CXX_ReadOneByte &rArr; IIC_Read_Byte &rArr; IIC_NAck
</UL>
<BR>[Calls]<UL><LI><a href="#[ff]">&gt;&gt;</a>&nbsp;&nbsp;&nbsp;AT24CXX_ReadOneByte
</UL>
<BR>[Called By]<UL><LI><a href="#[180]">&gt;&gt;</a>&nbsp;&nbsp;&nbsp;TP_Get_Adjdata
</UL>

<P><STRONG><a name="[107]"></a>AT24CXX_Write</STRONG> (Thumb, 36 bytes, Stack size 16 bytes, 24cxx.o(.text))
<BR><BR>[Stack]<UL><LI>Max Depth = 48<LI>Call Chain = AT24CXX_Write &rArr; AT24CXX_WriteOneByte &rArr; IIC_Wait_Ack &rArr; IIC_Stop
</UL>
<BR>[Calls]<UL><LI><a href="#[f9]">&gt;&gt;</a>&nbsp;&nbsp;&nbsp;AT24CXX_WriteOneByte
</UL>
<BR>[Called By]<UL><LI><a href="#[17f]">&gt;&gt;</a>&nbsp;&nbsp;&nbsp;TP_Save_Adjdata
</UL>

<P><STRONG><a name="[108]"></a>BEEP_Init</STRONG> (Thumb, 90 bytes, Stack size 24 bytes, beep.o(.text))
<BR><BR>[Stack]<UL><LI>Max Depth = 60<LI>Call Chain = BEEP_Init &rArr; HAL_GPIO_Init
</UL>
<BR>[Calls]<UL><LI><a href="#[10a]">&gt;&gt;</a>&nbsp;&nbsp;&nbsp;HAL_GPIO_WritePin
<LI><a href="#[109]">&gt;&gt;</a>&nbsp;&nbsp;&nbsp;HAL_GPIO_Init
<LI><a href="#[fe]">&gt;&gt;</a>&nbsp;&nbsp;&nbsp;Delay_ms
</UL>
<BR>[Called By]<UL><LI><a href="#[1c7]">&gt;&gt;</a>&nbsp;&nbsp;&nbsp;rt_hw_board_init
</UL>

<P><STRONG><a name="[10b]"></a>beep_warning</STRONG> (Thumb, 58 bytes, Stack size 8 bytes, beep.o(.text), UNUSED)
<BR><BR>[Calls]<UL><LI><a href="#[10c]">&gt;&gt;</a>&nbsp;&nbsp;&nbsp;rt_thread_delay
</UL>

<P><STRONG><a name="[e5]"></a>beeponce</STRONG> (Thumb, 32 bytes, Stack size 8 bytes, beep.o(.text))
<BR><BR>[Stack]<UL><LI>Max Depth = 388<LI>Call Chain = beeponce &rArr; rt_thread_mdelay &rArr; rt_thread_sleep &rArr; rt_timer_start &rArr; rt_schedule &rArr; rt_thread_handle_sig &rArr; rt_mp_free &rArr;  rt_schedule (Cycle)
</UL>
<BR>[Calls]<UL><LI><a href="#[db]">&gt;&gt;</a>&nbsp;&nbsp;&nbsp;rt_thread_mdelay
</UL>
<BR>[Called By]<UL><LI><a href="#[e8]">&gt;&gt;</a>&nbsp;&nbsp;&nbsp;Register_New_Tag
<LI><a href="#[ec]">&gt;&gt;</a>&nbsp;&nbsp;&nbsp;Delete_registered_Tag
<LI><a href="#[4c]">&gt;&gt;</a>&nbsp;&nbsp;&nbsp;touch_thread
<LI><a href="#[4a]">&gt;&gt;</a>&nbsp;&nbsp;&nbsp;match_thread
<LI><a href="#[1ab]">&gt;&gt;</a>&nbsp;&nbsp;&nbsp;Get_Touch_KeyValue
</UL>

<P><STRONG><a name="[10d]"></a>LED_Init</STRONG> (Thumb, 218 bytes, Stack size 24 bytes, bsp_led.o(.text))
<BR><BR>[Stack]<UL><LI>Max Depth = 60<LI>Call Chain = LED_Init &rArr; HAL_GPIO_Init
</UL>
<BR>[Calls]<UL><LI><a href="#[10a]">&gt;&gt;</a>&nbsp;&nbsp;&nbsp;HAL_GPIO_WritePin
<LI><a href="#[109]">&gt;&gt;</a>&nbsp;&nbsp;&nbsp;HAL_GPIO_Init
<LI><a href="#[fe]">&gt;&gt;</a>&nbsp;&nbsp;&nbsp;Delay_ms
</UL>
<BR>[Called By]<UL><LI><a href="#[1c7]">&gt;&gt;</a>&nbsp;&nbsp;&nbsp;rt_hw_board_init
</UL>

<P><STRONG><a name="[10e]"></a>Led_Demo</STRONG> (Thumb, 42 bytes, Stack size 8 bytes, bsp_led.o(.text), UNUSED)
<BR><BR>[Calls]<UL><LI><a href="#[10c]">&gt;&gt;</a>&nbsp;&nbsp;&nbsp;rt_thread_delay
</UL>

<P><STRONG><a name="[3fa]"></a>LED_Flash</STRONG> (Thumb, 58 bytes, Stack size 0 bytes, bsp_led.o(.text), UNUSED)

<P><STRONG><a name="[10f]"></a>Light_Control</STRONG> (Thumb, 296 bytes, Stack size 16 bytes, bsp_led.o(.text), UNUSED)
<BR><BR>[Calls]<UL><LI><a href="#[111]">&gt;&gt;</a>&nbsp;&nbsp;&nbsp;rt_exit_critical
<LI><a href="#[110]">&gt;&gt;</a>&nbsp;&nbsp;&nbsp;rt_enter_critical
<LI><a href="#[dc]">&gt;&gt;</a>&nbsp;&nbsp;&nbsp;LCD_ShowString
</UL>

<P><STRONG><a name="[112]"></a>LED_Blink</STRONG> (Thumb, 24 bytes, Stack size 8 bytes, bsp_led.o(.text))
<BR><BR>[Stack]<UL><LI>Max Depth = 388<LI>Call Chain = LED_Blink &rArr; rt_thread_mdelay &rArr; rt_thread_sleep &rArr; rt_timer_start &rArr; rt_schedule &rArr; rt_thread_handle_sig &rArr; rt_mp_free &rArr;  rt_schedule (Cycle)
</UL>
<BR>[Calls]<UL><LI><a href="#[db]">&gt;&gt;</a>&nbsp;&nbsp;&nbsp;rt_thread_mdelay
</UL>
<BR>[Called By]<UL><LI><a href="#[e8]">&gt;&gt;</a>&nbsp;&nbsp;&nbsp;Register_New_Tag
<LI><a href="#[e2]">&gt;&gt;</a>&nbsp;&nbsp;&nbsp;Read_ID
<LI><a href="#[ec]">&gt;&gt;</a>&nbsp;&nbsp;&nbsp;Delete_registered_Tag
</UL>

<P><STRONG><a name="[113]"></a>CT_Delay</STRONG> (Thumb, 10 bytes, Stack size 8 bytes, ctiic.o(.text))
<BR><BR>[Stack]<UL><LI>Max Depth = 8<LI>Call Chain = CT_Delay
</UL>
<BR>[Calls]<UL><LI><a href="#[114]">&gt;&gt;</a>&nbsp;&nbsp;&nbsp;delay_us
</UL>
<BR>[Called By]<UL><LI><a href="#[11c]">&gt;&gt;</a>&nbsp;&nbsp;&nbsp;CT_IIC_Read_Byte
<LI><a href="#[11b]">&gt;&gt;</a>&nbsp;&nbsp;&nbsp;CT_IIC_Send_Byte
<LI><a href="#[11a]">&gt;&gt;</a>&nbsp;&nbsp;&nbsp;CT_IIC_NAck
<LI><a href="#[119]">&gt;&gt;</a>&nbsp;&nbsp;&nbsp;CT_IIC_Ack
<LI><a href="#[118]">&gt;&gt;</a>&nbsp;&nbsp;&nbsp;CT_IIC_Wait_Ack
<LI><a href="#[117]">&gt;&gt;</a>&nbsp;&nbsp;&nbsp;CT_IIC_Stop
<LI><a href="#[116]">&gt;&gt;</a>&nbsp;&nbsp;&nbsp;CT_IIC_Start
</UL>

<P><STRONG><a name="[115]"></a>CT_IIC_Init</STRONG> (Thumb, 110 bytes, Stack size 24 bytes, ctiic.o(.text))
<BR><BR>[Stack]<UL><LI>Max Depth = 60<LI>Call Chain = CT_IIC_Init &rArr; HAL_GPIO_Init
</UL>
<BR>[Calls]<UL><LI><a href="#[109]">&gt;&gt;</a>&nbsp;&nbsp;&nbsp;HAL_GPIO_Init
</UL>
<BR>[Called By]<UL><LI><a href="#[128]">&gt;&gt;</a>&nbsp;&nbsp;&nbsp;GT9147_Init
<LI><a href="#[122]">&gt;&gt;</a>&nbsp;&nbsp;&nbsp;FT5206_Init
<LI><a href="#[154]">&gt;&gt;</a>&nbsp;&nbsp;&nbsp;OTT2001A_Init
</UL>

<P><STRONG><a name="[116]"></a>CT_IIC_Start</STRONG> (Thumb, 66 bytes, Stack size 8 bytes, ctiic.o(.text))
<BR><BR>[Stack]<UL><LI>Max Depth = 16<LI>Call Chain = CT_IIC_Start &rArr; CT_Delay
</UL>
<BR>[Calls]<UL><LI><a href="#[114]">&gt;&gt;</a>&nbsp;&nbsp;&nbsp;delay_us
<LI><a href="#[113]">&gt;&gt;</a>&nbsp;&nbsp;&nbsp;CT_Delay
</UL>
<BR>[Called By]<UL><LI><a href="#[127]">&gt;&gt;</a>&nbsp;&nbsp;&nbsp;GT9147_RD_Reg
<LI><a href="#[125]">&gt;&gt;</a>&nbsp;&nbsp;&nbsp;GT9147_WR_Reg
<LI><a href="#[121]">&gt;&gt;</a>&nbsp;&nbsp;&nbsp;FT5206_RD_Reg
<LI><a href="#[120]">&gt;&gt;</a>&nbsp;&nbsp;&nbsp;FT5206_WR_Reg
<LI><a href="#[152]">&gt;&gt;</a>&nbsp;&nbsp;&nbsp;OTT2001A_RD_Reg
<LI><a href="#[151]">&gt;&gt;</a>&nbsp;&nbsp;&nbsp;OTT2001A_WR_Reg
</UL>

<P><STRONG><a name="[117]"></a>CT_IIC_Stop</STRONG> (Thumb, 60 bytes, Stack size 8 bytes, ctiic.o(.text))
<BR><BR>[Stack]<UL><LI>Max Depth = 16<LI>Call Chain = CT_IIC_Stop &rArr; CT_Delay
</UL>
<BR>[Calls]<UL><LI><a href="#[114]">&gt;&gt;</a>&nbsp;&nbsp;&nbsp;delay_us
<LI><a href="#[113]">&gt;&gt;</a>&nbsp;&nbsp;&nbsp;CT_Delay
</UL>
<BR>[Called By]<UL><LI><a href="#[127]">&gt;&gt;</a>&nbsp;&nbsp;&nbsp;GT9147_RD_Reg
<LI><a href="#[125]">&gt;&gt;</a>&nbsp;&nbsp;&nbsp;GT9147_WR_Reg
<LI><a href="#[121]">&gt;&gt;</a>&nbsp;&nbsp;&nbsp;FT5206_RD_Reg
<LI><a href="#[120]">&gt;&gt;</a>&nbsp;&nbsp;&nbsp;FT5206_WR_Reg
<LI><a href="#[118]">&gt;&gt;</a>&nbsp;&nbsp;&nbsp;CT_IIC_Wait_Ack
<LI><a href="#[152]">&gt;&gt;</a>&nbsp;&nbsp;&nbsp;OTT2001A_RD_Reg
<LI><a href="#[151]">&gt;&gt;</a>&nbsp;&nbsp;&nbsp;OTT2001A_WR_Reg
</UL>

<P><STRONG><a name="[118]"></a>CT_IIC_Wait_Ack</STRONG> (Thumb, 86 bytes, Stack size 8 bytes, ctiic.o(.text))
<BR><BR>[Stack]<UL><LI>Max Depth = 24<LI>Call Chain = CT_IIC_Wait_Ack &rArr; CT_IIC_Stop &rArr; CT_Delay
</UL>
<BR>[Calls]<UL><LI><a href="#[117]">&gt;&gt;</a>&nbsp;&nbsp;&nbsp;CT_IIC_Stop
<LI><a href="#[113]">&gt;&gt;</a>&nbsp;&nbsp;&nbsp;CT_Delay
</UL>
<BR>[Called By]<UL><LI><a href="#[127]">&gt;&gt;</a>&nbsp;&nbsp;&nbsp;GT9147_RD_Reg
<LI><a href="#[125]">&gt;&gt;</a>&nbsp;&nbsp;&nbsp;GT9147_WR_Reg
<LI><a href="#[121]">&gt;&gt;</a>&nbsp;&nbsp;&nbsp;FT5206_RD_Reg
<LI><a href="#[120]">&gt;&gt;</a>&nbsp;&nbsp;&nbsp;FT5206_WR_Reg
<LI><a href="#[152]">&gt;&gt;</a>&nbsp;&nbsp;&nbsp;OTT2001A_RD_Reg
<LI><a href="#[151]">&gt;&gt;</a>&nbsp;&nbsp;&nbsp;OTT2001A_WR_Reg
</UL>

<P><STRONG><a name="[119]"></a>CT_IIC_Ack</STRONG> (Thumb, 70 bytes, Stack size 8 bytes, ctiic.o(.text))
<BR><BR>[Stack]<UL><LI>Max Depth = 16<LI>Call Chain = CT_IIC_Ack &rArr; CT_Delay
</UL>
<BR>[Calls]<UL><LI><a href="#[113]">&gt;&gt;</a>&nbsp;&nbsp;&nbsp;CT_Delay
</UL>
<BR>[Called By]<UL><LI><a href="#[11c]">&gt;&gt;</a>&nbsp;&nbsp;&nbsp;CT_IIC_Read_Byte
</UL>

<P><STRONG><a name="[11a]"></a>CT_IIC_NAck</STRONG> (Thumb, 70 bytes, Stack size 8 bytes, ctiic.o(.text))
<BR><BR>[Stack]<UL><LI>Max Depth = 16<LI>Call Chain = CT_IIC_NAck &rArr; CT_Delay
</UL>
<BR>[Calls]<UL><LI><a href="#[113]">&gt;&gt;</a>&nbsp;&nbsp;&nbsp;CT_Delay
</UL>
<BR>[Called By]<UL><LI><a href="#[11c]">&gt;&gt;</a>&nbsp;&nbsp;&nbsp;CT_IIC_Read_Byte
</UL>

<P><STRONG><a name="[11b]"></a>CT_IIC_Send_Byte</STRONG> (Thumb, 86 bytes, Stack size 16 bytes, ctiic.o(.text))
<BR><BR>[Stack]<UL><LI>Max Depth = 24<LI>Call Chain = CT_IIC_Send_Byte &rArr; CT_Delay
</UL>
<BR>[Calls]<UL><LI><a href="#[113]">&gt;&gt;</a>&nbsp;&nbsp;&nbsp;CT_Delay
</UL>
<BR>[Called By]<UL><LI><a href="#[127]">&gt;&gt;</a>&nbsp;&nbsp;&nbsp;GT9147_RD_Reg
<LI><a href="#[125]">&gt;&gt;</a>&nbsp;&nbsp;&nbsp;GT9147_WR_Reg
<LI><a href="#[121]">&gt;&gt;</a>&nbsp;&nbsp;&nbsp;FT5206_RD_Reg
<LI><a href="#[120]">&gt;&gt;</a>&nbsp;&nbsp;&nbsp;FT5206_WR_Reg
<LI><a href="#[152]">&gt;&gt;</a>&nbsp;&nbsp;&nbsp;OTT2001A_RD_Reg
<LI><a href="#[151]">&gt;&gt;</a>&nbsp;&nbsp;&nbsp;OTT2001A_WR_Reg
</UL>

<P><STRONG><a name="[11c]"></a>CT_IIC_Read_Byte</STRONG> (Thumb, 100 bytes, Stack size 16 bytes, ctiic.o(.text))
<BR><BR>[Stack]<UL><LI>Max Depth = 32<LI>Call Chain = CT_IIC_Read_Byte &rArr; CT_IIC_NAck &rArr; CT_Delay
</UL>
<BR>[Calls]<UL><LI><a href="#[114]">&gt;&gt;</a>&nbsp;&nbsp;&nbsp;delay_us
<LI><a href="#[11a]">&gt;&gt;</a>&nbsp;&nbsp;&nbsp;CT_IIC_NAck
<LI><a href="#[119]">&gt;&gt;</a>&nbsp;&nbsp;&nbsp;CT_IIC_Ack
<LI><a href="#[113]">&gt;&gt;</a>&nbsp;&nbsp;&nbsp;CT_Delay
</UL>
<BR>[Called By]<UL><LI><a href="#[127]">&gt;&gt;</a>&nbsp;&nbsp;&nbsp;GT9147_RD_Reg
<LI><a href="#[121]">&gt;&gt;</a>&nbsp;&nbsp;&nbsp;FT5206_RD_Reg
<LI><a href="#[152]">&gt;&gt;</a>&nbsp;&nbsp;&nbsp;OTT2001A_RD_Reg
</UL>

<P><STRONG><a name="[11d]"></a>delay_init</STRONG> (Thumb, 52 bytes, Stack size 8 bytes, delay.o(.text), UNUSED)
<BR><BR>[Calls]<UL><LI><a href="#[11f]">&gt;&gt;</a>&nbsp;&nbsp;&nbsp;HAL_SYSTICK_CLKSourceConfig
<LI><a href="#[11e]">&gt;&gt;</a>&nbsp;&nbsp;&nbsp;HAL_RCC_GetHCLKFreq
</UL>

<P><STRONG><a name="[114]"></a>delay_us</STRONG> (Thumb, 72 bytes, Stack size 0 bytes, delay.o(.text))
<BR><BR>[Called By]<UL><LI><a href="#[11c]">&gt;&gt;</a>&nbsp;&nbsp;&nbsp;CT_IIC_Read_Byte
<LI><a href="#[117]">&gt;&gt;</a>&nbsp;&nbsp;&nbsp;CT_IIC_Stop
<LI><a href="#[116]">&gt;&gt;</a>&nbsp;&nbsp;&nbsp;CT_IIC_Start
<LI><a href="#[113]">&gt;&gt;</a>&nbsp;&nbsp;&nbsp;CT_Delay
</UL>

<P><STRONG><a name="[123]"></a>delay_ms</STRONG> (Thumb, 72 bytes, Stack size 0 bytes, delay.o(.text))
<BR><BR>[Called By]<UL><LI><a href="#[128]">&gt;&gt;</a>&nbsp;&nbsp;&nbsp;GT9147_Init
<LI><a href="#[122]">&gt;&gt;</a>&nbsp;&nbsp;&nbsp;FT5206_Init
<LI><a href="#[154]">&gt;&gt;</a>&nbsp;&nbsp;&nbsp;OTT2001A_Init
</UL>

<P><STRONG><a name="[120]"></a>FT5206_WR_Reg</STRONG> (Thumb, 82 bytes, Stack size 24 bytes, ft5206.o(.text))
<BR><BR>[Stack]<UL><LI>Max Depth = 48<LI>Call Chain = FT5206_WR_Reg &rArr; CT_IIC_Send_Byte &rArr; CT_Delay
</UL>
<BR>[Calls]<UL><LI><a href="#[11b]">&gt;&gt;</a>&nbsp;&nbsp;&nbsp;CT_IIC_Send_Byte
<LI><a href="#[118]">&gt;&gt;</a>&nbsp;&nbsp;&nbsp;CT_IIC_Wait_Ack
<LI><a href="#[117]">&gt;&gt;</a>&nbsp;&nbsp;&nbsp;CT_IIC_Stop
<LI><a href="#[116]">&gt;&gt;</a>&nbsp;&nbsp;&nbsp;CT_IIC_Start
</UL>
<BR>[Called By]<UL><LI><a href="#[122]">&gt;&gt;</a>&nbsp;&nbsp;&nbsp;FT5206_Init
</UL>

<P><STRONG><a name="[121]"></a>FT5206_RD_Reg</STRONG> (Thumb, 88 bytes, Stack size 24 bytes, ft5206.o(.text))
<BR><BR>[Stack]<UL><LI>Max Depth = 56<LI>Call Chain = FT5206_RD_Reg &rArr; CT_IIC_Read_Byte &rArr; CT_IIC_NAck &rArr; CT_Delay
</UL>
<BR>[Calls]<UL><LI><a href="#[11c]">&gt;&gt;</a>&nbsp;&nbsp;&nbsp;CT_IIC_Read_Byte
<LI><a href="#[11b]">&gt;&gt;</a>&nbsp;&nbsp;&nbsp;CT_IIC_Send_Byte
<LI><a href="#[118]">&gt;&gt;</a>&nbsp;&nbsp;&nbsp;CT_IIC_Wait_Ack
<LI><a href="#[117]">&gt;&gt;</a>&nbsp;&nbsp;&nbsp;CT_IIC_Stop
<LI><a href="#[116]">&gt;&gt;</a>&nbsp;&nbsp;&nbsp;CT_IIC_Start
</UL>
<BR>[Called By]<UL><LI><a href="#[52]">&gt;&gt;</a>&nbsp;&nbsp;&nbsp;FT5206_Scan
<LI><a href="#[122]">&gt;&gt;</a>&nbsp;&nbsp;&nbsp;FT5206_Init
</UL>

<P><STRONG><a name="[122]"></a>FT5206_Init</STRONG> (Thumb, 212 bytes, Stack size 32 bytes, ft5206.o(.text))
<BR><BR>[Stack]<UL><LI>Max Depth = 92<LI>Call Chain = FT5206_Init &rArr; CT_IIC_Init &rArr; HAL_GPIO_Init
</UL>
<BR>[Calls]<UL><LI><a href="#[121]">&gt;&gt;</a>&nbsp;&nbsp;&nbsp;FT5206_RD_Reg
<LI><a href="#[120]">&gt;&gt;</a>&nbsp;&nbsp;&nbsp;FT5206_WR_Reg
<LI><a href="#[123]">&gt;&gt;</a>&nbsp;&nbsp;&nbsp;delay_ms
<LI><a href="#[115]">&gt;&gt;</a>&nbsp;&nbsp;&nbsp;CT_IIC_Init
<LI><a href="#[109]">&gt;&gt;</a>&nbsp;&nbsp;&nbsp;HAL_GPIO_Init
<LI><a href="#[124]">&gt;&gt;</a>&nbsp;&nbsp;&nbsp;__2printf
</UL>
<BR>[Called By]<UL><LI><a href="#[0]">&gt;&gt;</a>&nbsp;&nbsp;&nbsp;TP_Init
</UL>

<P><STRONG><a name="[52]"></a>FT5206_Scan</STRONG> (Thumb, 400 bytes, Stack size 24 bytes, ft5206.o(.text))
<BR><BR>[Stack]<UL><LI>Max Depth = 80<LI>Call Chain = FT5206_Scan &rArr; FT5206_RD_Reg &rArr; CT_IIC_Read_Byte &rArr; CT_IIC_NAck &rArr; CT_Delay
</UL>
<BR>[Calls]<UL><LI><a href="#[121]">&gt;&gt;</a>&nbsp;&nbsp;&nbsp;FT5206_RD_Reg
</UL>
<BR>[Address Reference Count : 1]<UL><LI> touch.o(.text)
</UL>
<P><STRONG><a name="[125]"></a>GT9147_WR_Reg</STRONG> (Thumb, 92 bytes, Stack size 24 bytes, gt9147.o(.text))
<BR><BR>[Stack]<UL><LI>Max Depth = 48<LI>Call Chain = GT9147_WR_Reg &rArr; CT_IIC_Send_Byte &rArr; CT_Delay
</UL>
<BR>[Calls]<UL><LI><a href="#[11b]">&gt;&gt;</a>&nbsp;&nbsp;&nbsp;CT_IIC_Send_Byte
<LI><a href="#[118]">&gt;&gt;</a>&nbsp;&nbsp;&nbsp;CT_IIC_Wait_Ack
<LI><a href="#[117]">&gt;&gt;</a>&nbsp;&nbsp;&nbsp;CT_IIC_Stop
<LI><a href="#[116]">&gt;&gt;</a>&nbsp;&nbsp;&nbsp;CT_IIC_Start
</UL>
<BR>[Called By]<UL><LI><a href="#[50]">&gt;&gt;</a>&nbsp;&nbsp;&nbsp;GT9147_Scan
<LI><a href="#[128]">&gt;&gt;</a>&nbsp;&nbsp;&nbsp;GT9147_Init
<LI><a href="#[126]">&gt;&gt;</a>&nbsp;&nbsp;&nbsp;GT9147_Send_Cfg
</UL>

<P><STRONG><a name="[126]"></a>GT9147_Send_Cfg</STRONG> (Thumb, 86 bytes, Stack size 16 bytes, gt9147.o(.text))
<BR><BR>[Stack]<UL><LI>Max Depth = 64<LI>Call Chain = GT9147_Send_Cfg &rArr; GT9147_WR_Reg &rArr; CT_IIC_Send_Byte &rArr; CT_Delay
</UL>
<BR>[Calls]<UL><LI><a href="#[125]">&gt;&gt;</a>&nbsp;&nbsp;&nbsp;GT9147_WR_Reg
</UL>
<BR>[Called By]<UL><LI><a href="#[128]">&gt;&gt;</a>&nbsp;&nbsp;&nbsp;GT9147_Init
</UL>

<P><STRONG><a name="[127]"></a>GT9147_RD_Reg</STRONG> (Thumb, 98 bytes, Stack size 24 bytes, gt9147.o(.text))
<BR><BR>[Stack]<UL><LI>Max Depth = 56<LI>Call Chain = GT9147_RD_Reg &rArr; CT_IIC_Read_Byte &rArr; CT_IIC_NAck &rArr; CT_Delay
</UL>
<BR>[Calls]<UL><LI><a href="#[11c]">&gt;&gt;</a>&nbsp;&nbsp;&nbsp;CT_IIC_Read_Byte
<LI><a href="#[11b]">&gt;&gt;</a>&nbsp;&nbsp;&nbsp;CT_IIC_Send_Byte
<LI><a href="#[118]">&gt;&gt;</a>&nbsp;&nbsp;&nbsp;CT_IIC_Wait_Ack
<LI><a href="#[117]">&gt;&gt;</a>&nbsp;&nbsp;&nbsp;CT_IIC_Stop
<LI><a href="#[116]">&gt;&gt;</a>&nbsp;&nbsp;&nbsp;CT_IIC_Start
</UL>
<BR>[Called By]<UL><LI><a href="#[50]">&gt;&gt;</a>&nbsp;&nbsp;&nbsp;GT9147_Scan
<LI><a href="#[128]">&gt;&gt;</a>&nbsp;&nbsp;&nbsp;GT9147_Init
</UL>

<P><STRONG><a name="[128]"></a>GT9147_Init</STRONG> (Thumb, 254 bytes, Stack size 32 bytes, gt9147.o(.text))
<BR><BR>[Stack]<UL><LI>Max Depth = 96<LI>Call Chain = GT9147_Init &rArr; GT9147_Send_Cfg &rArr; GT9147_WR_Reg &rArr; CT_IIC_Send_Byte &rArr; CT_Delay
</UL>
<BR>[Calls]<UL><LI><a href="#[127]">&gt;&gt;</a>&nbsp;&nbsp;&nbsp;GT9147_RD_Reg
<LI><a href="#[126]">&gt;&gt;</a>&nbsp;&nbsp;&nbsp;GT9147_Send_Cfg
<LI><a href="#[125]">&gt;&gt;</a>&nbsp;&nbsp;&nbsp;GT9147_WR_Reg
<LI><a href="#[123]">&gt;&gt;</a>&nbsp;&nbsp;&nbsp;delay_ms
<LI><a href="#[115]">&gt;&gt;</a>&nbsp;&nbsp;&nbsp;CT_IIC_Init
<LI><a href="#[109]">&gt;&gt;</a>&nbsp;&nbsp;&nbsp;HAL_GPIO_Init
<LI><a href="#[124]">&gt;&gt;</a>&nbsp;&nbsp;&nbsp;__2printf
<LI><a href="#[129]">&gt;&gt;</a>&nbsp;&nbsp;&nbsp;strcmp
</UL>
<BR>[Called By]<UL><LI><a href="#[0]">&gt;&gt;</a>&nbsp;&nbsp;&nbsp;TP_Init
</UL>

<P><STRONG><a name="[50]"></a>GT9147_Scan</STRONG> (Thumb, 494 bytes, Stack size 32 bytes, gt9147.o(.text))
<BR><BR>[Stack]<UL><LI>Max Depth = 88<LI>Call Chain = GT9147_Scan &rArr; GT9147_RD_Reg &rArr; CT_IIC_Read_Byte &rArr; CT_IIC_NAck &rArr; CT_Delay
</UL>
<BR>[Calls]<UL><LI><a href="#[127]">&gt;&gt;</a>&nbsp;&nbsp;&nbsp;GT9147_RD_Reg
<LI><a href="#[125]">&gt;&gt;</a>&nbsp;&nbsp;&nbsp;GT9147_WR_Reg
</UL>
<BR>[Address Reference Count : 1]<UL><LI> touch.o(.text)
</UL>
<P><STRONG><a name="[12b]"></a>LCD_WR_REG</STRONG> (Thumb, 18 bytes, Stack size 8 bytes, lcd.o(.text))
<BR><BR>[Stack]<UL><LI>Max Depth = 8<LI>Call Chain = LCD_WR_REG
</UL>
<BR>[Called By]<UL><LI><a href="#[140]">&gt;&gt;</a>&nbsp;&nbsp;&nbsp;LCD_Init
<LI><a href="#[13e]">&gt;&gt;</a>&nbsp;&nbsp;&nbsp;LCD_Set_Window
<LI><a href="#[139]">&gt;&gt;</a>&nbsp;&nbsp;&nbsp;LCD_SSD_BackLightSet
<LI><a href="#[138]">&gt;&gt;</a>&nbsp;&nbsp;&nbsp;LCD_Fast_DrawPoint
<LI><a href="#[134]">&gt;&gt;</a>&nbsp;&nbsp;&nbsp;LCD_Scan_Dir
<LI><a href="#[133]">&gt;&gt;</a>&nbsp;&nbsp;&nbsp;LCD_DisplayOff
<LI><a href="#[132]">&gt;&gt;</a>&nbsp;&nbsp;&nbsp;LCD_DisplayOn
<LI><a href="#[130]">&gt;&gt;</a>&nbsp;&nbsp;&nbsp;LCD_ReadPoint
<LI><a href="#[12e]">&gt;&gt;</a>&nbsp;&nbsp;&nbsp;LCD_SetCursor
<LI><a href="#[12a]">&gt;&gt;</a>&nbsp;&nbsp;&nbsp;LCD_ReadReg
</UL>

<P><STRONG><a name="[12f]"></a>LCD_WR_DATA</STRONG> (Thumb, 20 bytes, Stack size 8 bytes, lcd.o(.text))
<BR><BR>[Stack]<UL><LI>Max Depth = 8<LI>Call Chain = LCD_WR_DATA
</UL>
<BR>[Called By]<UL><LI><a href="#[140]">&gt;&gt;</a>&nbsp;&nbsp;&nbsp;LCD_Init
<LI><a href="#[13e]">&gt;&gt;</a>&nbsp;&nbsp;&nbsp;LCD_Set_Window
<LI><a href="#[139]">&gt;&gt;</a>&nbsp;&nbsp;&nbsp;LCD_SSD_BackLightSet
<LI><a href="#[138]">&gt;&gt;</a>&nbsp;&nbsp;&nbsp;LCD_Fast_DrawPoint
<LI><a href="#[134]">&gt;&gt;</a>&nbsp;&nbsp;&nbsp;LCD_Scan_Dir
<LI><a href="#[12e]">&gt;&gt;</a>&nbsp;&nbsp;&nbsp;LCD_SetCursor
</UL>

<P><STRONG><a name="[12d]"></a>LCD_RD_DATA</STRONG> (Thumb, 16 bytes, Stack size 8 bytes, lcd.o(.text))
<BR><BR>[Stack]<UL><LI>Max Depth = 8<LI>Call Chain = LCD_RD_DATA
</UL>
<BR>[Called By]<UL><LI><a href="#[140]">&gt;&gt;</a>&nbsp;&nbsp;&nbsp;LCD_Init
<LI><a href="#[130]">&gt;&gt;</a>&nbsp;&nbsp;&nbsp;LCD_ReadPoint
<LI><a href="#[12a]">&gt;&gt;</a>&nbsp;&nbsp;&nbsp;LCD_ReadReg
</UL>

<P><STRONG><a name="[135]"></a>LCD_WriteReg</STRONG> (Thumb, 10 bytes, Stack size 0 bytes, lcd.o(.text))
<BR><BR>[Called By]<UL><LI><a href="#[140]">&gt;&gt;</a>&nbsp;&nbsp;&nbsp;LCD_Init
<LI><a href="#[134]">&gt;&gt;</a>&nbsp;&nbsp;&nbsp;LCD_Scan_Dir
</UL>

<P><STRONG><a name="[12a]"></a>LCD_ReadReg</STRONG> (Thumb, 22 bytes, Stack size 8 bytes, lcd.o(.text), UNUSED)
<BR><BR>[Calls]<UL><LI><a href="#[12c]">&gt;&gt;</a>&nbsp;&nbsp;&nbsp;delay_2us
<LI><a href="#[12d]">&gt;&gt;</a>&nbsp;&nbsp;&nbsp;LCD_RD_DATA
<LI><a href="#[12b]">&gt;&gt;</a>&nbsp;&nbsp;&nbsp;LCD_WR_REG
</UL>

<P><STRONG><a name="[137]"></a>LCD_WriteRAM_Prepare</STRONG> (Thumb, 10 bytes, Stack size 0 bytes, lcd.o(.text))
<BR><BR>[Called By]<UL><LI><a href="#[143]">&gt;&gt;</a>&nbsp;&nbsp;&nbsp;LCD_Color_Fill
<LI><a href="#[142]">&gt;&gt;</a>&nbsp;&nbsp;&nbsp;LCD_Fill
<LI><a href="#[136]">&gt;&gt;</a>&nbsp;&nbsp;&nbsp;LCD_DrawPoint
<LI><a href="#[da]">&gt;&gt;</a>&nbsp;&nbsp;&nbsp;LCD_Clear
</UL>

<P><STRONG><a name="[3fb]"></a>LCD_WriteRAM</STRONG> (Thumb, 8 bytes, Stack size 0 bytes, lcd.o(.text), UNUSED)

<P><STRONG><a name="[3fc]"></a>LCD_BGR2RGB</STRONG> (Thumb, 26 bytes, Stack size 12 bytes, lcd.o(.text), UNUSED)

<P><STRONG><a name="[131]"></a>opt_delay</STRONG> (Thumb, 14 bytes, Stack size 0 bytes, lcd.o(.text), UNUSED)
<BR><BR>[Called By]<UL><LI><a href="#[130]">&gt;&gt;</a>&nbsp;&nbsp;&nbsp;LCD_ReadPoint
</UL>

<P><STRONG><a name="[12e]"></a>LCD_SetCursor</STRONG> (Thumb, 306 bytes, Stack size 8 bytes, lcd.o(.text))
<BR><BR>[Stack]<UL><LI>Max Depth = 16<LI>Call Chain = LCD_SetCursor &rArr; LCD_WR_DATA
</UL>
<BR>[Calls]<UL><LI><a href="#[12f]">&gt;&gt;</a>&nbsp;&nbsp;&nbsp;LCD_WR_DATA
<LI><a href="#[12b]">&gt;&gt;</a>&nbsp;&nbsp;&nbsp;LCD_WR_REG
</UL>
<BR>[Called By]<UL><LI><a href="#[143]">&gt;&gt;</a>&nbsp;&nbsp;&nbsp;LCD_Color_Fill
<LI><a href="#[142]">&gt;&gt;</a>&nbsp;&nbsp;&nbsp;LCD_Fill
<LI><a href="#[136]">&gt;&gt;</a>&nbsp;&nbsp;&nbsp;LCD_DrawPoint
<LI><a href="#[130]">&gt;&gt;</a>&nbsp;&nbsp;&nbsp;LCD_ReadPoint
<LI><a href="#[da]">&gt;&gt;</a>&nbsp;&nbsp;&nbsp;LCD_Clear
</UL>

<P><STRONG><a name="[130]"></a>LCD_ReadPoint</STRONG> (Thumb, 180 bytes, Stack size 24 bytes, lcd.o(.text), UNUSED)
<BR><BR>[Calls]<UL><LI><a href="#[12e]">&gt;&gt;</a>&nbsp;&nbsp;&nbsp;LCD_SetCursor
<LI><a href="#[131]">&gt;&gt;</a>&nbsp;&nbsp;&nbsp;opt_delay
<LI><a href="#[12d]">&gt;&gt;</a>&nbsp;&nbsp;&nbsp;LCD_RD_DATA
<LI><a href="#[12b]">&gt;&gt;</a>&nbsp;&nbsp;&nbsp;LCD_WR_REG
</UL>

<P><STRONG><a name="[132]"></a>LCD_DisplayOn</STRONG> (Thumb, 68 bytes, Stack size 4 bytes, lcd.o(.text), UNUSED)
<BR><BR>[Calls]<UL><LI><a href="#[12b]">&gt;&gt;</a>&nbsp;&nbsp;&nbsp;LCD_WR_REG
</UL>

<P><STRONG><a name="[133]"></a>LCD_DisplayOff</STRONG> (Thumb, 68 bytes, Stack size 4 bytes, lcd.o(.text), UNUSED)
<BR><BR>[Calls]<UL><LI><a href="#[12b]">&gt;&gt;</a>&nbsp;&nbsp;&nbsp;LCD_WR_REG
</UL>

<P><STRONG><a name="[134]"></a>LCD_Scan_Dir</STRONG> (Thumb, 634 bytes, Stack size 20 bytes, lcd.o(.text))
<BR><BR>[Stack]<UL><LI>Max Depth = 28<LI>Call Chain = LCD_Scan_Dir &rArr; LCD_WR_DATA
</UL>
<BR>[Calls]<UL><LI><a href="#[135]">&gt;&gt;</a>&nbsp;&nbsp;&nbsp;LCD_WriteReg
<LI><a href="#[12f]">&gt;&gt;</a>&nbsp;&nbsp;&nbsp;LCD_WR_DATA
<LI><a href="#[12b]">&gt;&gt;</a>&nbsp;&nbsp;&nbsp;LCD_WR_REG
</UL>
<BR>[Called By]<UL><LI><a href="#[13d]">&gt;&gt;</a>&nbsp;&nbsp;&nbsp;LCD_Display_Dir
</UL>

<P><STRONG><a name="[136]"></a>LCD_DrawPoint</STRONG> (Thumb, 28 bytes, Stack size 12 bytes, lcd.o(.text))
<BR><BR>[Stack]<UL><LI>Max Depth = 28<LI>Call Chain = LCD_DrawPoint &rArr; LCD_SetCursor &rArr; LCD_WR_DATA
</UL>
<BR>[Calls]<UL><LI><a href="#[12e]">&gt;&gt;</a>&nbsp;&nbsp;&nbsp;LCD_SetCursor
<LI><a href="#[137]">&gt;&gt;</a>&nbsp;&nbsp;&nbsp;LCD_WriteRAM_Prepare
</UL>
<BR>[Called By]<UL><LI><a href="#[146]">&gt;&gt;</a>&nbsp;&nbsp;&nbsp;LCD_Draw_Circle
<LI><a href="#[144]">&gt;&gt;</a>&nbsp;&nbsp;&nbsp;LCD_DrawLine
<LI><a href="#[179]">&gt;&gt;</a>&nbsp;&nbsp;&nbsp;TP_Draw_Big_Point
<LI><a href="#[178]">&gt;&gt;</a>&nbsp;&nbsp;&nbsp;TP_Drow_Touch_Point
</UL>

<P><STRONG><a name="[138]"></a>LCD_Fast_DrawPoint</STRONG> (Thumb, 258 bytes, Stack size 12 bytes, lcd.o(.text))
<BR><BR>[Stack]<UL><LI>Max Depth = 20<LI>Call Chain = LCD_Fast_DrawPoint &rArr; LCD_WR_DATA
</UL>
<BR>[Calls]<UL><LI><a href="#[12f]">&gt;&gt;</a>&nbsp;&nbsp;&nbsp;LCD_WR_DATA
<LI><a href="#[12b]">&gt;&gt;</a>&nbsp;&nbsp;&nbsp;LCD_WR_REG
</UL>
<BR>[Called By]<UL><LI><a href="#[147]">&gt;&gt;</a>&nbsp;&nbsp;&nbsp;LCD_ShowChar
</UL>

<P><STRONG><a name="[139]"></a>LCD_SSD_BackLightSet</STRONG> (Thumb, 80 bytes, Stack size 32 bytes, lcd.o(.text))
<BR><BR>[Stack]<UL><LI>Max Depth = 120<LI>Call Chain = LCD_SSD_BackLightSet &rArr; __aeabi_dmul &rArr; _double_epilogue &rArr; _double_round
</UL>
<BR>[Calls]<UL><LI><a href="#[13a]">&gt;&gt;</a>&nbsp;&nbsp;&nbsp;__aeabi_ui2d
<LI><a href="#[13b]">&gt;&gt;</a>&nbsp;&nbsp;&nbsp;__aeabi_dmul
<LI><a href="#[13c]">&gt;&gt;</a>&nbsp;&nbsp;&nbsp;__aeabi_d2uiz
<LI><a href="#[12f]">&gt;&gt;</a>&nbsp;&nbsp;&nbsp;LCD_WR_DATA
<LI><a href="#[12b]">&gt;&gt;</a>&nbsp;&nbsp;&nbsp;LCD_WR_REG
</UL>
<BR>[Called By]<UL><LI><a href="#[140]">&gt;&gt;</a>&nbsp;&nbsp;&nbsp;LCD_Init
</UL>

<P><STRONG><a name="[13d]"></a>LCD_Display_Dir</STRONG> (Thumb, 364 bytes, Stack size 8 bytes, lcd.o(.text))
<BR><BR>[Stack]<UL><LI>Max Depth = 36<LI>Call Chain = LCD_Display_Dir &rArr; LCD_Scan_Dir &rArr; LCD_WR_DATA
</UL>
<BR>[Calls]<UL><LI><a href="#[134]">&gt;&gt;</a>&nbsp;&nbsp;&nbsp;LCD_Scan_Dir
</UL>
<BR>[Called By]<UL><LI><a href="#[140]">&gt;&gt;</a>&nbsp;&nbsp;&nbsp;LCD_Init
</UL>

<P><STRONG><a name="[13e]"></a>LCD_Set_Window</STRONG> (Thumb, 398 bytes, Stack size 24 bytes, lcd.o(.text), UNUSED)
<BR><BR>[Calls]<UL><LI><a href="#[12f]">&gt;&gt;</a>&nbsp;&nbsp;&nbsp;LCD_WR_DATA
<LI><a href="#[12b]">&gt;&gt;</a>&nbsp;&nbsp;&nbsp;LCD_WR_REG
</UL>

<P><STRONG><a name="[13f]"></a>HAL_SRAM_MspInit</STRONG> (Thumb, 170 bytes, Stack size 32 bytes, lcd.o(.text))
<BR><BR>[Stack]<UL><LI>Max Depth = 68<LI>Call Chain = HAL_SRAM_MspInit &rArr; HAL_GPIO_Init
</UL>
<BR>[Calls]<UL><LI><a href="#[109]">&gt;&gt;</a>&nbsp;&nbsp;&nbsp;HAL_GPIO_Init
</UL>
<BR>[Called By]<UL><LI><a href="#[141]">&gt;&gt;</a>&nbsp;&nbsp;&nbsp;HAL_SRAM_Init
</UL>

<P><STRONG><a name="[da]"></a>LCD_Clear</STRONG> (Thumb, 42 bytes, Stack size 16 bytes, lcd.o(.text))
<BR><BR>[Stack]<UL><LI>Max Depth = 32<LI>Call Chain = LCD_Clear &rArr; LCD_SetCursor &rArr; LCD_WR_DATA
</UL>
<BR>[Calls]<UL><LI><a href="#[12e]">&gt;&gt;</a>&nbsp;&nbsp;&nbsp;LCD_SetCursor
<LI><a href="#[137]">&gt;&gt;</a>&nbsp;&nbsp;&nbsp;LCD_WriteRAM_Prepare
</UL>
<BR>[Called By]<UL><LI><a href="#[14d]">&gt;&gt;</a>&nbsp;&nbsp;&nbsp;register_delete_GUI
<LI><a href="#[140]">&gt;&gt;</a>&nbsp;&nbsp;&nbsp;LCD_Init
<LI><a href="#[eb]">&gt;&gt;</a>&nbsp;&nbsp;&nbsp;security_door_window
<LI><a href="#[f8]">&gt;&gt;</a>&nbsp;&nbsp;&nbsp;psw_check
<LI><a href="#[e8]">&gt;&gt;</a>&nbsp;&nbsp;&nbsp;Register_New_Tag
<LI><a href="#[e7]">&gt;&gt;</a>&nbsp;&nbsp;&nbsp;Match_psw
<LI><a href="#[ec]">&gt;&gt;</a>&nbsp;&nbsp;&nbsp;Delete_registered_Tag
<LI><a href="#[d9]">&gt;&gt;</a>&nbsp;&nbsp;&nbsp;down_count
<LI><a href="#[1aa]">&gt;&gt;</a>&nbsp;&nbsp;&nbsp;Set_Time
<LI><a href="#[0]">&gt;&gt;</a>&nbsp;&nbsp;&nbsp;TP_Init
<LI><a href="#[2]">&gt;&gt;</a>&nbsp;&nbsp;&nbsp;TP_Adjust
</UL>

<P><STRONG><a name="[140]"></a>LCD_Init</STRONG> (Thumb, 9334 bytes, Stack size 80 bytes, lcd.o(.text))
<BR><BR>[Stack]<UL><LI>Max Depth = 200<LI>Call Chain = LCD_Init &rArr; LCD_SSD_BackLightSet &rArr; __aeabi_dmul &rArr; _double_epilogue &rArr; _double_round
</UL>
<BR>[Calls]<UL><LI><a href="#[12c]">&gt;&gt;</a>&nbsp;&nbsp;&nbsp;delay_2us
<LI><a href="#[141]">&gt;&gt;</a>&nbsp;&nbsp;&nbsp;HAL_SRAM_Init
<LI><a href="#[13d]">&gt;&gt;</a>&nbsp;&nbsp;&nbsp;LCD_Display_Dir
<LI><a href="#[139]">&gt;&gt;</a>&nbsp;&nbsp;&nbsp;LCD_SSD_BackLightSet
<LI><a href="#[135]">&gt;&gt;</a>&nbsp;&nbsp;&nbsp;LCD_WriteReg
<LI><a href="#[12d]">&gt;&gt;</a>&nbsp;&nbsp;&nbsp;LCD_RD_DATA
<LI><a href="#[12f]">&gt;&gt;</a>&nbsp;&nbsp;&nbsp;LCD_WR_DATA
<LI><a href="#[12b]">&gt;&gt;</a>&nbsp;&nbsp;&nbsp;LCD_WR_REG
<LI><a href="#[109]">&gt;&gt;</a>&nbsp;&nbsp;&nbsp;HAL_GPIO_Init
<LI><a href="#[fe]">&gt;&gt;</a>&nbsp;&nbsp;&nbsp;Delay_ms
<LI><a href="#[da]">&gt;&gt;</a>&nbsp;&nbsp;&nbsp;LCD_Clear
<LI><a href="#[124]">&gt;&gt;</a>&nbsp;&nbsp;&nbsp;__2printf
</UL>
<BR>[Called By]<UL><LI><a href="#[1c7]">&gt;&gt;</a>&nbsp;&nbsp;&nbsp;rt_hw_board_init
</UL>

<P><STRONG><a name="[142]"></a>LCD_Fill</STRONG> (Thumb, 80 bytes, Stack size 36 bytes, lcd.o(.text), UNUSED)
<BR><BR>[Calls]<UL><LI><a href="#[12e]">&gt;&gt;</a>&nbsp;&nbsp;&nbsp;LCD_SetCursor
<LI><a href="#[137]">&gt;&gt;</a>&nbsp;&nbsp;&nbsp;LCD_WriteRAM_Prepare
</UL>

<P><STRONG><a name="[143]"></a>LCD_Color_Fill</STRONG> (Thumb, 92 bytes, Stack size 40 bytes, lcd.o(.text), UNUSED)
<BR><BR>[Calls]<UL><LI><a href="#[12e]">&gt;&gt;</a>&nbsp;&nbsp;&nbsp;LCD_SetCursor
<LI><a href="#[137]">&gt;&gt;</a>&nbsp;&nbsp;&nbsp;LCD_WriteRAM_Prepare
</UL>

<P><STRONG><a name="[144]"></a>LCD_DrawLine</STRONG> (Thumb, 176 bytes, Stack size 68 bytes, lcd.o(.text))
<BR><BR>[Stack]<UL><LI>Max Depth = 96<LI>Call Chain = LCD_DrawLine &rArr; LCD_DrawPoint &rArr; LCD_SetCursor &rArr; LCD_WR_DATA
</UL>
<BR>[Calls]<UL><LI><a href="#[136]">&gt;&gt;</a>&nbsp;&nbsp;&nbsp;LCD_DrawPoint
</UL>
<BR>[Called By]<UL><LI><a href="#[14d]">&gt;&gt;</a>&nbsp;&nbsp;&nbsp;register_delete_GUI
<LI><a href="#[14c]">&gt;&gt;</a>&nbsp;&nbsp;&nbsp;Draw_Number_Pad
<LI><a href="#[14b]">&gt;&gt;</a>&nbsp;&nbsp;&nbsp;Draw_window
<LI><a href="#[145]">&gt;&gt;</a>&nbsp;&nbsp;&nbsp;LCD_DrawRectangle
<LI><a href="#[eb]">&gt;&gt;</a>&nbsp;&nbsp;&nbsp;security_door_window
<LI><a href="#[1ad]">&gt;&gt;</a>&nbsp;&nbsp;&nbsp;Psd_setting_GUI
<LI><a href="#[1aa]">&gt;&gt;</a>&nbsp;&nbsp;&nbsp;Set_Time
<LI><a href="#[178]">&gt;&gt;</a>&nbsp;&nbsp;&nbsp;TP_Drow_Touch_Point
</UL>

<P><STRONG><a name="[145]"></a>LCD_DrawRectangle</STRONG> (Thumb, 60 bytes, Stack size 20 bytes, lcd.o(.text), UNUSED)
<BR><BR>[Calls]<UL><LI><a href="#[144]">&gt;&gt;</a>&nbsp;&nbsp;&nbsp;LCD_DrawLine
</UL>

<P><STRONG><a name="[146]"></a>LCD_Draw_Circle</STRONG> (Thumb, 170 bytes, Stack size 28 bytes, lcd.o(.text))
<BR><BR>[Stack]<UL><LI>Max Depth = 56<LI>Call Chain = LCD_Draw_Circle &rArr; LCD_DrawPoint &rArr; LCD_SetCursor &rArr; LCD_WR_DATA
</UL>
<BR>[Calls]<UL><LI><a href="#[136]">&gt;&gt;</a>&nbsp;&nbsp;&nbsp;LCD_DrawPoint
</UL>
<BR>[Called By]<UL><LI><a href="#[178]">&gt;&gt;</a>&nbsp;&nbsp;&nbsp;TP_Drow_Touch_Point
</UL>

<P><STRONG><a name="[147]"></a>LCD_ShowChar</STRONG> (Thumb, 288 bytes, Stack size 40 bytes, lcd.o(.text))
<BR><BR>[Stack]<UL><LI>Max Depth = 60<LI>Call Chain = LCD_ShowChar &rArr; LCD_Fast_DrawPoint &rArr; LCD_WR_DATA
</UL>
<BR>[Calls]<UL><LI><a href="#[138]">&gt;&gt;</a>&nbsp;&nbsp;&nbsp;LCD_Fast_DrawPoint
</UL>
<BR>[Called By]<UL><LI><a href="#[14a]">&gt;&gt;</a>&nbsp;&nbsp;&nbsp;LCD_ShowxNum
<LI><a href="#[148]">&gt;&gt;</a>&nbsp;&nbsp;&nbsp;LCD_ShowNum
<LI><a href="#[dc]">&gt;&gt;</a>&nbsp;&nbsp;&nbsp;LCD_ShowString
</UL>

<P><STRONG><a name="[149]"></a>LCD_Pow</STRONG> (Thumb, 22 bytes, Stack size 8 bytes, lcd.o(.text))
<BR><BR>[Stack]<UL><LI>Max Depth = 8<LI>Call Chain = LCD_Pow
</UL>
<BR>[Called By]<UL><LI><a href="#[14a]">&gt;&gt;</a>&nbsp;&nbsp;&nbsp;LCD_ShowxNum
<LI><a href="#[148]">&gt;&gt;</a>&nbsp;&nbsp;&nbsp;LCD_ShowNum
</UL>

<P><STRONG><a name="[148]"></a>LCD_ShowNum</STRONG> (Thumb, 148 bytes, Stack size 56 bytes, lcd.o(.text))
<BR><BR>[Stack]<UL><LI>Max Depth = 116<LI>Call Chain = LCD_ShowNum &rArr; LCD_ShowChar &rArr; LCD_Fast_DrawPoint &rArr; LCD_WR_DATA
</UL>
<BR>[Calls]<UL><LI><a href="#[149]">&gt;&gt;</a>&nbsp;&nbsp;&nbsp;LCD_Pow
<LI><a href="#[147]">&gt;&gt;</a>&nbsp;&nbsp;&nbsp;LCD_ShowChar
</UL>
<BR>[Called By]<UL><LI><a href="#[181]">&gt;&gt;</a>&nbsp;&nbsp;&nbsp;TP_Adj_Info_Show
</UL>

<P><STRONG><a name="[14a]"></a>LCD_ShowxNum</STRONG> (Thumb, 190 bytes, Stack size 60 bytes, lcd.o(.text), UNUSED)
<BR><BR>[Calls]<UL><LI><a href="#[149]">&gt;&gt;</a>&nbsp;&nbsp;&nbsp;LCD_Pow
<LI><a href="#[147]">&gt;&gt;</a>&nbsp;&nbsp;&nbsp;LCD_ShowChar
</UL>

<P><STRONG><a name="[dc]"></a>LCD_ShowString</STRONG> (Thumb, 102 bytes, Stack size 36 bytes, lcd.o(.text))
<BR><BR>[Stack]<UL><LI>Max Depth = 96<LI>Call Chain = LCD_ShowString &rArr; LCD_ShowChar &rArr; LCD_Fast_DrawPoint &rArr; LCD_WR_DATA
</UL>
<BR>[Calls]<UL><LI><a href="#[147]">&gt;&gt;</a>&nbsp;&nbsp;&nbsp;LCD_ShowChar
</UL>
<BR>[Called By]<UL><LI><a href="#[14d]">&gt;&gt;</a>&nbsp;&nbsp;&nbsp;register_delete_GUI
<LI><a href="#[14c]">&gt;&gt;</a>&nbsp;&nbsp;&nbsp;Draw_Number_Pad
<LI><a href="#[14b]">&gt;&gt;</a>&nbsp;&nbsp;&nbsp;Draw_window
<LI><a href="#[10f]">&gt;&gt;</a>&nbsp;&nbsp;&nbsp;Light_Control
<LI><a href="#[e3]">&gt;&gt;</a>&nbsp;&nbsp;&nbsp;tag_match
<LI><a href="#[eb]">&gt;&gt;</a>&nbsp;&nbsp;&nbsp;security_door_window
<LI><a href="#[f8]">&gt;&gt;</a>&nbsp;&nbsp;&nbsp;psw_check
<LI><a href="#[e8]">&gt;&gt;</a>&nbsp;&nbsp;&nbsp;Register_New_Tag
<LI><a href="#[e2]">&gt;&gt;</a>&nbsp;&nbsp;&nbsp;Read_ID
<LI><a href="#[ec]">&gt;&gt;</a>&nbsp;&nbsp;&nbsp;Delete_registered_Tag
<LI><a href="#[d9]">&gt;&gt;</a>&nbsp;&nbsp;&nbsp;down_count
<LI><a href="#[4c]">&gt;&gt;</a>&nbsp;&nbsp;&nbsp;touch_thread
<LI><a href="#[4a]">&gt;&gt;</a>&nbsp;&nbsp;&nbsp;match_thread
<LI><a href="#[1ad]">&gt;&gt;</a>&nbsp;&nbsp;&nbsp;Psd_setting_GUI
<LI><a href="#[1ac]">&gt;&gt;</a>&nbsp;&nbsp;&nbsp;Get_User_Input_psw
<LI><a href="#[1aa]">&gt;&gt;</a>&nbsp;&nbsp;&nbsp;Set_Time
<LI><a href="#[1a8]">&gt;&gt;</a>&nbsp;&nbsp;&nbsp;clock_demo
<LI><a href="#[2]">&gt;&gt;</a>&nbsp;&nbsp;&nbsp;TP_Adjust
<LI><a href="#[181]">&gt;&gt;</a>&nbsp;&nbsp;&nbsp;TP_Adj_Info_Show
<LI><a href="#[172]">&gt;&gt;</a>&nbsp;&nbsp;&nbsp;delete_registered_tag
</UL>

<P><STRONG><a name="[14b]"></a>Draw_window</STRONG> (Thumb, 666 bytes, Stack size 12 bytes, lcd.o(.text), UNUSED)
<BR><BR>[Calls]<UL><LI><a href="#[144]">&gt;&gt;</a>&nbsp;&nbsp;&nbsp;LCD_DrawLine
<LI><a href="#[dc]">&gt;&gt;</a>&nbsp;&nbsp;&nbsp;LCD_ShowString
</UL>
<BR>[Called By]<UL><LI><a href="#[1aa]">&gt;&gt;</a>&nbsp;&nbsp;&nbsp;Set_Time
</UL>

<P><STRONG><a name="[14c]"></a>Draw_Number_Pad</STRONG> (Thumb, 328 bytes, Stack size 12 bytes, lcd.o(.text), UNUSED)
<BR><BR>[Calls]<UL><LI><a href="#[144]">&gt;&gt;</a>&nbsp;&nbsp;&nbsp;LCD_DrawLine
<LI><a href="#[dc]">&gt;&gt;</a>&nbsp;&nbsp;&nbsp;LCD_ShowString
</UL>
<BR>[Called By]<UL><LI><a href="#[1aa]">&gt;&gt;</a>&nbsp;&nbsp;&nbsp;Set_Time
</UL>

<P><STRONG><a name="[eb]"></a>security_door_window</STRONG> (Thumb, 184 bytes, Stack size 12 bytes, lcd.o(.text))
<BR><BR>[Stack]<UL><LI>Max Depth = 108<LI>Call Chain = security_door_window &rArr; LCD_DrawLine &rArr; LCD_DrawPoint &rArr; LCD_SetCursor &rArr; LCD_WR_DATA
</UL>
<BR>[Calls]<UL><LI><a href="#[144]">&gt;&gt;</a>&nbsp;&nbsp;&nbsp;LCD_DrawLine
<LI><a href="#[dc]">&gt;&gt;</a>&nbsp;&nbsp;&nbsp;LCD_ShowString
<LI><a href="#[da]">&gt;&gt;</a>&nbsp;&nbsp;&nbsp;LCD_Clear
</UL>
<BR>[Called By]<UL><LI><a href="#[e8]">&gt;&gt;</a>&nbsp;&nbsp;&nbsp;Register_New_Tag
<LI><a href="#[ec]">&gt;&gt;</a>&nbsp;&nbsp;&nbsp;Delete_registered_Tag
<LI><a href="#[4c]">&gt;&gt;</a>&nbsp;&nbsp;&nbsp;touch_thread
<LI><a href="#[1c7]">&gt;&gt;</a>&nbsp;&nbsp;&nbsp;rt_hw_board_init
</UL>

<P><STRONG><a name="[14d]"></a>register_delete_GUI</STRONG> (Thumb, 230 bytes, Stack size 16 bytes, lcd.o(.text))
<BR><BR>[Stack]<UL><LI>Max Depth = 112<LI>Call Chain = register_delete_GUI &rArr; LCD_DrawLine &rArr; LCD_DrawPoint &rArr; LCD_SetCursor &rArr; LCD_WR_DATA
</UL>
<BR>[Calls]<UL><LI><a href="#[144]">&gt;&gt;</a>&nbsp;&nbsp;&nbsp;LCD_DrawLine
<LI><a href="#[dc]">&gt;&gt;</a>&nbsp;&nbsp;&nbsp;LCD_ShowString
<LI><a href="#[da]">&gt;&gt;</a>&nbsp;&nbsp;&nbsp;LCD_Clear
<LI><a href="#[ea]">&gt;&gt;</a>&nbsp;&nbsp;&nbsp;HAL_NVIC_EnableIRQ
<LI><a href="#[e6]">&gt;&gt;</a>&nbsp;&nbsp;&nbsp;HAL_NVIC_DisableIRQ
</UL>
<BR>[Called By]<UL><LI><a href="#[e8]">&gt;&gt;</a>&nbsp;&nbsp;&nbsp;Register_New_Tag
<LI><a href="#[ec]">&gt;&gt;</a>&nbsp;&nbsp;&nbsp;Delete_registered_Tag
</UL>

<P><STRONG><a name="[102]"></a>IIC_Init</STRONG> (Thumb, 70 bytes, Stack size 24 bytes, myiic.o(.text))
<BR><BR>[Stack]<UL><LI>Max Depth = 60<LI>Call Chain = IIC_Init &rArr; HAL_GPIO_Init
</UL>
<BR>[Calls]<UL><LI><a href="#[109]">&gt;&gt;</a>&nbsp;&nbsp;&nbsp;HAL_GPIO_Init
</UL>
<BR>[Called By]<UL><LI><a href="#[101]">&gt;&gt;</a>&nbsp;&nbsp;&nbsp;AT24CXX_Init
</UL>

<P><STRONG><a name="[fa]"></a>IIC_Start</STRONG> (Thumb, 64 bytes, Stack size 8 bytes, myiic.o(.text))
<BR><BR>[Stack]<UL><LI>Max Depth = 8<LI>Call Chain = IIC_Start
</UL>
<BR>[Calls]<UL><LI><a href="#[12c]">&gt;&gt;</a>&nbsp;&nbsp;&nbsp;delay_2us
</UL>
<BR>[Called By]<UL><LI><a href="#[ff]">&gt;&gt;</a>&nbsp;&nbsp;&nbsp;AT24CXX_ReadOneByte
<LI><a href="#[f9]">&gt;&gt;</a>&nbsp;&nbsp;&nbsp;AT24CXX_WriteOneByte
</UL>

<P><STRONG><a name="[fd]"></a>IIC_Stop</STRONG> (Thumb, 66 bytes, Stack size 8 bytes, myiic.o(.text))
<BR><BR>[Stack]<UL><LI>Max Depth = 8<LI>Call Chain = IIC_Stop
</UL>
<BR>[Calls]<UL><LI><a href="#[12c]">&gt;&gt;</a>&nbsp;&nbsp;&nbsp;delay_2us
</UL>
<BR>[Called By]<UL><LI><a href="#[fc]">&gt;&gt;</a>&nbsp;&nbsp;&nbsp;IIC_Wait_Ack
<LI><a href="#[ff]">&gt;&gt;</a>&nbsp;&nbsp;&nbsp;AT24CXX_ReadOneByte
<LI><a href="#[f9]">&gt;&gt;</a>&nbsp;&nbsp;&nbsp;AT24CXX_WriteOneByte
</UL>

<P><STRONG><a name="[fc]"></a>IIC_Wait_Ack</STRONG> (Thumb, 86 bytes, Stack size 8 bytes, myiic.o(.text))
<BR><BR>[Stack]<UL><LI>Max Depth = 16<LI>Call Chain = IIC_Wait_Ack &rArr; IIC_Stop
</UL>
<BR>[Calls]<UL><LI><a href="#[fd]">&gt;&gt;</a>&nbsp;&nbsp;&nbsp;IIC_Stop
<LI><a href="#[14e]">&gt;&gt;</a>&nbsp;&nbsp;&nbsp;Delay_1US
</UL>
<BR>[Called By]<UL><LI><a href="#[ff]">&gt;&gt;</a>&nbsp;&nbsp;&nbsp;AT24CXX_ReadOneByte
<LI><a href="#[f9]">&gt;&gt;</a>&nbsp;&nbsp;&nbsp;AT24CXX_WriteOneByte
</UL>

<P><STRONG><a name="[14f]"></a>IIC_Ack</STRONG> (Thumb, 70 bytes, Stack size 8 bytes, myiic.o(.text))
<BR><BR>[Stack]<UL><LI>Max Depth = 8<LI>Call Chain = IIC_Ack
</UL>
<BR>[Calls]<UL><LI><a href="#[12c]">&gt;&gt;</a>&nbsp;&nbsp;&nbsp;delay_2us
</UL>
<BR>[Called By]<UL><LI><a href="#[100]">&gt;&gt;</a>&nbsp;&nbsp;&nbsp;IIC_Read_Byte
</UL>

<P><STRONG><a name="[150]"></a>IIC_NAck</STRONG> (Thumb, 70 bytes, Stack size 8 bytes, myiic.o(.text))
<BR><BR>[Stack]<UL><LI>Max Depth = 8<LI>Call Chain = IIC_NAck
</UL>
<BR>[Calls]<UL><LI><a href="#[12c]">&gt;&gt;</a>&nbsp;&nbsp;&nbsp;delay_2us
</UL>
<BR>[Called By]<UL><LI><a href="#[100]">&gt;&gt;</a>&nbsp;&nbsp;&nbsp;IIC_Read_Byte
</UL>

<P><STRONG><a name="[fb]"></a>IIC_Send_Byte</STRONG> (Thumb, 92 bytes, Stack size 16 bytes, myiic.o(.text))
<BR><BR>[Stack]<UL><LI>Max Depth = 16<LI>Call Chain = IIC_Send_Byte
</UL>
<BR>[Calls]<UL><LI><a href="#[12c]">&gt;&gt;</a>&nbsp;&nbsp;&nbsp;delay_2us
</UL>
<BR>[Called By]<UL><LI><a href="#[ff]">&gt;&gt;</a>&nbsp;&nbsp;&nbsp;AT24CXX_ReadOneByte
<LI><a href="#[f9]">&gt;&gt;</a>&nbsp;&nbsp;&nbsp;AT24CXX_WriteOneByte
</UL>

<P><STRONG><a name="[100]"></a>IIC_Read_Byte</STRONG> (Thumb, 100 bytes, Stack size 16 bytes, myiic.o(.text))
<BR><BR>[Stack]<UL><LI>Max Depth = 24<LI>Call Chain = IIC_Read_Byte &rArr; IIC_NAck
</UL>
<BR>[Calls]<UL><LI><a href="#[12c]">&gt;&gt;</a>&nbsp;&nbsp;&nbsp;delay_2us
<LI><a href="#[150]">&gt;&gt;</a>&nbsp;&nbsp;&nbsp;IIC_NAck
<LI><a href="#[14f]">&gt;&gt;</a>&nbsp;&nbsp;&nbsp;IIC_Ack
</UL>
<BR>[Called By]<UL><LI><a href="#[ff]">&gt;&gt;</a>&nbsp;&nbsp;&nbsp;AT24CXX_ReadOneByte
</UL>

<P><STRONG><a name="[151]"></a>OTT2001A_WR_Reg</STRONG> (Thumb, 92 bytes, Stack size 24 bytes, ott2001a.o(.text))
<BR><BR>[Stack]<UL><LI>Max Depth = 48<LI>Call Chain = OTT2001A_WR_Reg &rArr; CT_IIC_Send_Byte &rArr; CT_Delay
</UL>
<BR>[Calls]<UL><LI><a href="#[11b]">&gt;&gt;</a>&nbsp;&nbsp;&nbsp;CT_IIC_Send_Byte
<LI><a href="#[118]">&gt;&gt;</a>&nbsp;&nbsp;&nbsp;CT_IIC_Wait_Ack
<LI><a href="#[117]">&gt;&gt;</a>&nbsp;&nbsp;&nbsp;CT_IIC_Stop
<LI><a href="#[116]">&gt;&gt;</a>&nbsp;&nbsp;&nbsp;CT_IIC_Start
</UL>
<BR>[Called By]<UL><LI><a href="#[153]">&gt;&gt;</a>&nbsp;&nbsp;&nbsp;OTT2001A_SensorControl
</UL>

<P><STRONG><a name="[152]"></a>OTT2001A_RD_Reg</STRONG> (Thumb, 98 bytes, Stack size 24 bytes, ott2001a.o(.text))
<BR><BR>[Stack]<UL><LI>Max Depth = 56<LI>Call Chain = OTT2001A_RD_Reg &rArr; CT_IIC_Read_Byte &rArr; CT_IIC_NAck &rArr; CT_Delay
</UL>
<BR>[Calls]<UL><LI><a href="#[11c]">&gt;&gt;</a>&nbsp;&nbsp;&nbsp;CT_IIC_Read_Byte
<LI><a href="#[11b]">&gt;&gt;</a>&nbsp;&nbsp;&nbsp;CT_IIC_Send_Byte
<LI><a href="#[118]">&gt;&gt;</a>&nbsp;&nbsp;&nbsp;CT_IIC_Wait_Ack
<LI><a href="#[117]">&gt;&gt;</a>&nbsp;&nbsp;&nbsp;CT_IIC_Stop
<LI><a href="#[116]">&gt;&gt;</a>&nbsp;&nbsp;&nbsp;CT_IIC_Start
</UL>
<BR>[Called By]<UL><LI><a href="#[51]">&gt;&gt;</a>&nbsp;&nbsp;&nbsp;OTT2001A_Scan
<LI><a href="#[154]">&gt;&gt;</a>&nbsp;&nbsp;&nbsp;OTT2001A_Init
</UL>

<P><STRONG><a name="[153]"></a>OTT2001A_SensorControl</STRONG> (Thumb, 28 bytes, Stack size 16 bytes, ott2001a.o(.text))
<BR><BR>[Stack]<UL><LI>Max Depth = 64<LI>Call Chain = OTT2001A_SensorControl &rArr; OTT2001A_WR_Reg &rArr; CT_IIC_Send_Byte &rArr; CT_Delay
</UL>
<BR>[Calls]<UL><LI><a href="#[151]">&gt;&gt;</a>&nbsp;&nbsp;&nbsp;OTT2001A_WR_Reg
</UL>
<BR>[Called By]<UL><LI><a href="#[154]">&gt;&gt;</a>&nbsp;&nbsp;&nbsp;OTT2001A_Init
</UL>

<P><STRONG><a name="[154]"></a>OTT2001A_Init</STRONG> (Thumb, 152 bytes, Stack size 32 bytes, ott2001a.o(.text))
<BR><BR>[Stack]<UL><LI>Max Depth = 96<LI>Call Chain = OTT2001A_Init &rArr; OTT2001A_SensorControl &rArr; OTT2001A_WR_Reg &rArr; CT_IIC_Send_Byte &rArr; CT_Delay
</UL>
<BR>[Calls]<UL><LI><a href="#[123]">&gt;&gt;</a>&nbsp;&nbsp;&nbsp;delay_ms
<LI><a href="#[115]">&gt;&gt;</a>&nbsp;&nbsp;&nbsp;CT_IIC_Init
<LI><a href="#[109]">&gt;&gt;</a>&nbsp;&nbsp;&nbsp;HAL_GPIO_Init
<LI><a href="#[153]">&gt;&gt;</a>&nbsp;&nbsp;&nbsp;OTT2001A_SensorControl
<LI><a href="#[152]">&gt;&gt;</a>&nbsp;&nbsp;&nbsp;OTT2001A_RD_Reg
<LI><a href="#[124]">&gt;&gt;</a>&nbsp;&nbsp;&nbsp;__2printf
</UL>
<BR>[Called By]<UL><LI><a href="#[0]">&gt;&gt;</a>&nbsp;&nbsp;&nbsp;TP_Init
</UL>

<P><STRONG><a name="[51]"></a>OTT2001A_Scan</STRONG> (Thumb, 446 bytes, Stack size 48 bytes, ott2001a.o(.text))
<BR><BR>[Stack]<UL><LI>Max Depth = 136<LI>Call Chain = OTT2001A_Scan &rArr; __aeabi_dmul &rArr; _double_epilogue &rArr; _double_round
</UL>
<BR>[Calls]<UL><LI><a href="#[13b]">&gt;&gt;</a>&nbsp;&nbsp;&nbsp;__aeabi_dmul
<LI><a href="#[13c]">&gt;&gt;</a>&nbsp;&nbsp;&nbsp;__aeabi_d2uiz
<LI><a href="#[155]">&gt;&gt;</a>&nbsp;&nbsp;&nbsp;__aeabi_i2d
<LI><a href="#[156]">&gt;&gt;</a>&nbsp;&nbsp;&nbsp;__aeabi_drsub
<LI><a href="#[152]">&gt;&gt;</a>&nbsp;&nbsp;&nbsp;OTT2001A_RD_Reg
</UL>
<BR>[Address Reference Count : 1]<UL><LI> touch.o(.text)
</UL>
<P><STRONG><a name="[3fd]"></a>delay200</STRONG> (Thumb, 42 bytes, Stack size 8 bytes, public.o(.text), UNUSED)

<P><STRONG><a name="[fe]"></a>Delay_ms</STRONG> (Thumb, 42 bytes, Stack size 8 bytes, public.o(.text))
<BR><BR>[Stack]<UL><LI>Max Depth = 8<LI>Call Chain = Delay_ms
</UL>
<BR>[Called By]<UL><LI><a href="#[140]">&gt;&gt;</a>&nbsp;&nbsp;&nbsp;LCD_Init
<LI><a href="#[10d]">&gt;&gt;</a>&nbsp;&nbsp;&nbsp;LED_Init
<LI><a href="#[108]">&gt;&gt;</a>&nbsp;&nbsp;&nbsp;BEEP_Init
<LI><a href="#[f9]">&gt;&gt;</a>&nbsp;&nbsp;&nbsp;AT24CXX_WriteOneByte
<LI><a href="#[1aa]">&gt;&gt;</a>&nbsp;&nbsp;&nbsp;Set_Time
<LI><a href="#[2]">&gt;&gt;</a>&nbsp;&nbsp;&nbsp;TP_Adjust
</UL>

<P><STRONG><a name="[166]"></a>Delay1us</STRONG> (Thumb, 16 bytes, Stack size 0 bytes, public.o(.text))
<BR><BR>[Called By]<UL><LI><a href="#[15b]">&gt;&gt;</a>&nbsp;&nbsp;&nbsp;PcdReset
<LI><a href="#[15c]">&gt;&gt;</a>&nbsp;&nbsp;&nbsp;M500PcdConfigISOType
</UL>

<P><STRONG><a name="[12c]"></a>delay_2us</STRONG> (Thumb, 24 bytes, Stack size 0 bytes, public.o(.text))
<BR><BR>[Called By]<UL><LI><a href="#[140]">&gt;&gt;</a>&nbsp;&nbsp;&nbsp;LCD_Init
<LI><a href="#[12a]">&gt;&gt;</a>&nbsp;&nbsp;&nbsp;LCD_ReadReg
<LI><a href="#[fd]">&gt;&gt;</a>&nbsp;&nbsp;&nbsp;IIC_Stop
<LI><a href="#[fa]">&gt;&gt;</a>&nbsp;&nbsp;&nbsp;IIC_Start
<LI><a href="#[fb]">&gt;&gt;</a>&nbsp;&nbsp;&nbsp;IIC_Send_Byte
<LI><a href="#[100]">&gt;&gt;</a>&nbsp;&nbsp;&nbsp;IIC_Read_Byte
<LI><a href="#[174]">&gt;&gt;</a>&nbsp;&nbsp;&nbsp;TP_Read_AD
<LI><a href="#[173]">&gt;&gt;</a>&nbsp;&nbsp;&nbsp;TP_Write_Byte
<LI><a href="#[15e]">&gt;&gt;</a>&nbsp;&nbsp;&nbsp;SPI_RC522_ReadByte
<LI><a href="#[15d]">&gt;&gt;</a>&nbsp;&nbsp;&nbsp;SPI_RC522_SendByte
<LI><a href="#[150]">&gt;&gt;</a>&nbsp;&nbsp;&nbsp;IIC_NAck
<LI><a href="#[14f]">&gt;&gt;</a>&nbsp;&nbsp;&nbsp;IIC_Ack
</UL>

<P><STRONG><a name="[14e]"></a>Delay_1US</STRONG> (Thumb, 18 bytes, Stack size 0 bytes, public.o(.text))
<BR><BR>[Called By]<UL><LI><a href="#[fc]">&gt;&gt;</a>&nbsp;&nbsp;&nbsp;IIC_Wait_Ack
</UL>

<P><STRONG><a name="[157]"></a>Get_decimal</STRONG> (Thumb, 120 bytes, Stack size 48 bytes, public.o(.text), UNUSED)
<BR><BR>[Calls]<UL><LI><a href="#[13a]">&gt;&gt;</a>&nbsp;&nbsp;&nbsp;__aeabi_ui2d
<LI><a href="#[13b]">&gt;&gt;</a>&nbsp;&nbsp;&nbsp;__aeabi_dmul
<LI><a href="#[158]">&gt;&gt;</a>&nbsp;&nbsp;&nbsp;__aeabi_d2iz
</UL>

<P><STRONG><a name="[15a]"></a>RC522_Init</STRONG> (Thumb, 36 bytes, Stack size 8 bytes, rc522_config.o(.text))
<BR><BR>[Stack]<UL><LI>Max Depth = 72<LI>Call Chain = RC522_Init &rArr; M500PcdConfigISOType &rArr; PcdAntennaOn &rArr; SetBitMask &rArr; WriteRawRC &rArr; SPI_RC522_SendByte
</UL>
<BR>[Calls]<UL><LI><a href="#[15b]">&gt;&gt;</a>&nbsp;&nbsp;&nbsp;PcdReset
<LI><a href="#[15c]">&gt;&gt;</a>&nbsp;&nbsp;&nbsp;M500PcdConfigISOType
<LI><a href="#[159]">&gt;&gt;</a>&nbsp;&nbsp;&nbsp;RC522_SPI_Config
<LI><a href="#[124]">&gt;&gt;</a>&nbsp;&nbsp;&nbsp;__2printf
</UL>
<BR>[Called By]<UL><LI><a href="#[1c7]">&gt;&gt;</a>&nbsp;&nbsp;&nbsp;rt_hw_board_init
</UL>

<P><STRONG><a name="[15d]"></a>SPI_RC522_SendByte</STRONG> (Thumb, 76 bytes, Stack size 16 bytes, rc522_function.o(.text))
<BR><BR>[Stack]<UL><LI>Max Depth = 16<LI>Call Chain = SPI_RC522_SendByte
</UL>
<BR>[Calls]<UL><LI><a href="#[12c]">&gt;&gt;</a>&nbsp;&nbsp;&nbsp;delay_2us
</UL>
<BR>[Called By]<UL><LI><a href="#[161]">&gt;&gt;</a>&nbsp;&nbsp;&nbsp;WriteRawRC
<LI><a href="#[160]">&gt;&gt;</a>&nbsp;&nbsp;&nbsp;ReadRawRC
</UL>

<P><STRONG><a name="[15e]"></a>SPI_RC522_ReadByte</STRONG> (Thumb, 72 bytes, Stack size 16 bytes, rc522_function.o(.text))
<BR><BR>[Stack]<UL><LI>Max Depth = 16<LI>Call Chain = SPI_RC522_ReadByte
</UL>
<BR>[Calls]<UL><LI><a href="#[12c]">&gt;&gt;</a>&nbsp;&nbsp;&nbsp;delay_2us
<LI><a href="#[15f]">&gt;&gt;</a>&nbsp;&nbsp;&nbsp;HAL_GPIO_ReadPin
</UL>
<BR>[Called By]<UL><LI><a href="#[160]">&gt;&gt;</a>&nbsp;&nbsp;&nbsp;ReadRawRC
</UL>

<P><STRONG><a name="[160]"></a>ReadRawRC</STRONG> (Thumb, 46 bytes, Stack size 16 bytes, rc522_function.o(.text))
<BR><BR>[Stack]<UL><LI>Max Depth = 32<LI>Call Chain = ReadRawRC &rArr; SPI_RC522_ReadByte
</UL>
<BR>[Calls]<UL><LI><a href="#[15e]">&gt;&gt;</a>&nbsp;&nbsp;&nbsp;SPI_RC522_ReadByte
<LI><a href="#[15d]">&gt;&gt;</a>&nbsp;&nbsp;&nbsp;SPI_RC522_SendByte
</UL>
<BR>[Called By]<UL><LI><a href="#[16c]">&gt;&gt;</a>&nbsp;&nbsp;&nbsp;PcdAuthState
<LI><a href="#[16a]">&gt;&gt;</a>&nbsp;&nbsp;&nbsp;CalulateCRC
<LI><a href="#[167]">&gt;&gt;</a>&nbsp;&nbsp;&nbsp;PcdComMF522
<LI><a href="#[164]">&gt;&gt;</a>&nbsp;&nbsp;&nbsp;PcdAntennaOn
<LI><a href="#[163]">&gt;&gt;</a>&nbsp;&nbsp;&nbsp;ClearBitMask
[...]
<LI><a href="#[3b5]">&gt;&gt;</a>&nbsp;&nbsp;&nbsp;proc_postfix_expr
</UL>

<P><STRONG><a name="[3af]"></a>proc_param_list</STRONG> (Thumb, 76 bytes, Stack size 24 bytes, finsh_parser.o(.text))
<BR><BR>[Stack]<UL><LI>Max Depth = 248 + In Cycle
<LI>Call Chain = proc_param_list &rArr;  proc_assign_expr (Cycle)
</UL>
<BR>[Calls]<UL><LI><a href="#[3b1]">&gt;&gt;</a>&nbsp;&nbsp;&nbsp;finsh_token_token
<LI><a href="#[3b0]">&gt;&gt;</a>&nbsp;&nbsp;&nbsp;proc_assign_expr
<LI><a href="#[395]">&gt;&gt;</a>&nbsp;&nbsp;&nbsp;finsh_error_set
</UL>
<BR>[Called By]<UL><LI><a href="#[3b5]">&gt;&gt;</a>&nbsp;&nbsp;&nbsp;proc_postfix_expr
</UL>

<P><STRONG><a name="[3b2]"></a>proc_expr</STRONG> (Thumb, 12 bytes, Stack size 8 bytes, finsh_parser.o(.text))
<BR><BR>[Stack]<UL><LI>Max Depth = 528<LI>Call Chain = proc_expr &rArr; proc_assign_expr &rArr;  proc_assign_expr (Cycle)
</UL>
<BR>[Calls]<UL><LI><a href="#[3b0]">&gt;&gt;</a>&nbsp;&nbsp;&nbsp;proc_assign_expr
</UL>
<BR>[Called By]<UL><LI><a href="#[3c1]">&gt;&gt;</a>&nbsp;&nbsp;&nbsp;proc_expr_statement
<LI><a href="#[3b4]">&gt;&gt;</a>&nbsp;&nbsp;&nbsp;proc_primary_expr
</UL>

<P><STRONG><a name="[3b3]"></a>proc_identifier</STRONG> (Thumb, 44 bytes, Stack size 16 bytes, finsh_parser.o(.text))
<BR><BR>[Stack]<UL><LI>Max Depth = 240<LI>Call Chain = proc_identifier &rArr; finsh_token_token &rArr; token_run &rArr; token_proc_number &rArr; token_spec_number
</UL>
<BR>[Calls]<UL><LI><a href="#[3b1]">&gt;&gt;</a>&nbsp;&nbsp;&nbsp;finsh_token_token
<LI><a href="#[395]">&gt;&gt;</a>&nbsp;&nbsp;&nbsp;finsh_error_set
<LI><a href="#[35b]">&gt;&gt;</a>&nbsp;&nbsp;&nbsp;strncpy
</UL>
<BR>[Called By]<UL><LI><a href="#[3bf]">&gt;&gt;</a>&nbsp;&nbsp;&nbsp;proc_variable_decl
<LI><a href="#[3b4]">&gt;&gt;</a>&nbsp;&nbsp;&nbsp;proc_primary_expr
</UL>

<P><STRONG><a name="[3b4]"></a>proc_primary_expr</STRONG> (Thumb, 158 bytes, Stack size 40 bytes, finsh_parser.o(.text))
<BR><BR>[Stack]<UL><LI>Max Depth = 280 + In Cycle
<LI>Call Chain = proc_primary_expr &rArr;  proc_expr (Cycle)
</UL>
<BR>[Calls]<UL><LI><a href="#[3b1]">&gt;&gt;</a>&nbsp;&nbsp;&nbsp;finsh_token_token
<LI><a href="#[3b3]">&gt;&gt;</a>&nbsp;&nbsp;&nbsp;proc_identifier
<LI><a href="#[3b2]">&gt;&gt;</a>&nbsp;&nbsp;&nbsp;proc_expr
<LI><a href="#[3ad]">&gt;&gt;</a>&nbsp;&nbsp;&nbsp;finsh_node_new_ptr
<LI><a href="#[3ac]">&gt;&gt;</a>&nbsp;&nbsp;&nbsp;finsh_node_new_string
<LI><a href="#[3ab]">&gt;&gt;</a>&nbsp;&nbsp;&nbsp;finsh_node_new_long
<LI><a href="#[3aa]">&gt;&gt;</a>&nbsp;&nbsp;&nbsp;finsh_node_new_int
<LI><a href="#[3a9]">&gt;&gt;</a>&nbsp;&nbsp;&nbsp;finsh_node_new_char
<LI><a href="#[3a4]">&gt;&gt;</a>&nbsp;&nbsp;&nbsp;finsh_node_new_id
<LI><a href="#[395]">&gt;&gt;</a>&nbsp;&nbsp;&nbsp;finsh_error_set
</UL>
<BR>[Called By]<UL><LI><a href="#[3b5]">&gt;&gt;</a>&nbsp;&nbsp;&nbsp;proc_postfix_expr
</UL>

<P><STRONG><a name="[3b5]"></a>proc_postfix_expr</STRONG> (Thumb, 162 bytes, Stack size 24 bytes, finsh_parser.o(.text))
<BR><BR>[Stack]<UL><LI>Max Depth = 304<LI>Call Chain = proc_postfix_expr &rArr; proc_primary_expr &rArr;  proc_expr (Cycle)
</UL>
<BR>[Calls]<UL><LI><a href="#[3b1]">&gt;&gt;</a>&nbsp;&nbsp;&nbsp;finsh_token_token
<LI><a href="#[3b4]">&gt;&gt;</a>&nbsp;&nbsp;&nbsp;proc_primary_expr
<LI><a href="#[3af]">&gt;&gt;</a>&nbsp;&nbsp;&nbsp;proc_param_list
<LI><a href="#[3ae]">&gt;&gt;</a>&nbsp;&nbsp;&nbsp;make_sys_node
<LI><a href="#[395]">&gt;&gt;</a>&nbsp;&nbsp;&nbsp;finsh_error_set
</UL>
<BR>[Called By]<UL><LI><a href="#[3b6]">&gt;&gt;</a>&nbsp;&nbsp;&nbsp;proc_unary_expr
</UL>

<P><STRONG><a name="[3b6]"></a>proc_unary_expr</STRONG> (Thumb, 190 bytes, Stack size 24 bytes, finsh_parser.o(.text))
<BR><BR>[Stack]<UL><LI>Max Depth = 328 + In Cycle
<LI>Call Chain = proc_unary_expr &rArr;  proc_cast_expr (Cycle)
</UL>
<BR>[Calls]<UL><LI><a href="#[3b1]">&gt;&gt;</a>&nbsp;&nbsp;&nbsp;finsh_token_token
<LI><a href="#[3b7]">&gt;&gt;</a>&nbsp;&nbsp;&nbsp;proc_cast_expr
<LI><a href="#[3b5]">&gt;&gt;</a>&nbsp;&nbsp;&nbsp;proc_postfix_expr
<LI><a href="#[3ae]">&gt;&gt;</a>&nbsp;&nbsp;&nbsp;make_sys_node
<LI><a href="#[3ab]">&gt;&gt;</a>&nbsp;&nbsp;&nbsp;finsh_node_new_long
</UL>
<BR>[Called By]<UL><LI><a href="#[3b7]">&gt;&gt;</a>&nbsp;&nbsp;&nbsp;proc_cast_expr
</UL>

<P><STRONG><a name="[3b8]"></a>proc_type</STRONG> (Thumb, 250 bytes, Stack size 16 bytes, finsh_parser.o(.text))
<BR><BR>[Stack]<UL><LI>Max Depth = 240<LI>Call Chain = proc_type &rArr; finsh_token_token &rArr; token_run &rArr; token_proc_number &rArr; token_spec_number
</UL>
<BR>[Calls]<UL><LI><a href="#[3b1]">&gt;&gt;</a>&nbsp;&nbsp;&nbsp;finsh_token_token
<LI><a href="#[395]">&gt;&gt;</a>&nbsp;&nbsp;&nbsp;finsh_error_set
</UL>
<BR>[Called By]<UL><LI><a href="#[3bf]">&gt;&gt;</a>&nbsp;&nbsp;&nbsp;proc_variable_decl
<LI><a href="#[3b7]">&gt;&gt;</a>&nbsp;&nbsp;&nbsp;proc_cast_expr
</UL>

<P><STRONG><a name="[3b7]"></a>proc_cast_expr</STRONG> (Thumb, 78 bytes, Stack size 24 bytes, finsh_parser.o(.text))
<BR><BR>[Stack]<UL><LI>Max Depth = 352 + In Cycle
<LI>Call Chain = proc_cast_expr &rArr;  proc_cast_expr (Cycle)
</UL>
<BR>[Calls]<UL><LI><a href="#[3b1]">&gt;&gt;</a>&nbsp;&nbsp;&nbsp;finsh_token_token
<LI><a href="#[3b7]">&gt;&gt;</a>&nbsp;&nbsp;&nbsp;proc_cast_expr
<LI><a href="#[3b8]">&gt;&gt;</a>&nbsp;&nbsp;&nbsp;proc_type
<LI><a href="#[3b6]">&gt;&gt;</a>&nbsp;&nbsp;&nbsp;proc_unary_expr
<LI><a href="#[395]">&gt;&gt;</a>&nbsp;&nbsp;&nbsp;finsh_error_set
</UL>
<BR>[Called By]<UL><LI><a href="#[3b9]">&gt;&gt;</a>&nbsp;&nbsp;&nbsp;proc_multiplicative_expr
<LI><a href="#[3b7]">&gt;&gt;</a>&nbsp;&nbsp;&nbsp;proc_cast_expr
<LI><a href="#[3b6]">&gt;&gt;</a>&nbsp;&nbsp;&nbsp;proc_unary_expr
</UL>

<P><STRONG><a name="[3b9]"></a>proc_multiplicative_expr</STRONG> (Thumb, 138 bytes, Stack size 24 bytes, finsh_parser.o(.text))
<BR><BR>[Stack]<UL><LI>Max Depth = 376<LI>Call Chain = proc_multiplicative_expr &rArr; proc_cast_expr &rArr;  proc_cast_expr (Cycle)
</UL>
<BR>[Calls]<UL><LI><a href="#[3b1]">&gt;&gt;</a>&nbsp;&nbsp;&nbsp;finsh_token_token
<LI><a href="#[3b7]">&gt;&gt;</a>&nbsp;&nbsp;&nbsp;proc_cast_expr
<LI><a href="#[3ae]">&gt;&gt;</a>&nbsp;&nbsp;&nbsp;make_sys_node
<LI><a href="#[395]">&gt;&gt;</a>&nbsp;&nbsp;&nbsp;finsh_error_set
</UL>
<BR>[Called By]<UL><LI><a href="#[3ba]">&gt;&gt;</a>&nbsp;&nbsp;&nbsp;proc_additive_expr
</UL>

<P><STRONG><a name="[3ba]"></a>proc_additive_expr</STRONG> (Thumb, 114 bytes, Stack size 24 bytes, finsh_parser.o(.text))
<BR><BR>[Stack]<UL><LI>Max Depth = 400<LI>Call Chain = proc_additive_expr &rArr; proc_multiplicative_expr &rArr; proc_cast_expr &rArr;  proc_cast_expr (Cycle)
</UL>
<BR>[Calls]<UL><LI><a href="#[3b1]">&gt;&gt;</a>&nbsp;&nbsp;&nbsp;finsh_token_token
<LI><a href="#[3b9]">&gt;&gt;</a>&nbsp;&nbsp;&nbsp;proc_multiplicative_expr
<LI><a href="#[3ae]">&gt;&gt;</a>&nbsp;&nbsp;&nbsp;make_sys_node
<LI><a href="#[395]">&gt;&gt;</a>&nbsp;&nbsp;&nbsp;finsh_error_set
</UL>
<BR>[Called By]<UL><LI><a href="#[3bb]">&gt;&gt;</a>&nbsp;&nbsp;&nbsp;proc_shift_expr
</UL>

<P><STRONG><a name="[3bb]"></a>proc_shift_expr</STRONG> (Thumb, 116 bytes, Stack size 24 bytes, finsh_parser.o(.text))
<BR><BR>[Stack]<UL><LI>Max Depth = 424<LI>Call Chain = proc_shift_expr &rArr; proc_additive_expr &rArr; proc_multiplicative_expr &rArr; proc_cast_expr &rArr;  proc_cast_expr (Cycle)
</UL>
<BR>[Calls]<UL><LI><a href="#[3b1]">&gt;&gt;</a>&nbsp;&nbsp;&nbsp;finsh_token_token
<LI><a href="#[3ba]">&gt;&gt;</a>&nbsp;&nbsp;&nbsp;proc_additive_expr
<LI><a href="#[3ae]">&gt;&gt;</a>&nbsp;&nbsp;&nbsp;make_sys_node
<LI><a href="#[395]">&gt;&gt;</a>&nbsp;&nbsp;&nbsp;finsh_error_set
</UL>
<BR>[Called By]<UL><LI><a href="#[3bc]">&gt;&gt;</a>&nbsp;&nbsp;&nbsp;proc_and_expr
</UL>

<P><STRONG><a name="[3bc]"></a>proc_and_expr</STRONG> (Thumb, 76 bytes, Stack size 24 bytes, finsh_parser.o(.text))
<BR><BR>[Stack]<UL><LI>Max Depth = 448<LI>Call Chain = proc_and_expr &rArr; proc_shift_expr &rArr; proc_additive_expr &rArr; proc_multiplicative_expr &rArr; proc_cast_expr &rArr;  proc_cast_expr (Cycle)
</UL>
<BR>[Calls]<UL><LI><a href="#[3b1]">&gt;&gt;</a>&nbsp;&nbsp;&nbsp;finsh_token_token
<LI><a href="#[3bb]">&gt;&gt;</a>&nbsp;&nbsp;&nbsp;proc_shift_expr
<LI><a href="#[3ae]">&gt;&gt;</a>&nbsp;&nbsp;&nbsp;make_sys_node
<LI><a href="#[395]">&gt;&gt;</a>&nbsp;&nbsp;&nbsp;finsh_error_set
</UL>
<BR>[Called By]<UL><LI><a href="#[3bd]">&gt;&gt;</a>&nbsp;&nbsp;&nbsp;proc_exclusive_or_expr
</UL>

<P><STRONG><a name="[3bd]"></a>proc_exclusive_or_expr</STRONG> (Thumb, 76 bytes, Stack size 24 bytes, finsh_parser.o(.text))
<BR><BR>[Stack]<UL><LI>Max Depth = 472<LI>Call Chain = proc_exclusive_or_expr &rArr; proc_and_expr &rArr; proc_shift_expr &rArr; proc_additive_expr &rArr; proc_multiplicative_expr &rArr; proc_cast_expr &rArr;  proc_cast_expr (Cycle)
</UL>
<BR>[Calls]<UL><LI><a href="#[3b1]">&gt;&gt;</a>&nbsp;&nbsp;&nbsp;finsh_token_token
<LI><a href="#[3bc]">&gt;&gt;</a>&nbsp;&nbsp;&nbsp;proc_and_expr
<LI><a href="#[3ae]">&gt;&gt;</a>&nbsp;&nbsp;&nbsp;make_sys_node
<LI><a href="#[395]">&gt;&gt;</a>&nbsp;&nbsp;&nbsp;finsh_error_set
</UL>
<BR>[Called By]<UL><LI><a href="#[3be]">&gt;&gt;</a>&nbsp;&nbsp;&nbsp;proc_inclusive_or_expr
</UL>

<P><STRONG><a name="[3be]"></a>proc_inclusive_or_expr</STRONG> (Thumb, 76 bytes, Stack size 24 bytes, finsh_parser.o(.text))
<BR><BR>[Stack]<UL><LI>Max Depth = 496<LI>Call Chain = proc_inclusive_or_expr &rArr; proc_exclusive_or_expr &rArr; proc_and_expr &rArr; proc_shift_expr &rArr; proc_additive_expr &rArr; proc_multiplicative_expr &rArr; proc_cast_expr &rArr;  proc_cast_expr (Cycle)
</UL>
<BR>[Calls]<UL><LI><a href="#[3b1]">&gt;&gt;</a>&nbsp;&nbsp;&nbsp;finsh_token_token
<LI><a href="#[3bd]">&gt;&gt;</a>&nbsp;&nbsp;&nbsp;proc_exclusive_or_expr
<LI><a href="#[3ae]">&gt;&gt;</a>&nbsp;&nbsp;&nbsp;make_sys_node
<LI><a href="#[395]">&gt;&gt;</a>&nbsp;&nbsp;&nbsp;finsh_error_set
</UL>
<BR>[Called By]<UL><LI><a href="#[3b0]">&gt;&gt;</a>&nbsp;&nbsp;&nbsp;proc_assign_expr
</UL>

<P><STRONG><a name="[3b0]"></a>proc_assign_expr</STRONG> (Thumb, 56 bytes, Stack size 24 bytes, finsh_parser.o(.text))
<BR><BR>[Stack]<UL><LI>Max Depth = 520 + In Cycle
<LI>Call Chain = proc_assign_expr &rArr;  proc_assign_expr (Cycle)
</UL>
<BR>[Calls]<UL><LI><a href="#[3b1]">&gt;&gt;</a>&nbsp;&nbsp;&nbsp;finsh_token_token
<LI><a href="#[3b0]">&gt;&gt;</a>&nbsp;&nbsp;&nbsp;proc_assign_expr
<LI><a href="#[3be]">&gt;&gt;</a>&nbsp;&nbsp;&nbsp;proc_inclusive_or_expr
<LI><a href="#[3ae]">&gt;&gt;</a>&nbsp;&nbsp;&nbsp;make_sys_node
</UL>
<BR>[Called By]<UL><LI><a href="#[3bf]">&gt;&gt;</a>&nbsp;&nbsp;&nbsp;proc_variable_decl
<LI><a href="#[3b0]">&gt;&gt;</a>&nbsp;&nbsp;&nbsp;proc_assign_expr
<LI><a href="#[3b2]">&gt;&gt;</a>&nbsp;&nbsp;&nbsp;proc_expr
<LI><a href="#[3af]">&gt;&gt;</a>&nbsp;&nbsp;&nbsp;proc_param_list
</UL>

<P><STRONG><a name="[3bf]"></a>proc_variable_decl</STRONG> (Thumb, 474 bytes, Stack size 56 bytes, finsh_parser.o(.text))
<BR><BR>[Stack]<UL><LI>Max Depth = 576<LI>Call Chain = proc_variable_decl &rArr; proc_assign_expr &rArr;  proc_assign_expr (Cycle)
</UL>
<BR>[Calls]<UL><LI><a href="#[3c0]">&gt;&gt;</a>&nbsp;&nbsp;&nbsp;finsh_var_insert
<LI><a href="#[3b1]">&gt;&gt;</a>&nbsp;&nbsp;&nbsp;finsh_token_token
<LI><a href="#[3b0]">&gt;&gt;</a>&nbsp;&nbsp;&nbsp;proc_assign_expr
<LI><a href="#[3b8]">&gt;&gt;</a>&nbsp;&nbsp;&nbsp;proc_type
<LI><a href="#[3b3]">&gt;&gt;</a>&nbsp;&nbsp;&nbsp;proc_identifier
<LI><a href="#[3ae]">&gt;&gt;</a>&nbsp;&nbsp;&nbsp;make_sys_node
<LI><a href="#[3a4]">&gt;&gt;</a>&nbsp;&nbsp;&nbsp;finsh_node_new_id
<LI><a href="#[395]">&gt;&gt;</a>&nbsp;&nbsp;&nbsp;finsh_error_set
</UL>
<BR>[Called By]<UL><LI><a href="#[36a]">&gt;&gt;</a>&nbsp;&nbsp;&nbsp;finsh_parser_run
</UL>

<P><STRONG><a name="[3c1]"></a>proc_expr_statement</STRONG> (Thumb, 56 bytes, Stack size 16 bytes, finsh_parser.o(.text))
<BR><BR>[Stack]<UL><LI>Max Depth = 544<LI>Call Chain = proc_expr_statement &rArr; proc_expr &rArr; proc_assign_expr &rArr;  proc_assign_expr (Cycle)
</UL>
<BR>[Calls]<UL><LI><a href="#[3b1]">&gt;&gt;</a>&nbsp;&nbsp;&nbsp;finsh_token_token
<LI><a href="#[3b2]">&gt;&gt;</a>&nbsp;&nbsp;&nbsp;proc_expr
<LI><a href="#[395]">&gt;&gt;</a>&nbsp;&nbsp;&nbsp;finsh_error_set
</UL>
<BR>[Called By]<UL><LI><a href="#[36a]">&gt;&gt;</a>&nbsp;&nbsp;&nbsp;finsh_parser_run
</UL>

<P><STRONG><a name="[3c8]"></a>token_prev_char</STRONG> (Thumb, 22 bytes, Stack size 0 bytes, finsh_token.o(.text))
<BR><BR>[Called By]<UL><LI><a href="#[3ce]">&gt;&gt;</a>&nbsp;&nbsp;&nbsp;token_get_string
<LI><a href="#[3d0]">&gt;&gt;</a>&nbsp;&nbsp;&nbsp;token_run
<LI><a href="#[3cf]">&gt;&gt;</a>&nbsp;&nbsp;&nbsp;token_trim_space
<LI><a href="#[3cc]">&gt;&gt;</a>&nbsp;&nbsp;&nbsp;token_proc_char
<LI><a href="#[3ca]">&gt;&gt;</a>&nbsp;&nbsp;&nbsp;token_proc_escape
<LI><a href="#[3c7]">&gt;&gt;</a>&nbsp;&nbsp;&nbsp;token_proc_number
</UL>

<P><STRONG><a name="[3c6]"></a>token_next_char</STRONG> (Thumb, 62 bytes, Stack size 8 bytes, finsh_token.o(.text))
<BR><BR>[Stack]<UL><LI>Max Depth = 8<LI>Call Chain = token_next_char
</UL>
<BR>[Calls]<UL><LI><a href="#[358]">&gt;&gt;</a>&nbsp;&nbsp;&nbsp;strlen
</UL>
<BR>[Called By]<UL><LI><a href="#[3ce]">&gt;&gt;</a>&nbsp;&nbsp;&nbsp;token_get_string
<LI><a href="#[3d0]">&gt;&gt;</a>&nbsp;&nbsp;&nbsp;token_run
<LI><a href="#[3cf]">&gt;&gt;</a>&nbsp;&nbsp;&nbsp;token_trim_space
<LI><a href="#[3cc]">&gt;&gt;</a>&nbsp;&nbsp;&nbsp;token_proc_char
<LI><a href="#[3cb]">&gt;&gt;</a>&nbsp;&nbsp;&nbsp;token_proc_string
<LI><a href="#[3ca]">&gt;&gt;</a>&nbsp;&nbsp;&nbsp;token_proc_escape
<LI><a href="#[3c7]">&gt;&gt;</a>&nbsp;&nbsp;&nbsp;token_proc_number
</UL>

<P><STRONG><a name="[3c9]"></a>token_spec_number</STRONG> (Thumb, 152 bytes, Stack size 40 bytes, finsh_token.o(.text))
<BR><BR>[Stack]<UL><LI>Max Depth = 40<LI>Call Chain = token_spec_number
</UL>
<BR>[Called By]<UL><LI><a href="#[3c7]">&gt;&gt;</a>&nbsp;&nbsp;&nbsp;token_proc_number
</UL>

<P><STRONG><a name="[3c7]"></a>token_proc_number</STRONG> (Thumb, 288 bytes, Stack size 160 bytes, finsh_token.o(.text))
<BR><BR>[Stack]<UL><LI>Max Depth = 200<LI>Call Chain = token_proc_number &rArr; token_spec_number
</UL>
<BR>[Calls]<UL><LI><a href="#[358]">&gt;&gt;</a>&nbsp;&nbsp;&nbsp;strlen
<LI><a href="#[3c9]">&gt;&gt;</a>&nbsp;&nbsp;&nbsp;token_spec_number
<LI><a href="#[3c6]">&gt;&gt;</a>&nbsp;&nbsp;&nbsp;token_next_char
<LI><a href="#[3c8]">&gt;&gt;</a>&nbsp;&nbsp;&nbsp;token_prev_char
</UL>
<BR>[Called By]<UL><LI><a href="#[3d0]">&gt;&gt;</a>&nbsp;&nbsp;&nbsp;token_run
</UL>

<P><STRONG><a name="[3ca]"></a>token_proc_escape</STRONG> (Thumb, 214 bytes, Stack size 16 bytes, finsh_token.o(.text))
<BR><BR>[Stack]<UL><LI>Max Depth = 24<LI>Call Chain = token_proc_escape &rArr; token_next_char
</UL>
<BR>[Calls]<UL><LI><a href="#[3c6]">&gt;&gt;</a>&nbsp;&nbsp;&nbsp;token_next_char
<LI><a href="#[3c8]">&gt;&gt;</a>&nbsp;&nbsp;&nbsp;token_prev_char
</UL>
<BR>[Called By]<UL><LI><a href="#[3cb]">&gt;&gt;</a>&nbsp;&nbsp;&nbsp;token_proc_string
</UL>

<P><STRONG><a name="[3cb]"></a>token_proc_string</STRONG> (Thumb, 80 bytes, Stack size 16 bytes, finsh_token.o(.text))
<BR><BR>[Stack]<UL><LI>Max Depth = 40<LI>Call Chain = token_proc_string &rArr; token_proc_escape &rArr; token_next_char
</UL>
<BR>[Calls]<UL><LI><a href="#[395]">&gt;&gt;</a>&nbsp;&nbsp;&nbsp;finsh_error_set
<LI><a href="#[3ca]">&gt;&gt;</a>&nbsp;&nbsp;&nbsp;token_proc_escape
<LI><a href="#[3c6]">&gt;&gt;</a>&nbsp;&nbsp;&nbsp;token_next_char
</UL>
<BR>[Called By]<UL><LI><a href="#[3d0]">&gt;&gt;</a>&nbsp;&nbsp;&nbsp;token_run
</UL>

<P><STRONG><a name="[3cc]"></a>token_proc_char</STRONG> (Thumb, 162 bytes, Stack size 24 bytes, finsh_token.o(.text))
<BR><BR>[Stack]<UL><LI>Max Depth = 112<LI>Call Chain = token_proc_char &rArr; atoi &rArr; strtol &rArr; _strtoul
</UL>
<BR>[Calls]<UL><LI><a href="#[395]">&gt;&gt;</a>&nbsp;&nbsp;&nbsp;finsh_error_set
<LI><a href="#[19b]">&gt;&gt;</a>&nbsp;&nbsp;&nbsp;atoi
<LI><a href="#[3c6]">&gt;&gt;</a>&nbsp;&nbsp;&nbsp;token_next_char
<LI><a href="#[3c8]">&gt;&gt;</a>&nbsp;&nbsp;&nbsp;token_prev_char
</UL>
<BR>[Called By]<UL><LI><a href="#[3d0]">&gt;&gt;</a>&nbsp;&nbsp;&nbsp;token_run
</UL>

<P><STRONG><a name="[3cd]"></a>token_match_name</STRONG> (Thumb, 48 bytes, Stack size 16 bytes, finsh_token.o(.text))
<BR><BR>[Stack]<UL><LI>Max Depth = 24<LI>Call Chain = token_match_name &rArr; strcmp
</UL>
<BR>[Calls]<UL><LI><a href="#[129]">&gt;&gt;</a>&nbsp;&nbsp;&nbsp;strcmp
</UL>
<BR>[Called By]<UL><LI><a href="#[3d0]">&gt;&gt;</a>&nbsp;&nbsp;&nbsp;token_run
</UL>

<P><STRONG><a name="[3cf]"></a>token_trim_space</STRONG> (Thumb, 34 bytes, Stack size 16 bytes, finsh_token.o(.text))
<BR><BR>[Stack]<UL><LI>Max Depth = 24<LI>Call Chain = token_trim_space &rArr; token_next_char
</UL>
<BR>[Calls]<UL><LI><a href="#[3c6]">&gt;&gt;</a>&nbsp;&nbsp;&nbsp;token_next_char
<LI><a href="#[3c8]">&gt;&gt;</a>&nbsp;&nbsp;&nbsp;token_prev_char
</UL>
<BR>[Called By]<UL><LI><a href="#[3d0]">&gt;&gt;</a>&nbsp;&nbsp;&nbsp;token_run
</UL>

<P><STRONG><a name="[3d0]"></a>token_run</STRONG> (Thumb, 414 bytes, Stack size 16 bytes, finsh_token.o(.text))
<BR><BR>[Stack]<UL><LI>Max Depth = 216<LI>Call Chain = token_run &rArr; token_proc_number &rArr; token_spec_number
</UL>
<BR>[Calls]<UL><LI><a href="#[395]">&gt;&gt;</a>&nbsp;&nbsp;&nbsp;finsh_error_set
<LI><a href="#[3ce]">&gt;&gt;</a>&nbsp;&nbsp;&nbsp;token_get_string
<LI><a href="#[3cf]">&gt;&gt;</a>&nbsp;&nbsp;&nbsp;token_trim_space
<LI><a href="#[3cd]">&gt;&gt;</a>&nbsp;&nbsp;&nbsp;token_match_name
<LI><a href="#[3cc]">&gt;&gt;</a>&nbsp;&nbsp;&nbsp;token_proc_char
<LI><a href="#[3cb]">&gt;&gt;</a>&nbsp;&nbsp;&nbsp;token_proc_string
<LI><a href="#[3c7]">&gt;&gt;</a>&nbsp;&nbsp;&nbsp;token_proc_number
<LI><a href="#[3c6]">&gt;&gt;</a>&nbsp;&nbsp;&nbsp;token_next_char
<LI><a href="#[3c8]">&gt;&gt;</a>&nbsp;&nbsp;&nbsp;token_prev_char
</UL>
<BR>[Called By]<UL><LI><a href="#[3b1]">&gt;&gt;</a>&nbsp;&nbsp;&nbsp;finsh_token_token
</UL>

<P><STRONG><a name="[3ef]"></a>_fp_digits</STRONG> (Thumb, 366 bytes, Stack size 64 bytes, printfa.o(i._fp_digits), UNUSED)
<BR><BR>[Calls]<UL><LI><a href="#[13b]">&gt;&gt;</a>&nbsp;&nbsp;&nbsp;__aeabi_dmul
<LI><a href="#[186]">&gt;&gt;</a>&nbsp;&nbsp;&nbsp;__aeabi_cdrcmple
<LI><a href="#[3e7]">&gt;&gt;</a>&nbsp;&nbsp;&nbsp;__aeabi_ddiv
<LI><a href="#[3dd]">&gt;&gt;</a>&nbsp;&nbsp;&nbsp;__aeabi_dadd
<LI><a href="#[3e9]">&gt;&gt;</a>&nbsp;&nbsp;&nbsp;__aeabi_d2ulz
<LI><a href="#[3e4]">&gt;&gt;</a>&nbsp;&nbsp;&nbsp;__aeabi_uldivmod
</UL>
<BR>[Called By]<UL><LI><a href="#[3ed]">&gt;&gt;</a>&nbsp;&nbsp;&nbsp;_printf_core
</UL>

<P><STRONG><a name="[3ed]"></a>_printf_core</STRONG> (Thumb, 1744 bytes, Stack size 136 bytes, printfa.o(i._printf_core), UNUSED)
<BR><BR>[Calls]<UL><LI><a href="#[3f0]">&gt;&gt;</a>&nbsp;&nbsp;&nbsp;_printf_pre_padding
<LI><a href="#[3f1]">&gt;&gt;</a>&nbsp;&nbsp;&nbsp;_printf_post_padding
<LI><a href="#[3ef]">&gt;&gt;</a>&nbsp;&nbsp;&nbsp;_fp_digits
<LI><a href="#[3e4]">&gt;&gt;</a>&nbsp;&nbsp;&nbsp;__aeabi_uldivmod
<LI><a href="#[3f2]">&gt;&gt;</a>&nbsp;&nbsp;&nbsp;__aeabi_uidivmod
</UL>
<BR>[Called By]<UL><LI><a href="#[3ee]">&gt;&gt;</a>&nbsp;&nbsp;&nbsp;__0sprintf
<LI><a href="#[3ec]">&gt;&gt;</a>&nbsp;&nbsp;&nbsp;__0printf
</UL>

<P><STRONG><a name="[3f1]"></a>_printf_post_padding</STRONG> (Thumb, 36 bytes, Stack size 24 bytes, printfa.o(i._printf_post_padding), UNUSED)
<BR><BR>[Called By]<UL><LI><a href="#[3ed]">&gt;&gt;</a>&nbsp;&nbsp;&nbsp;_printf_core
</UL>

<P><STRONG><a name="[3f0]"></a>_printf_pre_padding</STRONG> (Thumb, 46 bytes, Stack size 24 bytes, printfa.o(i._printf_pre_padding), UNUSED)
<BR><BR>[Called By]<UL><LI><a href="#[3ed]">&gt;&gt;</a>&nbsp;&nbsp;&nbsp;_printf_core
</UL>

<P><STRONG><a name="[76]"></a>_sputc</STRONG> (Thumb, 10 bytes, Stack size 0 bytes, printfa.o(i._sputc))
<BR><BR>[Called By]<UL><LI><a href="#[3ee]">&gt;&gt;</a>&nbsp;&nbsp;&nbsp;__0sprintf
</UL>
<BR>[Address Reference Count : 1]<UL><LI> printfa.o(i.__0sprintf)
</UL><P>
<H3>
Undefined Global Symbols
</H3><HR></body></html>
