Component: ARM Compiler 5.06 update 6 (build 750) Tool: armlink [4d35ed]

==============================================================================

Section Cross References

    24cxx.o(.text) refers to myiic.o(.text) for IIC_Init
    24cxx.o(.text) refers to public.o(.text) for Delay_ms
    24l01.o(.text) refers to stm32f1xx_hal_spi_ex.o(.text) for HAL_SPI_Init
    24l01.o(.text) refers to spi.o(.text) for SPI2_ReadWriteByte
    24l01.o(.text) refers to stm32f1xx_hal_gpio.o(.text) for HAL_GPIO_Init
    24l01.o(.text) refers to printfa.o(i.__0printf) for __2printf
    24l01.o(.text) refers to spi.o(.bss) for SPI2_Handler
    24l01.o(.text) refers to 24l01.o(.constdata) for RX_ADDRESS
    beep.o(.text) refers to stm32f1xx_hal_gpio.o(.text) for HAL_GPIO_Init
    beep.o(.text) refers to public.o(.text) for Delay_ms
    beep.o(.text) refers to thread.o(.text) for rt_thread_delay
    bsp_key.o(.text) refers to stm32f1xx_hal_gpio.o(.text) for HAL_GPIO_Init
    bsp_key.o(.text) refers to thread.o(.text) for rt_thread_mdelay
    bsp_key.o(.text) refers to bsp_key.o(.data) for key_up
    bsp_led.o(.text) refers to stm32f1xx_hal_gpio.o(.text) for HAL_GPIO_WritePin
    bsp_led.o(.text) refers to public.o(.text) for Delay_ms
    bsp_led.o(.text) refers to thread.o(.text) for rt_thread_delay
    bsp_led.o(.text) refers to scheduler.o(.text) for rt_enter_critical
    bsp_led.o(.text) refers to lcd.o(.text) for LCD_ShowString
    bsp_led.o(.text) refers to bsp_led.o(.data) for cnt
    bsp_led.o(.text) refers to lcd.o(.data) for POINT_COLOR
    bsp_timer.o(.text) refers to stm32f1xx_hal_tim.o(.text) for HAL_TIM_Base_Init
    bsp_timer.o(.text) refers to stm32f1xx_hal_cortex.o(.text) for HAL_NVIC_SetPriority
    bsp_timer.o(.text) refers to bsp_timer.o(.bss) for TIM5_Handler
    bsp_timer.o(.text) refers to usart.o(.data) for USART_RX2_STA
    ctiic.o(.text) refers to delay.o(.text) for delay_us
    ctiic.o(.text) refers to stm32f1xx_hal_gpio.o(.text) for HAL_GPIO_Init
    delay.o(.text) refers to stm32f1xx_hal_rcc.o(.text) for HAL_RCC_GetHCLKFreq
    delay.o(.text) refers to stm32f1xx_hal_cortex.o(.text) for HAL_SYSTICK_CLKSourceConfig
    delay.o(.text) refers to delay.o(.data) for fac_us
    ft5206.o(.text) refers to ctiic.o(.text) for CT_IIC_Start
    ft5206.o(.text) refers to stm32f1xx_hal_gpio.o(.text) for HAL_GPIO_Init
    ft5206.o(.text) refers to delay.o(.text) for delay_ms
    ft5206.o(.text) refers to printfa.o(i.__0printf) for __2printf
    ft5206.o(.text) refers to ft5206.o(.data) for t
    ft5206.o(.text) refers to touch.o(.data) for tp_dev
    ft5206.o(.text) refers to ft5206.o(.constdata) for FT5206_TPX_TBL
    gt9147.o(.text) refers to ctiic.o(.text) for CT_IIC_Start
    gt9147.o(.text) refers to stm32f1xx_hal_gpio.o(.text) for HAL_GPIO_Init
    gt9147.o(.text) refers to delay.o(.text) for delay_ms
    gt9147.o(.text) refers to printfa.o(i.__0printf) for __2printf
    gt9147.o(.text) refers to strcmp.o(.text) for strcmp
    gt9147.o(.text) refers to gt9147.o(.constdata) for GT9147_CFG_TBL
    gt9147.o(.text) refers to gt9147.o(.data) for t
    gt9147.o(.text) refers to touch.o(.data) for tp_dev
    gt9147.o(.text) refers to lcd.o(.bss) for lcddev
    lcd.o(.text) refers to public.o(.text) for delay_2us
    lcd.o(.text) refers to lcd.o(.bss) for lcddev
    lcd.o(.text) refers to dfltui.o(.text) for __aeabi_ui2d
    lcd.o(.text) refers to dmul.o(.text) for __aeabi_dmul
    lcd.o(.text) refers to dfixui.o(.text) for __aeabi_d2uiz
    lcd.o(.text) refers to lcd.o(.data) for POINT_COLOR
    lcd.o(.text) refers to stm32f1xx_hal_gpio.o(.text) for HAL_GPIO_Init
    lcd.o(.text) refers to stm32f1xx_hal_sram.o(.text) for HAL_SRAM_Init
    lcd.o(.text) refers to printfa.o(i.__0printf) for __2printf
    lcd.o(.text) refers to lcd.o(.constdata) for asc2_1206
    myiic.o(.text) refers to stm32f1xx_hal_gpio.o(.text) for HAL_GPIO_Init
    myiic.o(.text) refers to public.o(.text) for delay_2us
    ott2001a.o(.text) refers to ctiic.o(.text) for CT_IIC_Start
    ott2001a.o(.text) refers to stm32f1xx_hal_gpio.o(.text) for HAL_GPIO_Init
    ott2001a.o(.text) refers to delay.o(.text) for delay_ms
    ott2001a.o(.text) refers to printfa.o(i.__0printf) for __2printf
    ott2001a.o(.text) refers to dflti.o(.text) for __aeabi_i2d
    ott2001a.o(.text) refers to dmul.o(.text) for __aeabi_dmul
    ott2001a.o(.text) refers to dfixui.o(.text) for __aeabi_d2uiz
    ott2001a.o(.text) refers to dadd.o(.text) for __aeabi_drsub
    ott2001a.o(.text) refers to ott2001a.o(.data) for t
    ott2001a.o(.text) refers to touch.o(.data) for tp_dev
    ott2001a.o(.text) refers to ott2001a.o(.constdata) for OTT_TPX_TBL
    public.o(.text) refers to dfltui.o(.text) for __aeabi_ui2d
    public.o(.text) refers to dmul.o(.text) for __aeabi_dmul
    public.o(.text) refers to dfixi.o(.text) for __aeabi_d2iz
    rtc.o(.text) refers to stm32f1xx_hal_rtc.o(.text) for HAL_RTC_Init
[...]
    rt_event_delete                          0x08015501   Thumb Code   126  ipc.o(.text)
    rt_event_send                            0x0801557f   Thumb Code   234  ipc.o(.text)
    rt_event_recv                            0x08015669   Thumb Code   402  ipc.o(.text)
    rt_event_control                         0x080157fb   Thumb Code    92  ipc.o(.text)
    rt_mb_init                               0x08015857   Thumb Code   198  ipc.o(.text)
    rt_mb_detach                             0x0801591d   Thumb Code    88  ipc.o(.text)
    rt_mb_create                             0x08015975   Thumb Code   128  ipc.o(.text)
    rt_mb_delete                             0x080159f5   Thumb Code   140  ipc.o(.text)
    rt_mb_send_wait                          0x08015a81   Thumb Code   400  ipc.o(.text)
    rt_mb_send                               0x08015c11   Thumb Code    18  ipc.o(.text)
    rt_mb_recv                               0x08015c23   Thumb Code   578  ipc.o(.text)
    rt_mb_control                            0x08015e65   Thumb Code   104  ipc.o(.text)
    rt_mq_init                               0x08015ecd   Thumb Code   118  ipc.o(.text)
    rt_mq_detach                             0x08015f43   Thumb Code    78  ipc.o(.text)
    rt_mq_delete                             0x08015f91   Thumb Code   126  ipc.o(.text)
    rt_mq_create                             0x0801600f   Thumb Code   170  ipc.o(.text)
    rt_mq_send                               0x080160b9   Thumb Code   222  ipc.o(.text)
    rt_mq_urgent                             0x08016197   Thumb Code   424  ipc.o(.text)
    rt_mq_recv                               0x0801633f   Thumb Code   458  ipc.o(.text)
    rt_mq_control                            0x08016509   Thumb Code   120  ipc.o(.text)
    rt_interrupt_enter_sethook               0x080165d9   Thumb Code     6  irq.o(.text)
    rt_interrupt_leave_sethook               0x080165df   Thumb Code     6  irq.o(.text)
    rt_interrupt_enter                       0x080165e5   Thumb Code    46  irq.o(.text)
    rt_interrupt_leave                       0x08016613   Thumb Code    46  irq.o(.text)
    rt_interrupt_get_nest                    0x08016641   Thumb Code     6  irq.o(.text)
    rt_get_errno                             0x08016655   Thumb Code    32  kservice.o(.text)
    rt_set_errno                             0x08016675   Thumb Code    36  kservice.o(.text)
    _rt_errno                                0x08016699   Thumb Code    30  kservice.o(.text)
    rt_memset                                0x080166b7   Thumb Code    72  kservice.o(.text)
    rt_memcpy                                0x080166ff   Thumb Code   124  kservice.o(.text)
    rt_memmove                               0x0801677b   Thumb Code    66  kservice.o(.text)
    rt_memcmp                                0x080167bd   Thumb Code    38  kservice.o(.text)
    rt_strlen                                0x080167e3   Thumb Code    18  kservice.o(.text)
    rt_strstr                                0x080167f5   Thumb Code    58  kservice.o(.text)
    rt_strcasecmp                            0x0801682f   Thumb Code    48  kservice.o(.text)
    rt_strncpy                               0x0801685f   Thumb Code    52  kservice.o(.text)
    rt_strncmp                               0x08016893   Thumb Code    40  kservice.o(.text)
    rt_strcmp                                0x080168bb   Thumb Code    28  kservice.o(.text)
    rt_strnlen                               0x080168d7   Thumb Code    24  kservice.o(.text)
    rt_strdup                                0x080168ef   Thumb Code    40  kservice.o(.text)
    strdup                                   0x080168ef   Thumb Code     0  kservice.o(.text)
    rt_hw_console_output                     0x08016917   Thumb Code     2  kservice.o(.text)
    rt_vsnprintf                             0x08016add   Thumb Code   800  kservice.o(.text)
    rt_kprintf                               0x08016dfd   Thumb Code    96  kservice.o(.text)
    rt_show_version                          0x08016e5d   Thumb Code    38  kservice.o(.text)
    rt_snprintf                              0x08016e83   Thumb Code    38  kservice.o(.text)
    rt_vsprintf                              0x08016ea9   Thumb Code    22  kservice.o(.text)
    rt_sprintf                               0x08016ebf   Thumb Code    34  kservice.o(.text)
    rt_console_get_device                    0x08016ee1   Thumb Code     6  kservice.o(.text)
    rt_console_set_device                    0x08016ee7   Thumb Code    48  kservice.o(.text)
    rt_kputs                                 0x08016f17   Thumb Code    78  kservice.o(.text)
    rt_malloc_align                          0x08016f65   Thumb Code    66  kservice.o(.text)
    rt_free_align                            0x08016fa7   Thumb Code    16  kservice.o(.text)
    __rt_ffs                                 0x08016fb7   Thumb Code    70  kservice.o(.text)
    rt_assert_set_hook                       0x08016ffd   Thumb Code     6  kservice.o(.text)
    rt_assert_handler                        0x08017003   Thumb Code    56  kservice.o(.text)
    rt_malloc_sethook                        0x08017115   Thumb Code     6  mem.o(.text)
    rt_free_sethook                          0x0801711b   Thumb Code     6  mem.o(.text)
    rt_system_heap_init                      0x080171c1   Thumb Code   204  mem.o(.text)
    rt_malloc                                0x0801728d   Thumb Code   522  mem.o(.text)
    rt_free                                  0x08017497   Thumb Code   688  mem.o(.text)
    rt_realloc                               0x08017747   Thumb Code   324  mem.o(.text)
    rt_calloc                                0x0801788b   Thumb Code    84  mem.o(.text)
    rt_memory_info                           0x080178df   Thumb Code    26  mem.o(.text)
    list_mem                                 0x080178f9   Thumb Code    34  mem.o(.text)
    rt_mp_alloc_sethook                      0x08017a09   Thumb Code     6  mempool.o(.text)
    rt_mp_free_sethook                       0x08017a0f   Thumb Code     6  mempool.o(.text)
    rt_mp_init                               0x08017a15   Thumb Code   128  mempool.o(.text)
    rt_mp_detach                             0x08017a95   Thumb Code   114  mempool.o(.text)
    rt_mp_create                             0x08017b07   Thumb Code   174  mempool.o(.text)
    rt_mp_delete                             0x08017bb5   Thumb Code   172  mempool.o(.text)
    rt_mp_alloc                              0x08017c61   Thumb Code   278  mempool.o(.text)
    rt_mp_free                               0x08017d77   Thumb Code    98  mempool.o(.text)
    rt_object_attach_sethook                 0x08017f19   Thumb Code     6  object.o(.text)
    rt_object_detach_sethook                 0x08017f1f   Thumb Code     6  object.o(.text)
    rt_object_trytake_sethook                0x08017f25   Thumb Code     6  object.o(.text)
    rt_object_take_sethook                   0x08017f2b   Thumb Code     6  object.o(.text)
    rt_object_put_sethook                    0x08017f31   Thumb Code     6  object.o(.text)
    rt_system_object_init                    0x08017f37   Thumb Code     2  object.o(.text)
    rt_object_get_information                0x08017f39   Thumb Code    36  object.o(.text)
    rt_object_init                           0x08017f5d   Thumb Code    90  object.o(.text)
    rt_object_detach                         0x08017fb7   Thumb Code    62  object.o(.text)
    rt_object_allocate                       0x08017ff5   Thumb Code   158  object.o(.text)
    rt_object_delete                         0x08018093   Thumb Code    88  object.o(.text)
    rt_object_is_systemobject                0x080180eb   Thumb Code    34  object.o(.text)
    rt_object_get_type                       0x0801810d   Thumb Code    26  object.o(.text)
    rt_object_find                           0x08018127   Thumb Code   142  object.o(.text)
    rt_scheduler_sethook                     0x0801826d   Thumb Code     6  scheduler.o(.text)
    rt_system_scheduler_init                 0x080182cd   Thumb Code    56  scheduler.o(.text)
    rt_system_scheduler_start                0x08018305   Thumb Code    36  scheduler.o(.text)
    rt_schedule                              0x08018329   Thumb Code   160  scheduler.o(.text)
    rt_schedule_insert_thread                0x080183c9   Thumb Code    90  scheduler.o(.text)
    rt_schedule_remove_thread                0x08018423   Thumb Code    94  scheduler.o(.text)
    rt_enter_critical                        0x08018481   Thumb Code    28  scheduler.o(.text)
    rt_exit_critical                         0x0801849d   Thumb Code    54  scheduler.o(.text)
    rt_critical_level                        0x080184d3   Thumb Code     8  scheduler.o(.text)
    rt_thread_handle_sig                     0x0801857b   Thumb Code   156  signal.o(.text)
    rt_thread_alloc_sig                      0x080186eb   Thumb Code    62  signal.o(.text)
    rt_signal_install                        0x08018729   Thumb Code    98  signal.o(.text)
    rt_signal_mask                           0x0801878b   Thumb Code    34  signal.o(.text)
    rt_signal_unmask                         0x080187ad   Thumb Code    56  signal.o(.text)
    rt_signal_wait                           0x080187e5   Thumb Code   346  signal.o(.text)
    rt_thread_free_sig                       0x0801893f   Thumb Code    66  signal.o(.text)
    rt_thread_kill                           0x08018981   Thumb Code   236  signal.o(.text)
    rt_system_signal_init                    0x08018a6d   Thumb Code    38  signal.o(.text)
    rt_thread_suspend_sethook                0x08018b61   Thumb Code     6  thread.o(.text)
    rt_thread_resume_sethook                 0x08018b67   Thumb Code     6  thread.o(.text)
    rt_thread_inited_sethook                 0x08018b6d   Thumb Code     6  thread.o(.text)
    rt_thread_exit                           0x08018b73   Thumb Code    78  thread.o(.text)
    rt_thread_timeout                        0x08018bc1   Thumb Code    90  thread.o(.text)
    rt_thread_init                           0x08018cc7   Thumb Code    74  thread.o(.text)
    rt_thread_self                           0x08018d11   Thumb Code     6  thread.o(.text)
    rt_thread_resume                         0x08018d17   Thumb Code   120  thread.o(.text)
    rt_thread_startup                        0x08018d8f   Thumb Code   108  thread.o(.text)
    rt_thread_detach                         0x08018dfb   Thumb Code   126  thread.o(.text)
    rt_thread_create                         0x08018e79   Thumb Code    80  thread.o(.text)
    rt_thread_delete                         0x08018ec9   Thumb Code   114  thread.o(.text)
    rt_thread_yield                          0x08018f3b   Thumb Code   454  thread.o(.text)
    rt_thread_suspend                        0x08019101   Thumb Code   130  thread.o(.text)
    rt_thread_sleep                          0x08019183   Thumb Code    98  thread.o(.text)
    rt_thread_delay                          0x080191e5   Thumb Code    12  thread.o(.text)
    rt_thread_mdelay                         0x080191f1   Thumb Code    20  thread.o(.text)
    rt_thread_control                        0x08019205   Thumb Code   154  thread.o(.text)
    rt_thread_find                           0x0801929f   Thumb Code    96  thread.o(.text)
    rt_timer_enter_sethook                   0x08019347   Thumb Code     6  timer.o(.text)
    rt_timer_exit_sethook                    0x0801934d   Thumb Code     6  timer.o(.text)
    rt_timer_init                            0x080193df   Thumb Code    58  timer.o(.text)
    rt_timer_detach                          0x08019419   Thumb Code    82  timer.o(.text)
    rt_timer_create                          0x0801946b   Thumb Code    54  timer.o(.text)
    rt_timer_delete                          0x080194a1   Thumb Code    88  timer.o(.text)
    rt_timer_start                           0x080194f9   Thumb Code   358  timer.o(.text)
    rt_timer_stop                            0x0801965f   Thumb Code   102  timer.o(.text)
    rt_timer_control                         0x080196c5   Thumb Code   372  timer.o(.text)
    rt_timer_check                           0x08019839   Thumb Code   166  timer.o(.text)
    rt_timer_next_timeout_tick               0x080198df   Thumb Code    10  timer.o(.text)
    rt_soft_timer_check                      0x080198e9   Thumb Code   168  timer.o(.text)
    rt_system_timer_init                     0x080199cf   Thumb Code    24  timer.o(.text)
    rt_system_timer_thread_init              0x080199e7   Thumb Code    58  timer.o(.text)
    rt_hw_stack_init                         0x08019a5d   Thumb Code    70  cpuport.o(.text)
    rt_hw_exception_install                  0x08019aa3   Thumb Code     6  cpuport.o(.text)
    rt_hw_hard_fault_exception               0x08019c87   Thumb Code   198  cpuport.o(.text)
    rt_hw_cpu_shutdown                       0x08019d4d   Thumb Code    22  cpuport.o(.text)
    rt_hw_cpu_reset                          0x08019d63   Thumb Code    10  cpuport.o(.text)
    rt_hw_interrupt_disable                  0x0801a03d   Thumb Code     8  context_rvds.o(.text)
    rt_hw_interrupt_enable                   0x0801a045   Thumb Code     6  context_rvds.o(.text)
    rt_hw_context_switch                     0x0801a04b   Thumb Code    32  context_rvds.o(.text)
    rt_hw_context_switch_interrupt           0x0801a04b   Thumb Code     0  context_rvds.o(.text)
    PendSV_Handler                           0x0801a06b   Thumb Code    60  context_rvds.o(.text)
    rt_hw_context_switch_to                  0x0801a0a7   Thumb Code    58  context_rvds.o(.text)
    rt_hw_interrupt_thread_switch            0x0801a0e1   Thumb Code     2  context_rvds.o(.text)
    HardFault_Handler                        0x0801a0e3   Thumb Code    52  context_rvds.o(.text)
    finsh_set_prompt                         0x0801a131   Thumb Code    64  shell.o(.text)
    finsh_get_prompt                         0x0801a171   Thumb Code    84  shell.o(.text)
    finsh_get_prompt_mode                    0x0801a1c5   Thumb Code    32  shell.o(.text)
    finsh_set_prompt_mode                    0x0801a1e5   Thumb Code    42  shell.o(.text)
    finsh_set_device                         0x0801a26d   Thumb Code   156  shell.o(.text)
    finsh_get_device                         0x0801a309   Thumb Code    28  shell.o(.text)
    finsh_set_echo                           0x0801a325   Thumb Code    42  shell.o(.text)
    finsh_get_echo                           0x0801a34f   Thumb Code    32  shell.o(.text)
    finsh_run_line                           0x0801a3a1   Thumb Code   164  shell.o(.text)
    finsh_thread_entry                       0x0801a5f1   Thumb Code  1356  shell.o(.text)
    finsh_system_function_init               0x0801ab3d   Thumb Code    10  shell.o(.text)
    finsh_system_var_init                    0x0801ab47   Thumb Code    10  shell.o(.text)
    finsh_system_init                        0x0801ab51   Thumb Code   110  shell.o(.text)
    hello                                    0x0801ac25   Thumb Code    12  cmd.o(.text)
    version                                  0x0801ac31   Thumb Code    10  cmd.o(.text)
    list_thread                              0x0801ad43   Thumb Code    18  cmd.o(.text)
    list_sem                                 0x0801ae0b   Thumb Code    18  cmd.o(.text)
    list_event                               0x0801ae9f   Thumb Code    18  cmd.o(.text)
    list_mutex                               0x0801af13   Thumb Code    18  cmd.o(.text)
    list_mailbox                             0x0801afbb   Thumb Code    18  cmd.o(.text)
    list_msgqueue                            0x0801b323   Thumb Code    18  cmd.o(.text)
    list_memheap                             0x0801b389   Thumb Code    18  cmd.o(.text)
    list_mempool                             0x0801b425   Thumb Code    18  cmd.o(.text)
    list_timer                               0x0801b4ab   Thumb Code    18  cmd.o(.text)
    list_device                              0x0801b531   Thumb Code    18  cmd.o(.text)
    list                                     0x0801b543   Thumb Code   126  cmd.o(.text)
    list_prefix                              0x0801b603   Thumb Code  1126  cmd.o(.text)
    msh_is_used                              0x0801bab9   Thumb Code     6  msh.o(.text)
    msh_help                                 0x0801bad3   Thumb Code    66  msh.o(.text)
    msh_exec                                 0x0801bcb3   Thumb Code    82  msh.o(.text)
    msh_auto_complete                        0x0801bd25   Thumb Code   138  msh.o(.text)
    cmd_ifconfig                             0x0801be3d   Thumb Code    58  msh_cmd.o(.text)
    cmd_netstat                              0x0801be77   Thumb Code     6  msh_cmd.o(.text)
    cmd_ps                                   0x0801be7d   Thumb Code    14  msh_cmd.o(.text)
    cmd_time                                 0x0801be8b   Thumb Code     6  msh_cmd.o(.text)
    cmd_free                                 0x0801be91   Thumb Code    14  msh_cmd.o(.text)
    finsh_compiler_run                       0x0801d693   Thumb Code    88  finsh_compiler.o(.text)
    finsh_error_init                         0x0801d6fd   Thumb Code     8  finsh_error.o(.text)
    finsh_error_set                          0x0801d705   Thumb Code    10  finsh_error.o(.text)
    finsh_errno                              0x0801d70f   Thumb Code     6  finsh_error.o(.text)
    finsh_error_string                       0x0801d715   Thumb Code    10  finsh_error.o(.text)
    finsh_heap_init                          0x0801d729   Thumb Code    36  finsh_heap.o(.text)
    finsh_heap_free                          0x0801d84d   Thumb Code    34  finsh_heap.o(.text)
    finsh_heap_allocate                      0x0801d8bd   Thumb Code   106  finsh_heap.o(.text)
    finsh_init                               0x0801d939   Thumb Code    30  finsh_init.o(.text)
    finsh_stack_bottom                       0x0801d957   Thumb Code     6  finsh_init.o(.text)
    finsh_flush                              0x0801d95d   Thumb Code    22  finsh_init.o(.text)
    finsh_reset                              0x0801d973   Thumb Code    24  finsh_init.o(.text)
    finsh_node_init                          0x0801d991   Thumb Code    16  finsh_node.o(.text)
    finsh_node_allocate                      0x0801d9a1   Thumb Code    56  finsh_node.o(.text)
    finsh_node_new_id                        0x0801d9d9   Thumb Code   118  finsh_node.o(.text)
    finsh_node_new_char                      0x0801da4f   Thumb Code    30  finsh_node.o(.text)
    finsh_node_new_int                       0x0801da6d   Thumb Code    30  finsh_node.o(.text)
    finsh_node_new_long                      0x0801da8b   Thumb Code    30  finsh_node.o(.text)
    finsh_node_new_string                    0x0801daa9   Thumb Code    74  finsh_node.o(.text)
    finsh_node_new_ptr                       0x0801daf3   Thumb Code    30  finsh_node.o(.text)
    OP_no_op                                 0x0801db15   Thumb Code     2  finsh_ops.o(.text)
    OP_add_byte                              0x0801db17   Thumb Code    42  finsh_ops.o(.text)
    OP_add_word                              0x0801db41   Thumb Code    44  finsh_ops.o(.text)
    OP_add_dword                             0x0801db6d   Thumb Code    42  finsh_ops.o(.text)
    OP_sub_byte                              0x0801db97   Thumb Code    42  finsh_ops.o(.text)
    OP_sub_word                              0x0801dbc1   Thumb Code    44  finsh_ops.o(.text)
    OP_sub_dword                             0x0801dbed   Thumb Code    42  finsh_ops.o(.text)
    OP_div_byte                              0x0801dc17   Thumb Code    44  finsh_ops.o(.text)
    OP_div_word                              0x0801dc43   Thumb Code    46  finsh_ops.o(.text)
    OP_div_dword                             0x0801dc71   Thumb Code    44  finsh_ops.o(.text)
    OP_mod_byte                              0x0801dc9d   Thumb Code    48  finsh_ops.o(.text)
    OP_mod_word                              0x0801dccd   Thumb Code    48  finsh_ops.o(.text)
    OP_mod_dword                             0x0801dcfd   Thumb Code    48  finsh_ops.o(.text)
    OP_mul_byte                              0x0801dd2d   Thumb Code    42  finsh_ops.o(.text)
    OP_mul_word                              0x0801dd57   Thumb Code    44  finsh_ops.o(.text)
    OP_mul_dword                             0x0801dd83   Thumb Code    42  finsh_ops.o(.text)
    OP_and_byte                              0x0801ddad   Thumb Code    42  finsh_ops.o(.text)
    OP_and_word                              0x0801ddd7   Thumb Code    42  finsh_ops.o(.text)
    OP_and_dword                             0x0801de01   Thumb Code    42  finsh_ops.o(.text)
    OP_or_byte                               0x0801de2b   Thumb Code    42  finsh_ops.o(.text)
    OP_or_word                               0x0801de55   Thumb Code    42  finsh_ops.o(.text)
    OP_or_dword                              0x0801de7f   Thumb Code    42  finsh_ops.o(.text)
    OP_xor_byte                              0x0801dea9   Thumb Code    42  finsh_ops.o(.text)
    OP_xor_word                              0x0801ded3   Thumb Code    46  finsh_ops.o(.text)
    OP_xor_dword                             0x0801df01   Thumb Code    42  finsh_ops.o(.text)
    OP_bw_byte                               0x0801df2b   Thumb Code    20  finsh_ops.o(.text)
    OP_bw_word                               0x0801df3f   Thumb Code    20  finsh_ops.o(.text)
    OP_bw_dword                              0x0801df53   Thumb Code    20  finsh_ops.o(.text)
    OP_shl_byte                              0x0801df67   Thumb Code    42  finsh_ops.o(.text)
    OP_shl_word                              0x0801df91   Thumb Code    44  finsh_ops.o(.text)
    OP_shl_dword                             0x0801dfbd   Thumb Code    42  finsh_ops.o(.text)
    OP_shr_byte                              0x0801dfe7   Thumb Code    42  finsh_ops.o(.text)
    OP_shr_word                              0x0801e011   Thumb Code    42  finsh_ops.o(.text)
    OP_shr_dword                             0x0801e03b   Thumb Code    42  finsh_ops.o(.text)
    OP_ld_byte                               0x0801e065   Thumb Code    34  finsh_ops.o(.text)
    OP_ld_word                               0x0801e087   Thumb Code    46  finsh_ops.o(.text)
    OP_ld_dword                              0x0801e0b5   Thumb Code    64  finsh_ops.o(.text)
    OP_ld_value_byte                         0x0801e0f5   Thumb Code    66  finsh_ops.o(.text)
    OP_ld_value_byte_stack                   0x0801e137   Thumb Code    20  finsh_ops.o(.text)
    OP_ld_value_word                         0x0801e14b   Thumb Code    66  finsh_ops.o(.text)
    OP_ld_value_word_stack                   0x0801e18d   Thumb Code    20  finsh_ops.o(.text)
    OP_ld_value_dword                        0x0801e1a1   Thumb Code    66  finsh_ops.o(.text)
    OP_ld_value_dword_stack                  0x0801e1e3   Thumb Code    20  finsh_ops.o(.text)
    OP_st_byte                               0x0801e1f7   Thumb Code    30  finsh_ops.o(.text)
    OP_st_word                               0x0801e215   Thumb Code    30  finsh_ops.o(.text)
    OP_st_dword                              0x0801e233   Thumb Code    30  finsh_ops.o(.text)
    OP_pop                                   0x0801e251   Thumb Code    12  finsh_ops.o(.text)
    OP_call                                  0x0801e25d   Thumb Code   906  finsh_ops.o(.text)
    finsh_parser_run                         0x0801ee7d   Thumb Code   220  finsh_parser.o(.text)
    finsh_parser_init                        0x0801ef59   Thumb Code    16  finsh_parser.o(.text)
    finsh_var_init                           0x0801ef69   Thumb Code    14  finsh_var.o(.text)
    finsh_var_insert                         0x0801ef77   Thumb Code   114  finsh_var.o(.text)
    finsh_var_delete                         0x0801efe9   Thumb Code    68  finsh_var.o(.text)
    finsh_var_lookup                         0x0801f02d   Thumb Code    58  finsh_var.o(.text)
    finsh_sysvar_append                      0x0801f067   Thumb Code    62  finsh_var.o(.text)
    finsh_sysvar_lookup                      0x0801f0a5   Thumb Code    78  finsh_var.o(.text)
    finsh_vm_run                             0x0801f105   Thumb Code    62  finsh_vm.o(.text)
    finsh_syscall_append                     0x0801f143   Thumb Code    54  finsh_vm.o(.text)
    finsh_syscall_lookup                     0x0801f179   Thumb Code    78  finsh_vm.o(.text)
    finsh_token_init                         0x0801f1e9   Thumb Code    20  finsh_token.o(.text)
    token_get_string                         0x0801f601   Thumb Code   120  finsh_token.o(.text)
    finsh_token_token                        0x0801f839   Thumb Code    24  finsh_token.o(.text)
    finsh_token_get_token                    0x0801f851   Thumb Code    20  finsh_token.o(.text)
    libc_system_init                         0x0801f869   Thumb Code     4  libc.o(.text)
    _sys_open                                0x0801f86d   Thumb Code    54  stubs.o(.text)
    _sys_close                               0x0801f8a3   Thumb Code     6  stubs.o(.text)
    _sys_read                                0x0801f8a9   Thumb Code    30  stubs.o(.text)
    _sys_write                               0x0801f8c7   Thumb Code    68  stubs.o(.text)
    _sys_seek                                0x0801f90b   Thumb Code    18  stubs.o(.text)
    _sys_tmpnam                              0x0801f91d   Thumb Code     8  stubs.o(.text)
    _sys_command_string                      0x0801f925   Thumb Code     6  stubs.o(.text)
    _ttywrch                                 0x0801f92b   Thumb Code    16  stubs.o(.text)
    _sys_exit                                0x0801f93b   Thumb Code     4  stubs.o(.text)
    _sys_flen                                0x0801f93f   Thumb Code    18  stubs.o(.text)
    _sys_istty                               0x0801f951   Thumb Code    18  stubs.o(.text)
    remove                                   0x0801f963   Thumb Code     8  stubs.o(.text)
    system                                   0x0801f96b   Thumb Code    16  stubs.o(.text)
    fputc                                    0x0801f97b   Thumb Code    26  stubs.o(.text)
    fgetc                                    0x0801f995   Thumb Code     8  stubs.o(.text)
    __aeabi_llsr                             0x0801f9b1   Thumb Code    32  llushr.o(.text)
    _ll_ushift_r                             0x0801f9b1   Thumb Code     0  llushr.o(.text)
    __aeabi_memcpy                           0x0801f9d1   Thumb Code    36  memcpya.o(.text)
    __aeabi_memcpy4                          0x0801f9d1   Thumb Code     0  memcpya.o(.text)
    __aeabi_memcpy8                          0x0801f9d1   Thumb Code     0  memcpya.o(.text)
    __aeabi_memset                           0x0801f9f5   Thumb Code    14  memseta.o(.text)
    __aeabi_memset4                          0x0801f9f5   Thumb Code     0  memseta.o(.text)
    __aeabi_memset8                          0x0801f9f5   Thumb Code     0  memseta.o(.text)
    __aeabi_memclr                           0x0801fa03   Thumb Code     4  memseta.o(.text)
    __aeabi_memclr4                          0x0801fa03   Thumb Code     0  memseta.o(.text)
    __aeabi_memclr8                          0x0801fa03   Thumb Code     0  memseta.o(.text)
    _memset$wrapper                          0x0801fa07   Thumb Code    18  memseta.o(.text)
    strcat                                   0x0801fa19   Thumb Code    24  strcat.o(.text)
    strncpy                                  0x0801fa31   Thumb Code    24  strncpy.o(.text)
    strlen                                   0x0801fa49   Thumb Code    14  strlen.o(.text)
    strcmp                                   0x0801fa57   Thumb Code    28  strcmp.o(.text)
    memcmp                                   0x0801fa73   Thumb Code    26  memcmp.o(.text)
    strcpy                                   0x0801fa8d   Thumb Code    18  strcpy.o(.text)
    strncmp                                  0x0801fa9f   Thumb Code    30  strncmp.o(.text)
    atoi                                     0x0801fabd   Thumb Code    26  atoi.o(.text)
    __aeabi_fadd                             0x0801fad7   Thumb Code   164  fadd.o(.text)
    __aeabi_fsub                             0x0801fb7b   Thumb Code     6  fadd.o(.text)
    __aeabi_frsub                            0x0801fb81   Thumb Code     6  fadd.o(.text)
    __aeabi_fmul                             0x0801fb87   Thumb Code   100  fmul.o(.text)
    __aeabi_fdiv                             0x0801fbeb   Thumb Code   124  fdiv.o(.text)
    __aeabi_dadd                             0x0801fc67   Thumb Code   322  dadd.o(.text)
    __aeabi_dsub                             0x0801fda9   Thumb Code     6  dadd.o(.text)
    __aeabi_drsub                            0x0801fdaf   Thumb Code     6  dadd.o(.text)
    __aeabi_dmul                             0x0801fdb5   Thumb Code   228  dmul.o(.text)
    __aeabi_i2f                              0x0801fe99   Thumb Code    18  fflti.o(.text)
    __aeabi_ui2f                             0x0801feab   Thumb Code    10  ffltui.o(.text)
    __aeabi_i2d                              0x0801feb5   Thumb Code    34  dflti.o(.text)
    __aeabi_ui2d                             0x0801fed7   Thumb Code    26  dfltui.o(.text)
    __aeabi_f2iz                             0x0801fef1   Thumb Code    50  ffixi.o(.text)
    __aeabi_f2uiz                            0x0801ff23   Thumb Code    40  ffixui.o(.text)
    __aeabi_d2iz                             0x0801ff4b   Thumb Code    62  dfixi.o(.text)
    __aeabi_d2uiz                            0x0801ff89   Thumb Code    50  dfixui.o(.text)
    __aeabi_f2d                              0x0801ffbb   Thumb Code    38  f2d.o(.text)
    __aeabi_cdcmpeq                          0x0801ffe1   Thumb Code     0  cdcmple.o(.text)
    __aeabi_cdcmple                          0x0801ffe1   Thumb Code    48  cdcmple.o(.text)
    __aeabi_cdrcmple                         0x08020011   Thumb Code    48  cdrcmple.o(.text)
    __aeabi_uidiv                            0x08020041   Thumb Code     0  uidiv.o(.text)
    __aeabi_uidivmod                         0x08020041   Thumb Code    44  uidiv.o(.text)
    __aeabi_uldivmod                         0x0802006d   Thumb Code    98  uldiv.o(.text)
    __aeabi_llsl                             0x080200cf   Thumb Code    30  llshl.o(.text)
    _ll_shift_l                              0x080200cf   Thumb Code     0  llshl.o(.text)
    __aeabi_lasr                             0x080200ed   Thumb Code    36  llsshr.o(.text)
    _ll_sshift_r                             0x080200ed   Thumb Code     0  llsshr.o(.text)
    strtol                                   0x08020111   Thumb Code   112  strtol.o(.text)
    __I$use$fp                               0x08020181   Thumb Code     0  iusefp.o(.text)
    _float_round                             0x08020181   Thumb Code    18  fepilogue.o(.text)
    _float_epilogue                          0x08020193   Thumb Code    92  fepilogue.o(.text)
    _double_round                            0x080201ef   Thumb Code    30  depilogue.o(.text)
    _double_epilogue                         0x0802020d   Thumb Code   156  depilogue.o(.text)
    __aeabi_ddiv                             0x080202a9   Thumb Code   222  ddiv.o(.text)
    _dsqrt                                   0x08020387   Thumb Code   162  dsqrt.o(.text)
    __aeabi_d2ulz                            0x08020429   Thumb Code    48  dfixul.o(.text)
    __scatterload                            0x08020459   Thumb Code    28  init.o(.text)
    __scatterload_rt2                        0x08020459   Thumb Code     0  init.o(.text)
    __rt_ctype_table                         0x0802047d   Thumb Code     4  ctype_o.o(.text)
    _strtoul                                 0x08020485   Thumb Code   158  _strtoul.o(.text)
    _chval                                   0x08020523   Thumb Code    28  _chval.o(.text)
    __decompress                             0x0802053f   Thumb Code     0  __dczerorl2.o(.text)
    __decompress1                            0x0802053f   Thumb Code    86  __dczerorl2.o(.text)
    __0printf                                0x08020595   Thumb Code    22  printfa.o(i.__0printf)
    __1printf                                0x08020595   Thumb Code     0  printfa.o(i.__0printf)
    __2printf                                0x08020595   Thumb Code     0  printfa.o(i.__0printf)
    __c89printf                              0x08020595   Thumb Code     0  printfa.o(i.__0printf)
    printf                                   0x08020595   Thumb Code     0  printfa.o(i.__0printf)
    __0sprintf                               0x080205b5   Thumb Code    34  printfa.o(i.__0sprintf)
    __1sprintf                               0x080205b5   Thumb Code     0  printfa.o(i.__0sprintf)
    __2sprintf                               0x080205b5   Thumb Code     0  printfa.o(i.__0sprintf)
    __c89sprintf                             0x080205b5   Thumb Code     0  printfa.o(i.__0sprintf)
    sprintf                                  0x080205b5   Thumb Code     0  printfa.o(i.__0sprintf)
    __aeabi_errno_addr                       0x080205dd   Thumb Code     4  errno.o(i.__aeabi_errno_addr)
    __rt_errno_addr                          0x080205dd   Thumb Code     0  errno.o(i.__aeabi_errno_addr)
    __scatterload_copy                       0x080205e5   Thumb Code    14  handlers.o(i.__scatterload_copy)
    __scatterload_null                       0x080205f3   Thumb Code     2  handlers.o(i.__scatterload_null)
    __scatterload_zeroinit                   0x080205f5   Thumb Code    14  handlers.o(i.__scatterload_zeroinit)
    __set_errno                              0x08020605   Thumb Code     6  errno.o(i.__set_errno)
    sqrt                                     0x08020ecd   Thumb Code    76  sqrt.o(i.sqrt)
    FT5206_TPX_TBL                           0x08020f18   Data          10  ft5206.o(.constdata)
    GT9147_CFG_TBL                           0x08020f22   Data         184  gt9147.o(.constdata)
    GT9147_TPX_TBL                           0x08020fda   Data          10  gt9147.o(.constdata)
    asc2_1206                                0x08020fe4   Data        1140  lcd.o(.constdata)
    asc2_1608                                0x08021458   Data        1520  lcd.o(.constdata)
    asc2_2412                                0x08021a48   Data        3420  lcd.o(.constdata)
    asc2_3216                                0x080227a4   Data       12160  lcd.o(.constdata)
    OTT_TPX_TBL                              0x08025724   Data          10  ott2001a.o(.constdata)
    table_week                               0x0802572e   Data          12  rtc.o(.constdata)
    mon_table                                0x0802573a   Data          12  rtc.o(.constdata)
    TP_REMIND_MSG_TBL                        0x08025748   Data           4  touch.o(.constdata)
    AHBPrescTable                            0x08025ab1   Data          16  system_stm32f1xx.o(.constdata)
    APBPrescTable                            0x08025ac1   Data           8  system_stm32f1xx.o(.constdata)
    __lowest_bit_bitmap                      0x08025db3   Data         256  kservice.o(.constdata)
    op_table                                 0x08026280   Data         196  finsh_ops.o(.constdata)
    __stdin_name                             0x08026384   Data           6  stubs.o(.constdata)
    __stdout_name                            0x0802638a   Data           7  stubs.o(.constdata)
    __stderr_name                            0x08026391   Data           7  stubs.o(.constdata)
    __ctype_table                            0x0802639f   Data         129  ctype_o.o(.constdata)
    __fsym_pinMode_name                      0x08026a4e   Data           8  pin.o(.rodata.name)
    __fsym_pinMode_desc                      0x08026a56   Data          22  pin.o(.rodata.name)
    __fsym_pinWrite_name                     0x08026a6c   Data           9  pin.o(.rodata.name)
    __fsym_pinWrite_desc                     0x08026a75   Data          28  pin.o(.rodata.name)
    __fsym_pinRead_name                      0x08026a91   Data           8  pin.o(.rodata.name)
    __fsym_pinRead_desc                      0x08026a99   Data          30  pin.o(.rodata.name)
    __fsym_list_mem_name                     0x08026ab7   Data           9  mem.o(.rodata.name)
    __fsym_list_mem_desc                     0x08026ac0   Data          30  mem.o(.rodata.name)
    __fsym_hello_name                        0x08026ade   Data           6  cmd.o(.rodata.name)
    __fsym_hello_desc                        0x08026ae4   Data          16  cmd.o(.rodata.name)
    __fsym_version_name                      0x08026af4   Data           8  cmd.o(.rodata.name)
    __fsym_version_desc                      0x08026afc   Data          35  cmd.o(.rodata.name)
    __fsym___cmd_version_name                0x08026b1f   Data          14  cmd.o(.rodata.name)
    __fsym___cmd_version_desc                0x08026b2d   Data          35  cmd.o(.rodata.name)
    __fsym_list_thread_name                  0x08026b50   Data          12  cmd.o(.rodata.name)
    __fsym_list_thread_desc                  0x08026b5c   Data          12  cmd.o(.rodata.name)
    __fsym___cmd_list_thread_name            0x08026b68   Data          18  cmd.o(.rodata.name)
    __fsym___cmd_list_thread_desc            0x08026b7a   Data          12  cmd.o(.rodata.name)
    __fsym_list_sem_name                     0x08026b86   Data           9  cmd.o(.rodata.name)
    __fsym_list_sem_desc                     0x08026b8f   Data          25  cmd.o(.rodata.name)
    __fsym___cmd_list_sem_name               0x08026ba8   Data          15  cmd.o(.rodata.name)
    __fsym___cmd_list_sem_desc               0x08026bb7   Data          25  cmd.o(.rodata.name)
    __fsym_list_event_name                   0x08026bd0   Data          11  cmd.o(.rodata.name)
    __fsym_list_event_desc                   0x08026bdb   Data          21  cmd.o(.rodata.name)
    __fsym___cmd_list_event_name             0x08026bf0   Data          17  cmd.o(.rodata.name)
    __fsym___cmd_list_event_desc             0x08026c01   Data          21  cmd.o(.rodata.name)
    __fsym_list_mutex_name                   0x08026c16   Data          11  cmd.o(.rodata.name)
    __fsym_list_mutex_desc                   0x08026c21   Data          21  cmd.o(.rodata.name)
    __fsym___cmd_list_mutex_name             0x08026c36   Data          17  cmd.o(.rodata.name)
    __fsym___cmd_list_mutex_desc             0x08026c47   Data          21  cmd.o(.rodata.name)
    __fsym_list_mailbox_name                 0x08026c5c   Data          13  cmd.o(.rodata.name)
    __fsym_list_mailbox_desc                 0x08026c69   Data          24  cmd.o(.rodata.name)
    __fsym___cmd_list_mailbox_name           0x08026c81   Data          19  cmd.o(.rodata.name)
    __fsym___cmd_list_mailbox_desc           0x08026c94   Data          24  cmd.o(.rodata.name)
    __fsym_list_msgqueue_name                0x08026cac   Data          14  cmd.o(.rodata.name)
    __fsym_list_msgqueue_desc                0x08026cba   Data          29  cmd.o(.rodata.name)
    __fsym___cmd_list_msgqueue_name          0x08026cd7   Data          20  cmd.o(.rodata.name)
    __fsym___cmd_list_msgqueue_desc          0x08026ceb   Data          29  cmd.o(.rodata.name)
    __fsym_list_memheap_name                 0x08026d08   Data          13  cmd.o(.rodata.name)
    __fsym_list_memheap_desc                 0x08026d15   Data          27  cmd.o(.rodata.name)
    __fsym___cmd_list_memheap_name           0x08026d30   Data          19  cmd.o(.rodata.name)
    __fsym___cmd_list_memheap_desc           0x08026d43   Data          27  cmd.o(.rodata.name)
    __fsym_list_mempool_name                 0x08026d5e   Data          13  cmd.o(.rodata.name)
    __fsym_list_mempool_desc                 0x08026d6b   Data          27  cmd.o(.rodata.name)
    __fsym___cmd_list_mempool_name           0x08026d86   Data          19  cmd.o(.rodata.name)
    __fsym___cmd_list_mempool_desc           0x08026d99   Data          27  cmd.o(.rodata.name)
    __fsym_list_timer_name                   0x08026db4   Data          11  cmd.o(.rodata.name)
    __fsym_list_timer_desc                   0x08026dbf   Data          21  cmd.o(.rodata.name)
    __fsym___cmd_list_timer_name             0x08026dd4   Data          17  cmd.o(.rodata.name)
    __fsym___cmd_list_timer_desc             0x08026de5   Data          21  cmd.o(.rodata.name)
    __fsym_list_device_name                  0x08026dfa   Data          12  cmd.o(.rodata.name)
    __fsym_list_device_desc                  0x08026e06   Data          22  cmd.o(.rodata.name)
    __fsym___cmd_list_device_name            0x08026e1c   Data          18  cmd.o(.rodata.name)
    __fsym___cmd_list_device_desc            0x08026e2e   Data          22  cmd.o(.rodata.name)
    __fsym_list_name                         0x08026e44   Data           5  cmd.o(.rodata.name)
    __fsym_list_desc                         0x08026e49   Data          26  cmd.o(.rodata.name)
    __vsym_dummy_name                        0x08026e63   Data           6  cmd.o(.rodata.name)
    __vsym_dummy_desc                        0x08026e69   Data          25  cmd.o(.rodata.name)
    __fsym___cmd_exit_name                   0x08026e82   Data          11  msh.o(.rodata.name)
    __fsym___cmd_exit_desc                   0x08026e8d   Data          32  msh.o(.rodata.name)
    __fsym_msh_name                          0x08026ead   Data           4  msh.o(.rodata.name)
    __fsym_msh_desc                          0x08026eb1   Data          17  msh.o(.rodata.name)
    __fsym___cmd_help_name                   0x08026ec2   Data          11  msh.o(.rodata.name)
    __fsym___cmd_help_desc                   0x08026ecd   Data          22  msh.o(.rodata.name)
    __fsym___cmd_ifconfig_name               0x08026ee3   Data          15  msh_cmd.o(.rodata.name)
    __fsym___cmd_ifconfig_desc               0x08026ef2   Data          43  msh_cmd.o(.rodata.name)
    __fsym___cmd_netstat_name                0x08026f1d   Data          14  msh_cmd.o(.rodata.name)
    __fsym___cmd_netstat_desc                0x08026f2b   Data          33  msh_cmd.o(.rodata.name)
    __fsym___cmd_ps_name                     0x08026f4c   Data           9  msh_cmd.o(.rodata.name)
    __fsym___cmd_ps_desc                     0x08026f55   Data          28  msh_cmd.o(.rodata.name)
    __fsym___cmd_time_name                   0x08026f71   Data          11  msh_cmd.o(.rodata.name)
    __fsym___cmd_time_desc                   0x08026f7c   Data          27  msh_cmd.o(.rodata.name)
    __fsym___cmd_free_name                   0x08026f97   Data          11  msh_cmd.o(.rodata.name)
    __fsym___cmd_free_desc                   0x08026fa2   Data          37  msh_cmd.o(.rodata.name)
    __rt_init_rti_start                      0x08026fc8   Data           4  components.o(.rti_fn.0)
    __rt_init_rti_board_start                0x08026fcc   Data           4  components.o(.rti_fn.0.end)
    __rt_init_rt_hw_usart_init               0x08026fd0   Data           4  drv_usart.o(.rti_fn.1)
    __rt_init_rt_hw_pin_init                 0x08026fd4   Data           4  drv_gpio.o(.rti_fn.1)
    __rt_init_rti_board_end                  0x08026fd8   Data           4  components.o(.rti_fn.1.end)
    __rt_init_libc_system_init               0x08026fdc   Data           4  libc.o(.rti_fn.4)
    __rt_init_finsh_system_init              0x08026fe0   Data           4  shell.o(.rti_fn.6)
    __rt_init_rti_end                        0x08026fe4   Data           4  components.o(.rti_fn.6.end)
    FSymTab$$Base                            0x08026fe8   Number         0  pin.o(FSymTab)
    __fsym_pinMode                           0x08026fe8   Data          12  pin.o(FSymTab)
    __fsym_pinWrite                          0x08026ff4   Data          12  pin.o(FSymTab)
    __fsym_pinRead                           0x08027000   Data          12  pin.o(FSymTab)
    __fsym_list_mem                          0x0802700c   Data          12  mem.o(FSymTab)
    __fsym_hello                             0x08027018   Data          12  cmd.o(FSymTab)
    __fsym_version                           0x08027024   Data          12  cmd.o(FSymTab)
    __fsym___cmd_version                     0x08027030   Data          12  cmd.o(FSymTab)
    __fsym_list_thread                       0x0802703c   Data          12  cmd.o(FSymTab)
    __fsym___cmd_list_thread                 0x08027048   Data          12  cmd.o(FSymTab)
    __fsym_list_sem                          0x08027054   Data          12  cmd.o(FSymTab)
    __fsym___cmd_list_sem                    0x08027060   Data          12  cmd.o(FSymTab)
    __fsym_list_event                        0x0802706c   Data          12  cmd.o(FSymTab)
    __fsym___cmd_list_event                  0x08027078   Data          12  cmd.o(FSymTab)
    __fsym_list_mutex                        0x08027084   Data          12  cmd.o(FSymTab)
    __fsym___cmd_list_mutex                  0x08027090   Data          12  cmd.o(FSymTab)
    __fsym_list_mailbox                      0x0802709c   Data          12  cmd.o(FSymTab)
    __fsym___cmd_list_mailbox                0x080270a8   Data          12  cmd.o(FSymTab)
    __fsym_list_msgqueue                     0x080270b4   Data          12  cmd.o(FSymTab)
    __fsym___cmd_list_msgqueue               0x080270c0   Data          12  cmd.o(FSymTab)
    __fsym_list_memheap                      0x080270cc   Data          12  cmd.o(FSymTab)
    __fsym___cmd_list_memheap                0x080270d8   Data          12  cmd.o(FSymTab)
    __fsym_list_mempool                      0x080270e4   Data          12  cmd.o(FSymTab)
    __fsym___cmd_list_mempool                0x080270f0   Data          12  cmd.o(FSymTab)
    __fsym_list_timer                        0x080270fc   Data          12  cmd.o(FSymTab)
    __fsym___cmd_list_timer                  0x08027108   Data          12  cmd.o(FSymTab)
    __fsym_list_device                       0x08027114   Data          12  cmd.o(FSymTab)
    __fsym___cmd_list_device                 0x08027120   Data          12  cmd.o(FSymTab)
    __fsym_list                              0x0802712c   Data          12  cmd.o(FSymTab)
    __fsym___cmd_exit                        0x08027138   Data          12  msh.o(FSymTab)
    __fsym_msh                               0x08027144   Data          12  msh.o(FSymTab)
    __fsym___cmd_help                        0x08027150   Data          12  msh.o(FSymTab)
    __fsym___cmd_ifconfig                    0x0802715c   Data          12  msh_cmd.o(FSymTab)
    __fsym___cmd_netstat                     0x08027168   Data          12  msh_cmd.o(FSymTab)
    __fsym___cmd_ps                          0x08027174   Data          12  msh_cmd.o(FSymTab)
    __fsym___cmd_time                        0x08027180   Data          12  msh_cmd.o(FSymTab)
    __fsym___cmd_free                        0x0802718c   Data          12  msh_cmd.o(FSymTab)
    FSymTab$$Limit                           0x08027198   Number         0  msh_cmd.o(FSymTab)
    Region$$Table$$Base                      0x08027198   Number         0  anon$$obj.o(Region$$Table)
    Region$$Table$$Limit                     0x080271b8   Number         0  anon$$obj.o(Region$$Table)
    VSymTab$$Base                            0x080271b8   Number         0  cmd.o(VSymTab)
    __vsym_dummy                             0x080271b8   Data          16  cmd.o(VSymTab)
    VSymTab$$Limit                           0x080271c8   Number         0  cmd.o(VSymTab)
    POINT_COLOR                              0x2000000c   Data           4  lcd.o(.data)
    BACK_COLOR                               0x20000010   Data           4  lcd.o(.data)
    current_time                             0x20000016   Data           8  rtc.o(.data)
    Set_time                                 0x2000001e   Data           8  rtc.o(.data)
    tp_dev                                   0x20000040   Data          52  touch.o(.data)
    CMD_RDX                                  0x20000074   Data           1  touch.o(.data)
    CMD_RDY                                  0x20000075   Data           1  touch.o(.data)
    USART_RX_STA                             0x20000076   Data           2  usart.o(.data)
    USART_RX2_STA                            0x20000078   Data           2  usart.o(.data)
    aRxBuffer                                0x2000007a   Data           1  usart.o(.data)
    aRx2Buffer                               0x2000007b   Data           1  usart.o(.data)
    uart1                                    0x2000007c   Data          68  drv_usart.o(.data)
    pin_irq_hdr_tab                          0x200000c0   Data         192  drv_gpio.o(.data)
    SystemCoreClock                          0x20000180   Data           4  system_stm32f1xx.o(.data)
    uCRCErrorWorkaroundCheck                 0x20000184   Data           1  stm32f1xx_hal_spi_ex.o(.data)
    uwTick                                   0x20000188   Data           4  stm32f1xx_hal.o(.data)
    uwTickPrio                               0x2000018c   Data           4  stm32f1xx_hal.o(.data)
    uwTickFreq                               0x20000190   Data           1  stm32f1xx_hal.o(.data)
    rt_interrupt_nest                        0x200001a0   Data           1  irq.o(.data)
    rt_assert_hook                           0x200001ac   Data           4  kservice.o(.data)
    rt_object_trytake_hook                   0x20000280   Data           4  object.o(.data)
    rt_object_take_hook                      0x20000284   Data           4  object.o(.data)
    rt_object_put_hook                       0x20000288   Data           4  object.o(.data)
    rt_current_thread                        0x20000290   Data           4  scheduler.o(.data)
    rt_current_priority                      0x20000294   Data           1  scheduler.o(.data)
    rt_thread_ready_priority_group           0x20000298   Data           4  scheduler.o(.data)
    rt_thread_defunct                        0x2000029c   Data           8  scheduler.o(.data)
    rt_interrupt_from_thread                 0x200002d4   Data           4  cpuport.o(.data)
    rt_interrupt_to_thread                   0x200002d8   Data           4  cpuport.o(.data)
    rt_thread_switch_interrupt_flag          0x200002dc   Data           4  cpuport.o(.data)
    shell                                    0x200002e4   Data           4  shell.o(.data)
    _syscall_table_begin                     0x200002ec   Data           4  symbol.o(.data)
    _syscall_table_end                       0x200002f0   Data           4  symbol.o(.data)
    _sysvar_table_begin                      0x200002f4   Data           4  symbol.o(.data)
    _sysvar_table_end                        0x200002f8   Data           4  symbol.o(.data)
    finsh_compile_sp                         0x20000304   Data           4  finsh_compiler.o(.data)
    finsh_compile_pc                         0x20000308   Data           4  finsh_compiler.o(.data)
    global_errno                             0x2000030c   Data           1  finsh_error.o(.data)
    global_sysvar_list                       0x20000354   Data           4  finsh_var.o(.data)
    finsh_sp                                 0x20000358   Data           4  finsh_vm.o(.data)
    finsh_pc                                 0x2000035c   Data           4  finsh_vm.o(.data)
    global_syscall_list                      0x20000360   Data           4  finsh_vm.o(.data)
    __stdout                                 0x20000364   Data           4  stdout.o(.data)
    TIM5_Handler                             0x2000036c   Data          64  bsp_timer.o(.bss)
    TFTSRAM_Handler                          0x200003ac   Data          68  lcd.o(.bss)
    lcddev                                   0x200003f0   Data          14  lcd.o(.bss)
    RTC_Handler                              0x20000400   Data          20  rtc.o(.bss)
    calendar                                 0x20000414   Data          10  rtc.o(.bss)
    SPI2_Handler                             0x20000434   Data          88  spi.o(.bss)
    USART_RX_BUF                             0x2000048c   Data        1024  usart.o(.bss)
    USART_RX2_BUF                            0x2000088c   Data        1024  usart.o(.bss)
    UART1_Handler                            0x20000c8c   Data          64  usart.o(.bss)
    UART2_Handler                            0x20000ccc   Data          64  usart.o(.bss)
    SPI1_Handler                             0x20000d0c   Data          88  rc522.o(.bss)
    RFID                                     0x20000d64   Data          16  rc522.o(.bss)
    serial1                                  0x20000d74   Data         100  drv_usart.o(.bss)
    rt_thread_priority_table                 0x200010a0   Data         256  scheduler.o(.bss)
    finsh_heap                               0x200014d8   Data         128  finsh_heap.o(.bss)
    global_node_table                        0x20001558   Data         320  finsh_node.o(.bss)
    global_variable                          0x20001698   Data         192  finsh_var.o(.bss)
    finsh_vm_stack                           0x20001758   Data         256  finsh_vm.o(.bss)
    text_segment                             0x20001858   Data         128  finsh_vm.o(.bss)
    Image$$RW_IRAM1$$ZI$$Limit               0x20001cd8   Number         0  anon$$obj.o ABSOLUTE
    __initial_sp                             0x20001cd8   Data           0  startup_stm32f103xe.o(STACK)



==============================================================================

Memory Map of the image

  Image Entry point : 0x08000131

  Load Region LR_IROM1 (Base: 0x08000000, Size: 0x00027534, Max: 0x00080000, ABSOLUTE, COMPRESSED[0x0002728c])

    Execution Region ER_IROM1 (Exec base: 0x08000000, Load base: 0x08000000, Size: 0x000271c8, Max: 0x00080000, ABSOLUTE)

    Exec Addr    Load Addr    Size         Type   Attr      Idx    E Section Name        Object

    0x08000000   0x08000000   0x00000130   Data   RO         2298    RESET               startup_stm32f103xe.o
    0x08000130   0x08000130   0x00000000   Code   RO         3055  * .ARM.Collect$$$$00000000  mc_w.l(entry.o)
    0x08000130   0x08000130   0x00000004   Code   RO         3375    .ARM.Collect$$$$00000001  mc_w.l(entry2.o)
    0x08000134   0x08000134   0x00000004   Code   RO         3378    .ARM.Collect$$$$00000004  mc_w.l(entry5.o)
    0x08000138   0x08000138   0x00000000   Code   RO         3380    .ARM.Collect$$$$00000008  mc_w.l(entry7b.o)
    0x08000138   0x08000138   0x00000000   Code   RO         3382    .ARM.Collect$$$$0000000A  mc_w.l(entry8b.o)
    0x08000138   0x08000138   0x00000008   Code   RO         3383    .ARM.Collect$$$$0000000B  mc_w.l(entry9a.o)
    0x08000140   0x08000140   0x00000000   Code   RO         3385    .ARM.Collect$$$$0000000D  mc_w.l(entry10a.o)
    0x08000140   0x08000140   0x00000000   Code   RO         3387    .ARM.Collect$$$$0000000F  mc_w.l(entry11a.o)
    0x08000140   0x08000140   0x00000004   Code   RO         3376    .ARM.Collect$$$$00002712  mc_w.l(entry2.o)
    0x08000144   0x08000144   0x00000004   Code   RO            4    .text               main.o
    0x08000148   0x08000148   0x0000017a   Code   RO          359    .text               24cxx.o
    0x080002c2   0x080002c2   0x00000002   PAD
    0x080002c4   0x080002c4   0x000000a4   Code   RO          428    .text               beep.o
    0x08000368   0x08000368   0x00000334   Code   RO          477    .text               bsp_led.o
    0x0800069c   0x0800069c   0x000000e8   Code   RO          502    .text               bsp_timer.o
    0x08000784   0x08000784   0x000002b0   Code   RO          532    .text               ctiic.o
    0x08000a34   0x08000a34   0x000000d0   Code   RO          559    .text               delay.o
    0x08000b04   0x08000b04   0x00000338   Code   RO          592    .text               ft5206.o
    0x08000e3c   0x08000e3c   0x0000044c   Code   RO          633    .text               gt9147.o
    0x08001288   0x08001288   0x0000386c   Code   RO          661    .text               lcd.o
    0x08004af4   0x08004af4   0x0000027c   Code   RO          696    .text               myiic.o
    0x08004d70   0x08004d70   0x0000036c   Code   RO          720    .text               ott2001a.o
    0x080050dc   0x080050dc   0x00000106   Code   RO          755    .text               public.o
    0x080051e2   0x080051e2   0x00000002   PAD
    0x080051e4   0x080051e4   0x00001e7c   Code   RO          779    .text               rtc.o
    0x08007060   0x08007060   0x000001b4   Code   RO          818    .text               spi.o
    0x08007214   0x08007214   0x00000fb4   Code   RO          876    .text               touch.o
    0x080081c8   0x080081c8   0x00000274   Code   RO          935    .text               usart.o
    0x0800843c   0x0800843c   0x000006d4   Code   RO          996    .text               rc522.o
    0x08008b10   0x08008b10   0x000002f8   Code   RO         1024    .text               drv_usart.o
    0x08008e08   0x08008e08   0x000005e4   Code   RO         1058    .text               drv_gpio.o
    0x080093ec   0x080093ec   0x00000010   Code   RO         1087    .text               stm32f1xx_it.o
    0x080093fc   0x080093fc   0x00000240   Code   RO         1114    .text               board.o
    0x0800963c   0x0800963c   0x00000250   Code   RO         1137    .text               pin.o
    0x0800988c   0x0800988c   0x000006a0   Code   RO         1162    .text               serial.o
    0x08009f2c   0x08009f2c   0x000001cc   Code   RO         1178    .text               completion.o
    0x0800a0f8   0x0800a0f8   0x000000f4   Code   RO         1299    .text               system_stm32f1xx.o
    0x0800a1ec   0x0800a1ec   0x000004e8   Code   RO         1382    .text               stm32f1xx_hal_gpio.o
    0x0800a6d4   0x0800a6d4   0x00000ee4   Code   RO         1482    .text               stm32f1xx_hal_dma.o
    0x0800b5b8   0x0800b5b8   0x000002c4   Code   RO         1506    .text               stm32f1xx_hal_cortex.o
    0x0800b87c   0x0800b87c   0x00000208   Code   RO         1612    .text               stm32f1xx_hal_pwr.o
    0x0800ba84   0x0800ba84   0x0000098c   Code   RO         1636    .text               stm32f1xx_hal_rcc.o
    0x0800c410   0x0800c410   0x000002b4   Code   RO         1660    .text               stm32f1xx_hal_rcc_ex.o
    0x0800c6c4   0x0800c6c4   0x00000ad8   Code   RO         1684    .text               stm32f1xx_hal_rtc.o
    0x0800d19c   0x0800d19c   0x000002e8   Code   RO         1708    .text               stm32f1xx_hal_rtc_ex.o
    0x0800d484   0x0800d484   0x00001bfc   Code   RO         1750    .text               stm32f1xx_hal_spi.o
    0x0800f080   0x0800f080   0x000000b8   Code   RO         1774    .text               stm32f1xx_hal_spi_ex.o
    0x0800f138   0x0800f138   0x00002820   Code   RO         1801    .text               stm32f1xx_hal_tim.o
    0x08011958   0x08011958   0x00000cc0   Code   RO         1825    .text               stm32f1xx_hal_tim_ex.o
    0x08012618   0x08012618   0x0000120a   Code   RO         1849    .text               stm32f1xx_hal_uart.o
    0x08013822   0x08013822   0x00000002   PAD
    0x08013824   0x08013824   0x000001b4   Code   RO         1915    .text               stm32f1xx_hal.o
    0x080139d8   0x080139d8   0x000003dc   Code   RO         1960    .text               stm32f1xx_ll_fsmc.o
    0x08013db4   0x08013db4   0x00000380   Code   RO         2239    .text               stm32f1xx_hal_sram.o
    0x08014134   0x08014134   0x00000024   Code   RO         2299    .text               startup_stm32f103xe.o
    0x08014158   0x08014158   0x0000006c   Code   RO         2303    .text               clock.o
    0x080141c4   0x080141c4   0x000000dc   Code   RO         2317    .text               components.o
    0x080142a0   0x080142a0   0x00000548   Code   RO         2336    .text               device.o
    0x080147e8   0x080147e8   0x000001d4   Code   RO         2349    .text               idle.o
    0x080149bc   0x080149bc   0x00001c1c   Code   RO         2368    .text               ipc.o
    0x080165d8   0x080165d8   0x0000007c   Code   RO         2383    .text               irq.o
    0x08016654   0x08016654   0x00000ac0   Code   RO         2398    .text               kservice.o
    0x08017114   0x08017114   0x000008f4   Code   RO         2418    .text               mem.o
    0x08017a08   0x08017a08   0x000004f0   Code   RO         2451    .text               mempool.o
    0x08017ef8   0x08017ef8   0x00000374   Code   RO         2469    .text               object.o
    0x0801826c   0x0801826c   0x0000030c   Code   RO         2488    .text               scheduler.o
    0x08018578   0x08018578   0x000005c8   Code   RO         2506    .text               signal.o
    0x08018b40   0x08018b40   0x000007f8   Code   RO         2536    .text               thread.o
    0x08019338   0x08019338   0x00000724   Code   RO         2556    .text               timer.o
    0x08019a5c   0x08019a5c   0x000005e0   Code   RO         2576    .text               cpuport.o
    0x0801a03c   0x0801a03c   0x000000f4   Code   RO         2592    .text               context_rvds.o
    0x0801a130   0x0801a130   0x00000ae0   Code   RO         2630    .text               shell.o
    0x0801ac10   0x0801ac10   0x00000ea8   Code   RO         2671    .text               cmd.o
    0x0801bab8   0x0801bab8   0x00000384   Code   RO         2694    .text               msh.o
    0x0801be3c   0x0801be3c   0x000000a8   Code   RO         2712    .text               msh_cmd.o
    0x0801bee4   0x0801bee4   0x00001818   Code   RO         2766    .text               finsh_compiler.o
    0x0801d6fc   0x0801d6fc   0x0000002c   Code   RO         2803    .text               finsh_error.o
    0x0801d728   0x0801d728   0x00000210   Code   RO         2819    .text               finsh_heap.o
    0x0801d938   0x0801d938   0x00000058   Code   RO         2835    .text               finsh_init.o
    0x0801d990   0x0801d990   0x00000184   Code   RO         2853    .text               finsh_node.o
    0x0801db14   0x0801db14   0x00000ad8   Code   RO         2868    .text               finsh_ops.o
    0x0801e5ec   0x0801e5ec   0x0000097c   Code   RO         2886    .text               finsh_parser.o
    0x0801ef68   0x0801ef68   0x0000019c   Code   RO         2901    .text               finsh_var.o
    0x0801f104   0x0801f104   0x000000e4   Code   RO         2924    .text               finsh_vm.o
    0x0801f1e8   0x0801f1e8   0x00000680   Code   RO         2947    .text               finsh_token.o
    0x0801f868   0x0801f868   0x00000004   Code   RO         2962    .text               libc.o
    0x0801f86c   0x0801f86c   0x00000144   Code   RO         2995    .text               stubs.o
    0x0801f9b0   0x0801f9b0   0x00000020   Code   RO         3058    .text               mc_w.l(llushr.o)
    0x0801f9d0   0x0801f9d0   0x00000024   Code   RO         3060    .text               mc_w.l(memcpya.o)
    0x0801f9f4   0x0801f9f4   0x00000024   Code   RO         3062    .text               mc_w.l(memseta.o)
    0x0801fa18   0x0801fa18   0x00000018   Code   RO         3064    .text               mc_w.l(strcat.o)
    0x0801fa30   0x0801fa30   0x00000018   Code   RO         3066    .text               mc_w.l(strncpy.o)
    0x0801fa48   0x0801fa48   0x0000000e   Code   RO         3068    .text               mc_w.l(strlen.o)
    0x0801fa56   0x0801fa56   0x0000001c   Code   RO         3070    .text               mc_w.l(strcmp.o)
    0x0801fa72   0x0801fa72   0x0000001a   Code   RO         3072    .text               mc_w.l(memcmp.o)
    0x0801fa8c   0x0801fa8c   0x00000012   Code   RO         3074    .text               mc_w.l(strcpy.o)
    0x0801fa9e   0x0801fa9e   0x0000001e   Code   RO         3076    .text               mc_w.l(strncmp.o)
    0x0801fabc   0x0801fabc   0x0000001a   Code   RO         3341    .text               mc_w.l(atoi.o)
    0x0801fad6   0x0801fad6   0x000000b0   Code   RO         3343    .text               mf_w.l(fadd.o)
    0x0801fb86   0x0801fb86   0x00000064   Code   RO         3345    .text               mf_w.l(fmul.o)
    0x0801fbea   0x0801fbea   0x0000007c   Code   RO         3347    .text               mf_w.l(fdiv.o)
    0x0801fc66   0x0801fc66   0x0000014e   Code   RO         3349    .text               mf_w.l(dadd.o)
    0x0801fdb4   0x0801fdb4   0x000000e4   Code   RO         3351    .text               mf_w.l(dmul.o)
    0x0801fe98   0x0801fe98   0x00000012   Code   RO         3353    .text               mf_w.l(fflti.o)
    0x0801feaa   0x0801feaa   0x0000000a   Code   RO         3355    .text               mf_w.l(ffltui.o)
    0x0801feb4   0x0801feb4   0x00000022   Code   RO         3357    .text               mf_w.l(dflti.o)
    0x0801fed6   0x0801fed6   0x0000001a   Code   RO         3359    .text               mf_w.l(dfltui.o)
    0x0801fef0   0x0801fef0   0x00000032   Code   RO         3361    .text               mf_w.l(ffixi.o)
    0x0801ff22   0x0801ff22   0x00000028   Code   RO         3363    .text               mf_w.l(ffixui.o)
    0x0801ff4a   0x0801ff4a   0x0000003e   Code   RO         3365    .text               mf_w.l(dfixi.o)
    0x0801ff88   0x0801ff88   0x00000032   Code   RO         3367    .text               mf_w.l(dfixui.o)
    0x0801ffba   0x0801ffba   0x00000026   Code   RO         3369    .text               mf_w.l(f2d.o)
    0x0801ffe0   0x0801ffe0   0x00000030   Code   RO         3371    .text               mf_w.l(cdcmple.o)
    0x08020010   0x08020010   0x00000030   Code   RO         3373    .text               mf_w.l(cdrcmple.o)
    0x08020040   0x08020040   0x0000002c   Code   RO         3390    .text               mc_w.l(uidiv.o)
    0x0802006c   0x0802006c   0x00000062   Code   RO         3392    .text               mc_w.l(uldiv.o)
    0x080200ce   0x080200ce   0x0000001e   Code   RO         3394    .text               mc_w.l(llshl.o)
    0x080200ec   0x080200ec   0x00000024   Code   RO         3396    .text               mc_w.l(llsshr.o)
    0x08020110   0x08020110   0x00000070   Code   RO         3405    .text               mc_w.l(strtol.o)
    0x08020180   0x08020180   0x00000000   Code   RO         3407    .text               mc_w.l(iusefp.o)
    0x08020180   0x08020180   0x0000006e   Code   RO         3408    .text               mf_w.l(fepilogue.o)
    0x080201ee   0x080201ee   0x000000ba   Code   RO         3410    .text               mf_w.l(depilogue.o)
    0x080202a8   0x080202a8   0x000000de   Code   RO         3412    .text               mf_w.l(ddiv.o)
    0x08020386   0x08020386   0x000000a2   Code   RO         3414    .text               mf_w.l(dsqrt.o)
    0x08020428   0x08020428   0x00000030   Code   RO         3416    .text               mf_w.l(dfixul.o)
    0x08020458   0x08020458   0x00000024   Code   RO         3418    .text               mc_w.l(init.o)
    0x0802047c   0x0802047c   0x00000008   Code   RO         3420    .text               mc_w.l(ctype_o.o)
    0x08020484   0x08020484   0x0000009e   Code   RO         3448    .text               mc_w.l(_strtoul.o)
    0x08020522   0x08020522   0x0000001c   Code   RO         3450    .text               mc_w.l(_chval.o)
    0x0802053e   0x0802053e   0x00000056   Code   RO         3460    .text               mc_w.l(__dczerorl2.o)
    0x08020594   0x08020594   0x00000020   Code   RO         3313    i.__0printf         mc_w.l(printfa.o)
    0x080205b4   0x080205b4   0x00000028   Code   RO         3315    i.__0sprintf        mc_w.l(printfa.o)
    0x080205dc   0x080205dc   0x00000008   Code   RO         3398    i.__aeabi_errno_addr  mc_w.l(errno.o)
    0x080205e4   0x080205e4   0x0000000e   Code   RO         3454    i.__scatterload_copy  mc_w.l(handlers.o)
    0x080205f2   0x080205f2   0x00000002   Code   RO         3455    i.__scatterload_null  mc_w.l(handlers.o)
    0x080205f4   0x080205f4   0x0000000e   Code   RO         3456    i.__scatterload_zeroinit  mc_w.l(handlers.o)
    0x08020602   0x08020602   0x00000002   PAD
    0x08020604   0x08020604   0x0000000c   Code   RO         3400    i.__set_errno       mc_w.l(errno.o)
    0x08020610   0x08020610   0x00000184   Code   RO         3320    i._fp_digits        mc_w.l(printfa.o)
    0x08020794   0x08020794   0x000006dc   Code   RO         3321    i._printf_core      mc_w.l(printfa.o)
    0x08020e70   0x08020e70   0x00000024   Code   RO         3322    i._printf_post_padding  mc_w.l(printfa.o)
    0x08020e94   0x08020e94   0x0000002e   Code   RO         3323    i._printf_pre_padding  mc_w.l(printfa.o)
    0x08020ec2   0x08020ec2   0x0000000a   Code   RO         3325    i._sputc            mc_w.l(printfa.o)
    0x08020ecc   0x08020ecc   0x0000004c   Code   RO         3048    i.sqrt              m_ws.l(sqrt.o)
    0x08020f18   0x08020f18   0x0000000a   Data   RO          593    .constdata          ft5206.o
    0x08020f22   0x08020f22   0x000000c2   Data   RO          634    .constdata          gt9147.o
    0x08020fe4   0x08020fe4   0x00004740   Data   RO          663    .constdata          lcd.o
    0x08025724   0x08025724   0x0000000a   Data   RO          721    .constdata          ott2001a.o
    0x0802572e   0x0802572e   0x00000018   Data   RO          781    .constdata          rtc.o
    0x08025746   0x08025746   0x00000002   PAD
    0x08025748   0x08025748   0x00000004   Data   RO          877    .constdata          touch.o
    0x0802574c   0x0802574c   0x0000005c   Data   RO         1026    .constdata          drv_usart.o
    0x080257a8   0x080257a8   0x0000017c   Data   RO         1059    .constdata          drv_gpio.o
    0x08025924   0x08025924   0x00000013   Data   RO         1115    .constdata          board.o
    0x08025937   0x08025937   0x0000007d   Data   RO         1139    .constdata          pin.o
    0x080259b4   0x080259b4   0x000000c4   Data   RO         1163    .constdata          serial.o
    0x08025a78   0x08025a78   0x00000039   Data   RO         1179    .constdata          completion.o
    0x08025ab1   0x08025ab1   0x00000018   Data   RO         1300    .constdata          system_stm32f1xx.o
    0x08025ac9   0x08025ac9   0x00000014   Data   RO         2318    .constdata          components.o
    0x08025add   0x08025add   0x000000c9   Data   RO         2337    .constdata          device.o
    0x08025ba6   0x08025ba6   0x00000016   Data   RO         2351    .constdata          idle.o
    0x08025bbc   0x08025bbc   0x000001f7   Data   RO         2369    .constdata          ipc.o
    0x08025db3   0x08025db3   0x00000122   Data   RO         2400    .constdata          kservice.o
    0x08025ed5   0x08025ed5   0x00000046   Data   RO         2420    .constdata          mem.o
    0x08025f1b   0x08025f1b   0x0000003e   Data   RO         2452    .constdata          mempool.o
    0x08025f59   0x08025f59   0x00000080   Data   RO         2470    .constdata          object.o
    0x08025fd9   0x08025fd9   0x0000004e   Data   RO         2490    .constdata          scheduler.o
    0x08026027   0x08026027   0x00000048   Data   RO         2507    .constdata          signal.o
    0x0802606f   0x0802606f   0x000000b9   Data   RO         2537    .constdata          thread.o
    0x08026128   0x08026128   0x0000005c   Data   RO         2558    .constdata          timer.o
    0x08026184   0x08026184   0x00000013   Data   RO         2577    .constdata          cpuport.o
    0x08026197   0x08026197   0x00000087   Data   RO         2632    .constdata          shell.o
    0x0802621e   0x0802621e   0x00000002   PAD
    0x08026220   0x08026220   0x00000050   Data   RO         2672    .constdata          cmd.o
    0x08026270   0x08026270   0x0000000e   Data   RO         2695    .constdata          msh.o
    0x0802627e   0x0802627e   0x00000002   PAD
    0x08026280   0x08026280   0x000000c4   Data   RO         2869    .constdata          finsh_ops.o
    0x08026344   0x08026344   0x00000040   Data   RO         2948    .constdata          finsh_token.o
    0x08026384   0x08026384   0x0000001b   Data   RO         2996    .constdata          stubs.o
    0x0802639f   0x0802639f   0x00000081   Data   RO         3421    .constdata          mc_w.l(ctype_o.o)
    0x08026420   0x08026420   0x00000004   Data   RO         3422    .constdata          mc_w.l(ctype_o.o)
    0x08026424   0x08026424   0x00000079   Data   RO          878    .conststring        touch.o
    0x0802649d   0x0802649d   0x00000003   PAD
    0x080264a0   0x080264a0   0x00000043   Data   RO         1116    .conststring        board.o
    0x080264e3   0x080264e3   0x00000001   PAD
    0x080264e4   0x080264e4   0x0000015a   Data   RO         2370    .conststring        ipc.o
    0x0802663e   0x0802663e   0x00000002   PAD
    0x08026640   0x08026640   0x000000ed   Data   RO         2421    .conststring        mem.o
    0x0802672d   0x0802672d   0x00000003   PAD
    0x08026730   0x08026730   0x00000042   Data   RO         2538    .conststring        thread.o
    0x08026772   0x08026772   0x00000002   PAD
    0x08026774   0x08026774   0x0000015d   Data   RO         2673    .conststring        cmd.o
    0x080268d1   0x080268d1   0x00000003   PAD
    0x080268d4   0x080268d4   0x00000048   Data   RO         2713    .conststring        msh_cmd.o
    0x0802691c   0x0802691c   0x000000f3   Data   RO         2804    .conststring        finsh_error.o
    0x08026a0f   0x08026a0f   0x00000001   PAD
    0x08026a10   0x08026a10   0x0000003e   Data   RO         2949    .conststring        finsh_token.o
    0x08026a4e   0x08026a4e   0x00000069   Data   RO         1140    .rodata.name        pin.o
    0x08026ab7   0x08026ab7   0x00000027   Data   RO         2423    .rodata.name        mem.o
    0x08026ade   0x08026ade   0x000003a4   Data   RO         2675    .rodata.name        cmd.o
    0x08026e82   0x08026e82   0x00000061   Data   RO         2697    .rodata.name        msh.o
    0x08026ee3   0x08026ee3   0x000000e4   Data   RO         2714    .rodata.name        msh_cmd.o
    0x08026fc7   0x08026fc7   0x00000001   PAD
    0x08026fc8   0x08026fc8   0x00000004   Data   RO         2319    .rti_fn.0           components.o
    0x08026fcc   0x08026fcc   0x00000004   Data   RO         2320    .rti_fn.0.end       components.o
    0x08026fd0   0x08026fd0   0x00000004   Data   RO         1028    .rti_fn.1           drv_usart.o
    0x08026fd4   0x08026fd4   0x00000004   Data   RO         1061    .rti_fn.1           drv_gpio.o
    0x08026fd8   0x08026fd8   0x00000004   Data   RO         2321    .rti_fn.1.end       components.o
    0x08026fdc   0x08026fdc   0x00000004   Data   RO         2963    .rti_fn.4           libc.o
    0x08026fe0   0x08026fe0   0x00000004   Data   RO         2634    .rti_fn.6           shell.o
    0x08026fe4   0x08026fe4   0x00000004   Data   RO         2322    .rti_fn.6.end       components.o
    0x08026fe8   0x08026fe8   0x00000024   Data   RO         1141    FSymTab             pin.o
    0x0802700c   0x0802700c   0x0000000c   Data   RO         2424    FSymTab             mem.o
    0x08027018   0x08027018   0x00000120   Data   RO         2676    FSymTab             cmd.o
    0x08027138   0x08027138   0x00000024   Data   RO         2698    FSymTab             msh.o
    0x0802715c   0x0802715c   0x0000003c   Data   RO         2715    FSymTab             msh_cmd.o
    0x08027198   0x08027198   0x00000020   Data   RO         3452    Region$$Table       anon$$obj.o
    0x080271b8   0x080271b8   0x00000010   Data   RO         2677    VSymTab             cmd.o


    Execution Region RW_IRAM1 (Exec base: 0x20000000, Load base: 0x080271c8, Size: 0x00001cd8, Max: 0x00010000, ABSOLUTE, COMPRESSED[0x000000c4])

    Exec Addr    Load Addr    Size         Type   Attr      Idx    E Section Name        Object

    0x20000000   COMPRESSED   0x00000006   Data   RW          478    .data               bsp_led.o
    0x20000006   COMPRESSED   0x00000004   Data   RW          560    .data               delay.o
    0x2000000a   COMPRESSED   0x00000001   Data   RW          594    .data               ft5206.o
    0x2000000b   COMPRESSED   0x00000001   Data   RW          635    .data               gt9147.o
    0x2000000c   COMPRESSED   0x00000008   Data   RW          664    .data               lcd.o
    0x20000014   COMPRESSED   0x00000001   Data   RW          722    .data               ott2001a.o
    0x20000015   COMPRESSED   0x00000001   PAD
    0x20000016   COMPRESSED   0x00000028   Data   RW          782    .data               rtc.o
    0x2000003e   COMPRESSED   0x00000002   PAD
    0x20000040   COMPRESSED   0x00000036   Data   RW          879    .data               touch.o
    0x20000076   COMPRESSED   0x00000006   Data   RW          937    .data               usart.o
    0x2000007c   COMPRESSED   0x00000044   Data   RW         1027    .data               drv_usart.o
    0x200000c0   COMPRESSED   0x000000c0   Data   RW         1060    .data               drv_gpio.o
    0x20000180   COMPRESSED   0x00000004   Data   RW         1301    .data               system_stm32f1xx.o
    0x20000184   COMPRESSED   0x00000001   Data   RW         1775    .data               stm32f1xx_hal_spi_ex.o
    0x20000185   COMPRESSED   0x00000003   PAD
    0x20000188   COMPRESSED   0x00000009   Data   RW         1916    .data               stm32f1xx_hal.o
    0x20000191   COMPRESSED   0x00000003   PAD
    0x20000194   COMPRESSED   0x00000004   Data   RW         2304    .data               clock.o
    0x20000198   COMPRESSED   0x00000009   Data   RW         2384    .data               irq.o
    0x200001a1   COMPRESSED   0x00000003   PAD
    0x200001a4   COMPRESSED   0x0000000c   Data   RW         2401    .data               kservice.o
    0x200001b0   COMPRESSED   0x00000020   Data   RW         2422    .data               mem.o
    0x200001d0   COMPRESSED   0x00000008   Data   RW         2453    .data               mempool.o
    0x200001d8   COMPRESSED   0x000000b4   Data   RW         2471    .data               object.o
    0x2000028c   COMPRESSED   0x0000001c   Data   RW         2491    .data               scheduler.o
    0x200002a8   COMPRESSED   0x00000004   Data   RW         2508    .data               signal.o
    0x200002ac   COMPRESSED   0x0000000c   Data   RW         2539    .data               thread.o
    0x200002b8   COMPRESSED   0x0000001c   Data   RW         2559    .data               timer.o
    0x200002d4   COMPRESSED   0x00000010   Data   RW         2578    .data               cpuport.o
    0x200002e4   COMPRESSED   0x00000008   Data   RW         2633    .data               shell.o
    0x200002ec   COMPRESSED   0x00000010   Data   RW         2655    .data               symbol.o
    0x200002fc   COMPRESSED   0x00000004   Data   RW         2674    .data               cmd.o
    0x20000300   COMPRESSED   0x00000004   Data   RW         2696    .data               msh.o
    0x20000304   COMPRESSED   0x00000008   Data   RW         2767    .data               finsh_compiler.o
    0x2000030c   COMPRESSED   0x00000040   Data   RW         2805    .data               finsh_error.o
    0x2000034c   COMPRESSED   0x00000008   Data   RW         2821    .data               finsh_heap.o
    0x20000354   COMPRESSED   0x00000004   Data   RW         2903    .data               finsh_var.o
    0x20000358   COMPRESSED   0x0000000c   Data   RW         2926    .data               finsh_vm.o
    0x20000364   COMPRESSED   0x00000004   Data   RW         3389    .data               mc_w.l(stdout.o)
    0x20000368   COMPRESSED   0x00000004   Data   RW         3401    .data               mc_w.l(errno.o)
    0x2000036c        -       0x00000040   Zero   RW          503    .bss                bsp_timer.o
    0x200003ac        -       0x00000052   Zero   RW          662    .bss                lcd.o
    0x200003fe   COMPRESSED   0x00000002   PAD
    0x20000400        -       0x00000032   Zero   RW          780    .bss                rtc.o
    0x20000432   COMPRESSED   0x00000002   PAD
    0x20000434        -       0x00000058   Zero   RW          819    .bss                spi.o
    0x2000048c        -       0x00000880   Zero   RW          936    .bss                usart.o
    0x20000d0c        -       0x00000068   Zero   RW          997    .bss                rc522.o
    0x20000d74        -       0x00000064   Zero   RW         1025    .bss                drv_usart.o
    0x20000dd8        -       0x00000054   Zero   RW         1138    .bss                pin.o
    0x20000e2c        -       0x000001c4   Zero   RW         2350    .bss                idle.o
    0x20000ff0        -       0x00000080   Zero   RW         2399    .bss                kservice.o
    0x20001070        -       0x00000030   Zero   RW         2419    .bss                mem.o
    0x200010a0        -       0x00000100   Zero   RW         2489    .bss                scheduler.o
    0x200011a0        -       0x000002b4   Zero   RW         2557    .bss                timer.o
    0x20001454        -       0x00000081   Zero   RW         2631    .bss                shell.o
    0x200014d5   COMPRESSED   0x00000003   PAD
    0x200014d8        -       0x00000080   Zero   RW         2820    .bss                finsh_heap.o
    0x20001558        -       0x00000140   Zero   RW         2854    .bss                finsh_node.o
    0x20001698        -       0x000000c0   Zero   RW         2902    .bss                finsh_var.o
    0x20001758        -       0x00000180   Zero   RW         2925    .bss                finsh_vm.o
    0x200018d8        -       0x00000400   Zero   RW         2296    STACK               startup_stm32f103xe.o


==============================================================================

Image component sizes


      Code (inc. data)   RO Data    RW Data    ZI Data      Debug   Object Name

       378          0          0          0          0       2714   24cxx.o
       164         16          0          0          0       1005   beep.o
       576        138         86          0          0       1729   board.o
       820        206          0          6          0       1724   bsp_led.o
       232         20          0          0         64       1616   bsp_timer.o
       108          4          0          4          0       1384   clock.o
      3752       1430       1665          4          0      16776   cmd.o
       460        128         57          0          0       4759   completion.o
       220         42         36          0          0       2518   components.o
       244         26          0          0          0        748   context_rvds.o
      1504        720         19         16          0       4043   cpuport.o
       688         30          0          0          0       2481   ctiic.o
         0          0          0          0          0       2488   dataqueue.o
       208         12          0          4          0       1015   delay.o
      1352        314        201          0          0       5626   device.o
      1508         96        384        192          0       6894   drv_gpio.o
       760        126         96         68        100      25502   drv_usart.o
      6168        154          0          8          0       9822   finsh_compiler.o
        44         10        243         64          0       1629   finsh_error.o
       528         18          0          8        128       3391   finsh_heap.o
        88          6          0          0          0       1588   finsh_init.o
       388          4          0          0        320       3328   finsh_node.o
      2776         36        196          0          0       8680   finsh_ops.o
      2428         32          0          0          0       9733   finsh_parser.o
      1664         16        126          0          0       6236   finsh_token.o
       412         18          0          4        192       6309   finsh_var.o
       228         34          0         12        384       5388   finsh_vm.o
       824         42         10          1          0       2499   ft5206.o
      1100         76        194          1          0       3014   gt9147.o
       468         76         22          0        452       5416   idle.o
      7196       1036        849          0          0      19875   ipc.o
       124         14          0          9          0       1804   irq.o
      2752        232        290         12        128      12228   kservice.o
     14444        466      18240          8         82      22425   lcd.o
         4          0          4          0          0       1244   libc.o
         4          0          0          0          0     525457   main.o
      2292        644        358         32         48       5411   mem.o
      1264        264         62          8          0       7070   mempool.o
       900        142        147          4          0       4903   msh.o
       168         70        360          0          0       3285   msh_cmd.o
       636         18          0          0          0       2256   myiic.o
       884        184        128        180          0       8291   object.o
       876         60         10          1          0       2667   ott2001a.o
       592         92        266          0         84       8013   pin.o
       262          0          0          0          0       1637   public.o
      1748         56          0          0        104       7956   rc522.o
      7804        874         24         40         50       8271   rtc.o
       780        152         78         28        256       4077   scheduler.o
      1696        186        196          0          0       6613   serial.o
      2784        282        139          8        129       7065   shell.o
      1480        174         72          4          0       8284   signal.o
       436         26          0          0         88       1960   spi.o
        36          8        304          0       1024        864   startup_stm32f103xe.o
       436         36          0          9          0       7385   stm32f1xx_hal.o
       708         22          0          0          0      27262   stm32f1xx_hal_cortex.o
      3812         40          0          0          0       6621   stm32f1xx_hal_dma.o
      1256         42          0          0          0       3883   stm32f1xx_hal_gpio.o
       520         20          0          0          0       4175   stm32f1xx_hal_pwr.o
      2444         94          0          0          0       5531   stm32f1xx_hal_rcc.o
       692         40          0          0          0       2280   stm32f1xx_hal_rcc_ex.o
      2776         18          0          0          0      10373   stm32f1xx_hal_rtc.o
       744          6          0          0          0       4577   stm32f1xx_hal_rtc_ex.o
      7164        118          0          0          0      19097   stm32f1xx_hal_spi.o
       184         10          0          1          0       1594   stm32f1xx_hal_spi_ex.o
       896          8          0          0          0       6208   stm32f1xx_hal_sram.o
     10272        124          0          0          0      32586   stm32f1xx_hal_tim.o
      3264         20          0          0          0      11768   stm32f1xx_hal_tim_ex.o
      4618         46          0          0          0      15864   stm32f1xx_hal_uart.o
        16          0          0          0          0        809   stm32f1xx_it.o
       988         16          0          0          0       5944   stm32f1xx_ll_fsmc.o
       324         20         27          0          0       6359   stubs.o
         0          0          0         16          0       5081   symbol.o
       244         32         24          4          0       1701   system_stm32f1xx.o
      2040        416        251         12          0      10614   thread.o
      1828        312         92         28        692       9639   timer.o
      4020        226        125         54          0       6917   touch.o
       628         94          0          6       2176       2608   usart.o
         0          0          0          0          0       2532   waitqueue.o

    ----------------------------------------------------------------------
    129132      10570      25435        868       6508    1033119   Object Totals
         0          0         32          0          0          0   (incl. Generated)
         6          0         22         12          7          0   (incl. Padding)

    ----------------------------------------------------------------------

      Code (inc. data)   RO Data    RW Data    ZI Data      Debug   Library Member Name

        76          0          0          0          0         84   sqrt.o
        86          0          0          0          0          0   __dczerorl2.o
        28          0          0          0          0         68   _chval.o
       158          0          0          0          0         92   _strtoul.o
        26          0          0          0          0         80   atoi.o
         8          4        133          0          0         68   ctype_o.o
         0          0          0          0          0          0   entry.o
         0          0          0          0          0          0   entry10a.o
         0          0          0          0          0          0   entry11a.o
         8          4          0          0          0          0   entry2.o
         4          0          0          0          0          0   entry5.o
         0          0          0          0          0          0   entry7b.o
         0          0          0          0          0          0   entry8b.o
         8          4          0          0          0          0   entry9a.o
        20         10          0          4          0        136   errno.o
        30          0          0          0          0          0   handlers.o
        36          8          0          0          0         68   init.o
         0          0          0          0          0          0   iusefp.o
        30          0          0          0          0         68   llshl.o
        36          0          0          0          0         68   llsshr.o
        32          0          0          0          0         68   llushr.o
        26          0          0          0          0         80   memcmp.o
        36          0          0          0          0         68   memcpya.o
        36          0          0          0          0        108   memseta.o
      2308         96          0          0          0        604   printfa.o
         0          0          0          4          0          0   stdout.o
        24          0          0          0          0         68   strcat.o
        28          0          0          0          0         76   strcmp.o
        18          0          0          0          0         68   strcpy.o
        14          0          0          0          0         68   strlen.o
        30          0          0          0          0         80   strncmp.o
        24          0          0          0          0         76   strncpy.o
       112          0          0          0          0         88   strtol.o
        44          0          0          0          0         80   uidiv.o
        98          0          0          0          0         92   uldiv.o
        48          0          0          0          0         68   cdcmple.o
        48          0          0          0          0         68   cdrcmple.o
       334          0          0          0          0        148   dadd.o
       222          0          0          0          0        100   ddiv.o
       186          0          0          0          0        176   depilogue.o
        62          0          0          0          0         80   dfixi.o
        50          0          0          0          0         76   dfixui.o
        48          0          0          0          0         68   dfixul.o
        34          0          0          0          0         76   dflti.o
        26          0          0          0          0         76   dfltui.o
       228          0          0          0          0         96   dmul.o
       162          0          0          0          0        100   dsqrt.o
        38          0          0          0          0         68   f2d.o
       176          0          0          0          0        140   fadd.o
       124          0          0          0          0         88   fdiv.o
       110          0          0          0          0        168   fepilogue.o
        50          0          0          0          0         68   ffixi.o
        40          0          0          0          0         68   ffixui.o
        18          0          0          0          0         68   fflti.o
        10          0          0          0          0         68   ffltui.o
       100          0          0          0          0         76   fmul.o

    ----------------------------------------------------------------------
      5500        126        133          8          0       4300   Library Totals
         2          0          0          0          0          0   (incl. Padding)

    ----------------------------------------------------------------------

      Code (inc. data)   RO Data    RW Data    ZI Data      Debug   Library Name

        76          0          0          0          0         84   m_ws.l
      3308        126        133          8          0       2272   mc_w.l
      2114          0          0          0          0       1944   mf_w.l

    ----------------------------------------------------------------------
      5500        126        133          8          0       4300   Library Totals

    ----------------------------------------------------------------------

==============================================================================


      Code (inc. data)   RO Data    RW Data    ZI Data      Debug   

    134632      10696      25568        876       6508    1028083   Grand Totals
    134632      10696      25568        196       6508    1028083   ELF Image Totals (compressed)
    134632      10696      25568        196          0          0   ROM Totals

==============================================================================

    Total RO  Size (Code + RO Data)               160200 ( 156.45kB)
    Total RW  Size (RW Data + ZI Data)              7384 (   7.21kB)
    Total ROM Size (Code + RO Data + RW Data)     160396 ( 156.64kB)

==============================================================================

