Component: ARM Compiler 5.06 update 6 (build 750) Tool: armlink [4d35ed]

==============================================================================

Section Cross References

    main.o(.text) refers to lcd.o(.text) for LCD_Clear
    main.o(.text) refers to thread.o(.text) for rt_thread_mdelay
    main.o(.text) refers to ipc.o(.text) for rt_sem_take
    main.o(.text) refers to printfa.o(i.__0sprintf) for __2sprintf
    main.o(.text) refers to stm32f1xx_hal_tim.o(.text) for HAL_TIM_PWM_Start
    main.o(.text) refers to timer.o(.text) for TIM_SetTIM3Compare2
    main.o(.text) refers to rc522_function.o(.text) for Read_ID
    main.o(.text) refers to beep.o(.text) for beeponce
    main.o(.text) refers to stm32f1xx_hal_cortex.o(.text) for HAL_NVIC_DisableIRQ
    main.o(.text) refers to main.o(.data) for register_lock
    main.o(.text) refers to lcd.o(.data) for POINT_COLOR
    main.o(.text) refers to main.o(.bss) for register_remain_time
    main.o(.text) refers to timer.o(.bss) for TIM3_Handler
    main.o(.text) refers to rc522_function.o(.data) for ucArray_ID
    main.o(.text) refers to touch.o(.data) for tp_dev
    main.o(.text) refers to lcd.o(.bss) for lcddev
    main.o(.text) refers to password.o(.text) for Match_psw
    main.o(.text) refers to timer_1.o(.text) for rt_timer_start
    main.o(.text) refers to kservice.o(.text) for rt_kprintf
    24cxx.o(.text) refers to myiic.o(.text) for IIC_Start
    24cxx.o(.text) refers to public.o(.text) for Delay_ms
    beep.o(.text) refers to stm32f1xx_hal_gpio.o(.text) for HAL_GPIO_Init
    beep.o(.text) refers to public.o(.text) for Delay_ms
    beep.o(.text) refers to thread.o(.text) for rt_thread_delay
    bsp_led.o(.text) refers to stm32f1xx_hal_gpio.o(.text) for HAL_GPIO_WritePin
    bsp_led.o(.text) refers to public.o(.text) for Delay_ms
    bsp_led.o(.text) refers to thread.o(.text) for rt_thread_delay
    bsp_led.o(.text) refers to scheduler.o(.text) for rt_enter_critical
    bsp_led.o(.text) refers to lcd.o(.text) for LCD_ShowString
    bsp_led.o(.text) refers to bsp_led.o(.data) for cnt
    bsp_led.o(.text) refers to lcd.o(.data) for POINT_COLOR
    ctiic.o(.text) refers to delay.o(.text) for delay_us
    ctiic.o(.text) refers to stm32f1xx_hal_gpio.o(.text) for HAL_GPIO_Init
    delay.o(.text) refers to stm32f1xx_hal_rcc.o(.text) for HAL_RCC_GetHCLKFreq
    delay.o(.text) refers to stm32f1xx_hal_cortex.o(.text) for HAL_SYSTICK_CLKSourceConfig
    delay.o(.text) refers to delay.o(.data) for fac_us
    ft5206.o(.text) refers to ctiic.o(.text) for CT_IIC_Start
    ft5206.o(.text) refers to stm32f1xx_hal_gpio.o(.text) for HAL_GPIO_Init
    ft5206.o(.text) refers to delay.o(.text) for delay_ms
    ft5206.o(.text) refers to printfa.o(i.__0printf) for __2printf
    ft5206.o(.text) refers to ft5206.o(.data) for t
    ft5206.o(.text) refers to touch.o(.data) for tp_dev
    ft5206.o(.text) refers to ft5206.o(.constdata) for FT5206_TPX_TBL
    gt9147.o(.text) refers to ctiic.o(.text) for CT_IIC_Start
    gt9147.o(.text) refers to stm32f1xx_hal_gpio.o(.text) for HAL_GPIO_Init
    gt9147.o(.text) refers to delay.o(.text) for delay_ms
    gt9147.o(.text) refers to printfa.o(i.__0printf) for __2printf
    gt9147.o(.text) refers to strcmp.o(.text) for strcmp
    gt9147.o(.text) refers to gt9147.o(.constdata) for GT9147_CFG_TBL
    gt9147.o(.text) refers to gt9147.o(.data) for t
    gt9147.o(.text) refers to touch.o(.data) for tp_dev
    gt9147.o(.text) refers to lcd.o(.bss) for lcddev
    lcd.o(.text) refers to public.o(.text) for delay_2us
    lcd.o(.text) refers to lcd.o(.bss) for lcddev
    lcd.o(.text) refers to dfltui.o(.text) for __aeabi_ui2d
    lcd.o(.text) refers to dmul.o(.text) for __aeabi_dmul
    lcd.o(.text) refers to dfixui.o(.text) for __aeabi_d2uiz
    lcd.o(.text) refers to lcd.o(.data) for POINT_COLOR
    lcd.o(.text) refers to stm32f1xx_hal_gpio.o(.text) for HAL_GPIO_Init
    lcd.o(.text) refers to stm32f1xx_hal_sram.o(.text) for HAL_SRAM_Init
    lcd.o(.text) refers to printfa.o(i.__0printf) for __2printf
    lcd.o(.text) refers to lcd.o(.constdata) for asc2_1206
    lcd.o(.text) refers to stm32f1xx_hal_cortex.o(.text) for HAL_NVIC_DisableIRQ
    myiic.o(.text) refers to stm32f1xx_hal_gpio.o(.text) for HAL_GPIO_Init
    myiic.o(.text) refers to public.o(.text) for delay_2us
    ott2001a.o(.text) refers to ctiic.o(.text) for CT_IIC_Start
    ott2001a.o(.text) refers to stm32f1xx_hal_gpio.o(.text) for HAL_GPIO_Init
    ott2001a.o(.text) refers to delay.o(.text) for delay_ms
    ott2001a.o(.text) refers to printfa.o(i.__0printf) for __2printf
    ott2001a.o(.text) refers to dflti.o(.text) for __aeabi_i2d
    ott2001a.o(.text) refers to dmul.o(.text) for __aeabi_dmul
    ott2001a.o(.text) refers to dfixui.o(.text) for __aeabi_d2uiz
    ott2001a.o(.text) refers to dadd.o(.text) for __aeabi_drsub
    ott2001a.o(.text) refers to ott2001a.o(.data) for t
    ott2001a.o(.text) refers to touch.o(.data) for tp_dev
[...]
    rt_strncmp                               0x0801714f   Thumb Code    40  kservice.o(.text)
    rt_strcmp                                0x08017177   Thumb Code    28  kservice.o(.text)
    rt_strnlen                               0x08017193   Thumb Code    24  kservice.o(.text)
    rt_strdup                                0x080171ab   Thumb Code    40  kservice.o(.text)
    strdup                                   0x080171ab   Thumb Code     0  kservice.o(.text)
    rt_hw_console_output                     0x080171d3   Thumb Code     2  kservice.o(.text)
    rt_vsnprintf                             0x08017399   Thumb Code   800  kservice.o(.text)
    rt_kprintf                               0x080176b9   Thumb Code    96  kservice.o(.text)
    rt_show_version                          0x08017719   Thumb Code    38  kservice.o(.text)
    rt_snprintf                              0x0801773f   Thumb Code    38  kservice.o(.text)
    rt_vsprintf                              0x08017765   Thumb Code    22  kservice.o(.text)
    rt_sprintf                               0x0801777b   Thumb Code    34  kservice.o(.text)
    rt_console_get_device                    0x0801779d   Thumb Code     6  kservice.o(.text)
    rt_console_set_device                    0x080177a3   Thumb Code    48  kservice.o(.text)
    rt_kputs                                 0x080177d3   Thumb Code    78  kservice.o(.text)
    rt_malloc_align                          0x08017821   Thumb Code    66  kservice.o(.text)
    rt_free_align                            0x08017863   Thumb Code    16  kservice.o(.text)
    __rt_ffs                                 0x08017873   Thumb Code    70  kservice.o(.text)
    rt_assert_set_hook                       0x080178b9   Thumb Code     6  kservice.o(.text)
    rt_assert_handler                        0x080178bf   Thumb Code    56  kservice.o(.text)
    rt_malloc_sethook                        0x080179d1   Thumb Code     6  mem.o(.text)
    rt_free_sethook                          0x080179d7   Thumb Code     6  mem.o(.text)
    rt_system_heap_init                      0x08017a7d   Thumb Code   204  mem.o(.text)
    rt_malloc                                0x08017b49   Thumb Code   522  mem.o(.text)
    rt_free                                  0x08017d53   Thumb Code   688  mem.o(.text)
    rt_realloc                               0x08018003   Thumb Code   324  mem.o(.text)
    rt_calloc                                0x08018147   Thumb Code    84  mem.o(.text)
    rt_memory_info                           0x0801819b   Thumb Code    26  mem.o(.text)
    list_mem                                 0x080181b5   Thumb Code    34  mem.o(.text)
    rt_mp_alloc_sethook                      0x080182c5   Thumb Code     6  mempool.o(.text)
    rt_mp_free_sethook                       0x080182cb   Thumb Code     6  mempool.o(.text)
    rt_mp_init                               0x080182d1   Thumb Code   128  mempool.o(.text)
    rt_mp_detach                             0x08018351   Thumb Code   114  mempool.o(.text)
    rt_mp_create                             0x080183c3   Thumb Code   174  mempool.o(.text)
    rt_mp_delete                             0x08018471   Thumb Code   172  mempool.o(.text)
    rt_mp_alloc                              0x0801851d   Thumb Code   278  mempool.o(.text)
    rt_mp_free                               0x08018633   Thumb Code    98  mempool.o(.text)
    rt_object_attach_sethook                 0x080187d5   Thumb Code     6  object.o(.text)
    rt_object_detach_sethook                 0x080187db   Thumb Code     6  object.o(.text)
    rt_object_trytake_sethook                0x080187e1   Thumb Code     6  object.o(.text)
    rt_object_take_sethook                   0x080187e7   Thumb Code     6  object.o(.text)
    rt_object_put_sethook                    0x080187ed   Thumb Code     6  object.o(.text)
    rt_system_object_init                    0x080187f3   Thumb Code     2  object.o(.text)
    rt_object_get_information                0x080187f5   Thumb Code    36  object.o(.text)
    rt_object_init                           0x08018819   Thumb Code    90  object.o(.text)
    rt_object_detach                         0x08018873   Thumb Code    62  object.o(.text)
    rt_object_allocate                       0x080188b1   Thumb Code   158  object.o(.text)
    rt_object_delete                         0x0801894f   Thumb Code    88  object.o(.text)
    rt_object_is_systemobject                0x080189a7   Thumb Code    34  object.o(.text)
    rt_object_get_type                       0x080189c9   Thumb Code    26  object.o(.text)
    rt_object_find                           0x080189e3   Thumb Code   142  object.o(.text)
    rt_scheduler_sethook                     0x08018b29   Thumb Code     6  scheduler.o(.text)
    rt_system_scheduler_init                 0x08018b89   Thumb Code    56  scheduler.o(.text)
    rt_system_scheduler_start                0x08018bc1   Thumb Code    36  scheduler.o(.text)
    rt_schedule                              0x08018be5   Thumb Code   160  scheduler.o(.text)
    rt_schedule_insert_thread                0x08018c85   Thumb Code    90  scheduler.o(.text)
    rt_schedule_remove_thread                0x08018cdf   Thumb Code    94  scheduler.o(.text)
    rt_enter_critical                        0x08018d3d   Thumb Code    28  scheduler.o(.text)
    rt_exit_critical                         0x08018d59   Thumb Code    54  scheduler.o(.text)
    rt_critical_level                        0x08018d8f   Thumb Code     8  scheduler.o(.text)
    rt_thread_handle_sig                     0x08018e37   Thumb Code   156  signal.o(.text)
    rt_thread_alloc_sig                      0x08018fa7   Thumb Code    62  signal.o(.text)
    rt_signal_install                        0x08018fe5   Thumb Code    98  signal.o(.text)
    rt_signal_mask                           0x08019047   Thumb Code    34  signal.o(.text)
    rt_signal_unmask                         0x08019069   Thumb Code    56  signal.o(.text)
    rt_signal_wait                           0x080190a1   Thumb Code   346  signal.o(.text)
    rt_thread_free_sig                       0x080191fb   Thumb Code    66  signal.o(.text)
    rt_thread_kill                           0x0801923d   Thumb Code   236  signal.o(.text)
    rt_system_signal_init                    0x08019329   Thumb Code    38  signal.o(.text)
    rt_thread_suspend_sethook                0x0801941d   Thumb Code     6  thread.o(.text)
    rt_thread_resume_sethook                 0x08019423   Thumb Code     6  thread.o(.text)
    rt_thread_inited_sethook                 0x08019429   Thumb Code     6  thread.o(.text)
    rt_thread_exit                           0x0801942f   Thumb Code    78  thread.o(.text)
    rt_thread_timeout                        0x0801947d   Thumb Code    90  thread.o(.text)
    rt_thread_init                           0x08019583   Thumb Code    74  thread.o(.text)
    rt_thread_self                           0x080195cd   Thumb Code     6  thread.o(.text)
    rt_thread_resume                         0x080195d3   Thumb Code   120  thread.o(.text)
    rt_thread_startup                        0x0801964b   Thumb Code   108  thread.o(.text)
    rt_thread_detach                         0x080196b7   Thumb Code   126  thread.o(.text)
    rt_thread_create                         0x08019735   Thumb Code    80  thread.o(.text)
    rt_thread_delete                         0x08019785   Thumb Code   114  thread.o(.text)
    rt_thread_yield                          0x080197f7   Thumb Code   454  thread.o(.text)
    rt_thread_suspend                        0x080199bd   Thumb Code   130  thread.o(.text)
    rt_thread_sleep                          0x08019a3f   Thumb Code    98  thread.o(.text)
    rt_thread_delay                          0x08019aa1   Thumb Code    12  thread.o(.text)
    rt_thread_mdelay                         0x08019aad   Thumb Code    20  thread.o(.text)
    rt_thread_control                        0x08019ac1   Thumb Code   154  thread.o(.text)
    rt_thread_find                           0x08019b5b   Thumb Code    96  thread.o(.text)
    rt_timer_enter_sethook                   0x08019c03   Thumb Code     6  timer_1.o(.text)
    rt_timer_exit_sethook                    0x08019c09   Thumb Code     6  timer_1.o(.text)
    rt_timer_init                            0x08019c9b   Thumb Code    58  timer_1.o(.text)
    rt_timer_detach                          0x08019cd5   Thumb Code    82  timer_1.o(.text)
    rt_timer_create                          0x08019d27   Thumb Code    54  timer_1.o(.text)
    rt_timer_delete                          0x08019d5d   Thumb Code    88  timer_1.o(.text)
    rt_timer_start                           0x08019db5   Thumb Code   358  timer_1.o(.text)
    rt_timer_stop                            0x08019f1b   Thumb Code   102  timer_1.o(.text)
    rt_timer_control                         0x08019f81   Thumb Code   372  timer_1.o(.text)
    rt_timer_check                           0x0801a0f5   Thumb Code   166  timer_1.o(.text)
    rt_timer_next_timeout_tick               0x0801a19b   Thumb Code    10  timer_1.o(.text)
    rt_soft_timer_check                      0x0801a1a5   Thumb Code   168  timer_1.o(.text)
    rt_system_timer_init                     0x0801a28b   Thumb Code    24  timer_1.o(.text)
    rt_system_timer_thread_init              0x0801a2a3   Thumb Code    58  timer_1.o(.text)
    rt_hw_stack_init                         0x0801a319   Thumb Code    70  cpuport.o(.text)
    rt_hw_exception_install                  0x0801a35f   Thumb Code     6  cpuport.o(.text)
    rt_hw_hard_fault_exception               0x0801a543   Thumb Code   198  cpuport.o(.text)
    rt_hw_cpu_shutdown                       0x0801a609   Thumb Code    22  cpuport.o(.text)
    rt_hw_cpu_reset                          0x0801a61f   Thumb Code    10  cpuport.o(.text)
    rt_hw_interrupt_disable                  0x0801a8f9   Thumb Code     8  context_rvds.o(.text)
    rt_hw_interrupt_enable                   0x0801a901   Thumb Code     6  context_rvds.o(.text)
    rt_hw_context_switch                     0x0801a907   Thumb Code    32  context_rvds.o(.text)
    rt_hw_context_switch_interrupt           0x0801a907   Thumb Code     0  context_rvds.o(.text)
    PendSV_Handler                           0x0801a927   Thumb Code    60  context_rvds.o(.text)
    rt_hw_context_switch_to                  0x0801a963   Thumb Code    58  context_rvds.o(.text)
    rt_hw_interrupt_thread_switch            0x0801a99d   Thumb Code     2  context_rvds.o(.text)
    HardFault_Handler                        0x0801a99f   Thumb Code    52  context_rvds.o(.text)
    finsh_set_prompt                         0x0801a9ed   Thumb Code    64  shell.o(.text)
    finsh_get_prompt                         0x0801aa2d   Thumb Code    84  shell.o(.text)
    finsh_get_prompt_mode                    0x0801aa81   Thumb Code    32  shell.o(.text)
    finsh_set_prompt_mode                    0x0801aaa1   Thumb Code    42  shell.o(.text)
    finsh_set_device                         0x0801ab29   Thumb Code   156  shell.o(.text)
    finsh_get_device                         0x0801abc5   Thumb Code    28  shell.o(.text)
    finsh_set_echo                           0x0801abe1   Thumb Code    42  shell.o(.text)
    finsh_get_echo                           0x0801ac0b   Thumb Code    32  shell.o(.text)
    finsh_run_line                           0x0801ac5d   Thumb Code   164  shell.o(.text)
    finsh_thread_entry                       0x0801aead   Thumb Code  1356  shell.o(.text)
    finsh_system_function_init               0x0801b3f9   Thumb Code    10  shell.o(.text)
    finsh_system_var_init                    0x0801b403   Thumb Code    10  shell.o(.text)
    finsh_system_init                        0x0801b40d   Thumb Code   110  shell.o(.text)
    hello                                    0x0801b4e1   Thumb Code    12  cmd.o(.text)
    version                                  0x0801b4ed   Thumb Code    10  cmd.o(.text)
    list_thread                              0x0801b5ff   Thumb Code    18  cmd.o(.text)
    list_sem                                 0x0801b6c7   Thumb Code    18  cmd.o(.text)
    list_event                               0x0801b75b   Thumb Code    18  cmd.o(.text)
    list_mutex                               0x0801b7cf   Thumb Code    18  cmd.o(.text)
    list_mailbox                             0x0801b877   Thumb Code    18  cmd.o(.text)
    list_msgqueue                            0x0801bbdf   Thumb Code    18  cmd.o(.text)
    list_memheap                             0x0801bc45   Thumb Code    18  cmd.o(.text)
    list_mempool                             0x0801bce1   Thumb Code    18  cmd.o(.text)
    list_timer                               0x0801bd67   Thumb Code    18  cmd.o(.text)
    list_device                              0x0801bded   Thumb Code    18  cmd.o(.text)
    list                                     0x0801bdff   Thumb Code   126  cmd.o(.text)
    list_prefix                              0x0801bebf   Thumb Code  1126  cmd.o(.text)
    msh_is_used                              0x0801c375   Thumb Code     6  msh.o(.text)
    msh_help                                 0x0801c38f   Thumb Code    66  msh.o(.text)
    msh_exec                                 0x0801c56f   Thumb Code    82  msh.o(.text)
    msh_auto_complete                        0x0801c5e1   Thumb Code   138  msh.o(.text)
    cmd_ifconfig                             0x0801c6f9   Thumb Code    58  msh_cmd.o(.text)
    cmd_netstat                              0x0801c733   Thumb Code     6  msh_cmd.o(.text)
    cmd_ps                                   0x0801c739   Thumb Code    14  msh_cmd.o(.text)
    cmd_time                                 0x0801c747   Thumb Code     6  msh_cmd.o(.text)
    cmd_free                                 0x0801c74d   Thumb Code    14  msh_cmd.o(.text)
    finsh_compiler_run                       0x0801df4f   Thumb Code    88  finsh_compiler.o(.text)
    finsh_error_init                         0x0801dfb9   Thumb Code     8  finsh_error.o(.text)
    finsh_error_set                          0x0801dfc1   Thumb Code    10  finsh_error.o(.text)
    finsh_errno                              0x0801dfcb   Thumb Code     6  finsh_error.o(.text)
    finsh_error_string                       0x0801dfd1   Thumb Code    10  finsh_error.o(.text)
    finsh_heap_init                          0x0801dfe5   Thumb Code    36  finsh_heap.o(.text)
    finsh_heap_free                          0x0801e109   Thumb Code    34  finsh_heap.o(.text)
    finsh_heap_allocate                      0x0801e179   Thumb Code   106  finsh_heap.o(.text)
    finsh_init                               0x0801e1f5   Thumb Code    30  finsh_init.o(.text)
    finsh_stack_bottom                       0x0801e213   Thumb Code     6  finsh_init.o(.text)
    finsh_flush                              0x0801e219   Thumb Code    22  finsh_init.o(.text)
    finsh_reset                              0x0801e22f   Thumb Code    24  finsh_init.o(.text)
    finsh_node_init                          0x0801e24d   Thumb Code    16  finsh_node.o(.text)
    finsh_node_allocate                      0x0801e25d   Thumb Code    56  finsh_node.o(.text)
    finsh_node_new_id                        0x0801e295   Thumb Code   118  finsh_node.o(.text)
    finsh_node_new_char                      0x0801e30b   Thumb Code    30  finsh_node.o(.text)
    finsh_node_new_int                       0x0801e329   Thumb Code    30  finsh_node.o(.text)
    finsh_node_new_long                      0x0801e347   Thumb Code    30  finsh_node.o(.text)
    finsh_node_new_string                    0x0801e365   Thumb Code    74  finsh_node.o(.text)
    finsh_node_new_ptr                       0x0801e3af   Thumb Code    30  finsh_node.o(.text)
    OP_no_op                                 0x0801e3d1   Thumb Code     2  finsh_ops.o(.text)
    OP_add_byte                              0x0801e3d3   Thumb Code    42  finsh_ops.o(.text)
    OP_add_word                              0x0801e3fd   Thumb Code    44  finsh_ops.o(.text)
    OP_add_dword                             0x0801e429   Thumb Code    42  finsh_ops.o(.text)
    OP_sub_byte                              0x0801e453   Thumb Code    42  finsh_ops.o(.text)
    OP_sub_word                              0x0801e47d   Thumb Code    44  finsh_ops.o(.text)
    OP_sub_dword                             0x0801e4a9   Thumb Code    42  finsh_ops.o(.text)
    OP_div_byte                              0x0801e4d3   Thumb Code    44  finsh_ops.o(.text)
    OP_div_word                              0x0801e4ff   Thumb Code    46  finsh_ops.o(.text)
    OP_div_dword                             0x0801e52d   Thumb Code    44  finsh_ops.o(.text)
    OP_mod_byte                              0x0801e559   Thumb Code    48  finsh_ops.o(.text)
    OP_mod_word                              0x0801e589   Thumb Code    48  finsh_ops.o(.text)
    OP_mod_dword                             0x0801e5b9   Thumb Code    48  finsh_ops.o(.text)
    OP_mul_byte                              0x0801e5e9   Thumb Code    42  finsh_ops.o(.text)
    OP_mul_word                              0x0801e613   Thumb Code    44  finsh_ops.o(.text)
    OP_mul_dword                             0x0801e63f   Thumb Code    42  finsh_ops.o(.text)
    OP_and_byte                              0x0801e669   Thumb Code    42  finsh_ops.o(.text)
    OP_and_word                              0x0801e693   Thumb Code    42  finsh_ops.o(.text)
    OP_and_dword                             0x0801e6bd   Thumb Code    42  finsh_ops.o(.text)
    OP_or_byte                               0x0801e6e7   Thumb Code    42  finsh_ops.o(.text)
    OP_or_word                               0x0801e711   Thumb Code    42  finsh_ops.o(.text)
    OP_or_dword                              0x0801e73b   Thumb Code    42  finsh_ops.o(.text)
    OP_xor_byte                              0x0801e765   Thumb Code    42  finsh_ops.o(.text)
    OP_xor_word                              0x0801e78f   Thumb Code    46  finsh_ops.o(.text)
    OP_xor_dword                             0x0801e7bd   Thumb Code    42  finsh_ops.o(.text)
    OP_bw_byte                               0x0801e7e7   Thumb Code    20  finsh_ops.o(.text)
    OP_bw_word                               0x0801e7fb   Thumb Code    20  finsh_ops.o(.text)
    OP_bw_dword                              0x0801e80f   Thumb Code    20  finsh_ops.o(.text)
    OP_shl_byte                              0x0801e823   Thumb Code    42  finsh_ops.o(.text)
    OP_shl_word                              0x0801e84d   Thumb Code    44  finsh_ops.o(.text)
    OP_shl_dword                             0x0801e879   Thumb Code    42  finsh_ops.o(.text)
    OP_shr_byte                              0x0801e8a3   Thumb Code    42  finsh_ops.o(.text)
    OP_shr_word                              0x0801e8cd   Thumb Code    42  finsh_ops.o(.text)
    OP_shr_dword                             0x0801e8f7   Thumb Code    42  finsh_ops.o(.text)
    OP_ld_byte                               0x0801e921   Thumb Code    34  finsh_ops.o(.text)
    OP_ld_word                               0x0801e943   Thumb Code    46  finsh_ops.o(.text)
    OP_ld_dword                              0x0801e971   Thumb Code    64  finsh_ops.o(.text)
    OP_ld_value_byte                         0x0801e9b1   Thumb Code    66  finsh_ops.o(.text)
    OP_ld_value_byte_stack                   0x0801e9f3   Thumb Code    20  finsh_ops.o(.text)
    OP_ld_value_word                         0x0801ea07   Thumb Code    66  finsh_ops.o(.text)
    OP_ld_value_word_stack                   0x0801ea49   Thumb Code    20  finsh_ops.o(.text)
    OP_ld_value_dword                        0x0801ea5d   Thumb Code    66  finsh_ops.o(.text)
    OP_ld_value_dword_stack                  0x0801ea9f   Thumb Code    20  finsh_ops.o(.text)
    OP_st_byte                               0x0801eab3   Thumb Code    30  finsh_ops.o(.text)
    OP_st_word                               0x0801ead1   Thumb Code    30  finsh_ops.o(.text)
    OP_st_dword                              0x0801eaef   Thumb Code    30  finsh_ops.o(.text)
    OP_pop                                   0x0801eb0d   Thumb Code    12  finsh_ops.o(.text)
    OP_call                                  0x0801eb19   Thumb Code   906  finsh_ops.o(.text)
    finsh_parser_run                         0x0801f739   Thumb Code   220  finsh_parser.o(.text)
    finsh_parser_init                        0x0801f815   Thumb Code    16  finsh_parser.o(.text)
    finsh_var_init                           0x0801f825   Thumb Code    14  finsh_var.o(.text)
    finsh_var_insert                         0x0801f833   Thumb Code   114  finsh_var.o(.text)
    finsh_var_delete                         0x0801f8a5   Thumb Code    68  finsh_var.o(.text)
    finsh_var_lookup                         0x0801f8e9   Thumb Code    58  finsh_var.o(.text)
    finsh_sysvar_append                      0x0801f923   Thumb Code    62  finsh_var.o(.text)
    finsh_sysvar_lookup                      0x0801f961   Thumb Code    78  finsh_var.o(.text)
    finsh_vm_run                             0x0801f9c1   Thumb Code    62  finsh_vm.o(.text)
    finsh_syscall_append                     0x0801f9ff   Thumb Code    54  finsh_vm.o(.text)
    finsh_syscall_lookup                     0x0801fa35   Thumb Code    78  finsh_vm.o(.text)
    finsh_token_init                         0x0801faa5   Thumb Code    20  finsh_token.o(.text)
    token_get_string                         0x0801febd   Thumb Code   120  finsh_token.o(.text)
    finsh_token_token                        0x080200f5   Thumb Code    24  finsh_token.o(.text)
    finsh_token_get_token                    0x0802010d   Thumb Code    20  finsh_token.o(.text)
    libc_system_init                         0x08020125   Thumb Code     4  libc.o(.text)
    _sys_open                                0x08020129   Thumb Code    54  stubs.o(.text)
    _sys_close                               0x0802015f   Thumb Code     6  stubs.o(.text)
    _sys_read                                0x08020165   Thumb Code    30  stubs.o(.text)
    _sys_write                               0x08020183   Thumb Code    68  stubs.o(.text)
    _sys_seek                                0x080201c7   Thumb Code    18  stubs.o(.text)
    _sys_tmpnam                              0x080201d9   Thumb Code     8  stubs.o(.text)
    _sys_command_string                      0x080201e1   Thumb Code     6  stubs.o(.text)
    _ttywrch                                 0x080201e7   Thumb Code    16  stubs.o(.text)
    _sys_exit                                0x080201f7   Thumb Code     4  stubs.o(.text)
    _sys_flen                                0x080201fb   Thumb Code    18  stubs.o(.text)
    _sys_istty                               0x0802020d   Thumb Code    18  stubs.o(.text)
    remove                                   0x0802021f   Thumb Code     8  stubs.o(.text)
    system                                   0x08020227   Thumb Code    16  stubs.o(.text)
    fputc                                    0x08020237   Thumb Code    26  stubs.o(.text)
    fgetc                                    0x08020251   Thumb Code     8  stubs.o(.text)
    __aeabi_llsr                             0x0802026d   Thumb Code    32  llushr.o(.text)
    _ll_ushift_r                             0x0802026d   Thumb Code     0  llushr.o(.text)
    __aeabi_memcpy                           0x0802028d   Thumb Code    36  memcpya.o(.text)
    __aeabi_memcpy4                          0x0802028d   Thumb Code     0  memcpya.o(.text)
    __aeabi_memcpy8                          0x0802028d   Thumb Code     0  memcpya.o(.text)
    __aeabi_memset                           0x080202b1   Thumb Code    14  memseta.o(.text)
    __aeabi_memset4                          0x080202b1   Thumb Code     0  memseta.o(.text)
    __aeabi_memset8                          0x080202b1   Thumb Code     0  memseta.o(.text)
    __aeabi_memclr                           0x080202bf   Thumb Code     4  memseta.o(.text)
    __aeabi_memclr4                          0x080202bf   Thumb Code     0  memseta.o(.text)
    __aeabi_memclr8                          0x080202bf   Thumb Code     0  memseta.o(.text)
    _memset$wrapper                          0x080202c3   Thumb Code    18  memseta.o(.text)
    strcat                                   0x080202d5   Thumb Code    24  strcat.o(.text)
    strncpy                                  0x080202ed   Thumb Code    24  strncpy.o(.text)
    strlen                                   0x08020305   Thumb Code    14  strlen.o(.text)
    strcmp                                   0x08020313   Thumb Code    28  strcmp.o(.text)
    memcmp                                   0x0802032f   Thumb Code    26  memcmp.o(.text)
    strcpy                                   0x08020349   Thumb Code    18  strcpy.o(.text)
    strncmp                                  0x0802035b   Thumb Code    30  strncmp.o(.text)
    atoi                                     0x08020379   Thumb Code    26  atoi.o(.text)
    __aeabi_fadd                             0x08020393   Thumb Code   164  fadd.o(.text)
    __aeabi_fsub                             0x08020437   Thumb Code     6  fadd.o(.text)
    __aeabi_frsub                            0x0802043d   Thumb Code     6  fadd.o(.text)
    __aeabi_fmul                             0x08020443   Thumb Code   100  fmul.o(.text)
    __aeabi_fdiv                             0x080204a7   Thumb Code   124  fdiv.o(.text)
    __aeabi_dadd                             0x08020523   Thumb Code   322  dadd.o(.text)
    __aeabi_dsub                             0x08020665   Thumb Code     6  dadd.o(.text)
    __aeabi_drsub                            0x0802066b   Thumb Code     6  dadd.o(.text)
    __aeabi_dmul                             0x08020671   Thumb Code   228  dmul.o(.text)
    __aeabi_i2f                              0x08020755   Thumb Code    18  fflti.o(.text)
    __aeabi_ui2f                             0x08020767   Thumb Code    10  ffltui.o(.text)
    __aeabi_i2d                              0x08020771   Thumb Code    34  dflti.o(.text)
    __aeabi_ui2d                             0x08020793   Thumb Code    26  dfltui.o(.text)
    __aeabi_f2iz                             0x080207ad   Thumb Code    50  ffixi.o(.text)
    __aeabi_f2uiz                            0x080207df   Thumb Code    40  ffixui.o(.text)
    __aeabi_d2iz                             0x08020807   Thumb Code    62  dfixi.o(.text)
    __aeabi_d2uiz                            0x08020845   Thumb Code    50  dfixui.o(.text)
    __aeabi_f2d                              0x08020877   Thumb Code    38  f2d.o(.text)
    __aeabi_cdcmpeq                          0x0802089d   Thumb Code     0  cdcmple.o(.text)
    __aeabi_cdcmple                          0x0802089d   Thumb Code    48  cdcmple.o(.text)
    __aeabi_cdrcmple                         0x080208cd   Thumb Code    48  cdrcmple.o(.text)
    __aeabi_uidiv                            0x080208fd   Thumb Code     0  uidiv.o(.text)
    __aeabi_uidivmod                         0x080208fd   Thumb Code    44  uidiv.o(.text)
    __aeabi_uldivmod                         0x08020929   Thumb Code    98  uldiv.o(.text)
    __aeabi_llsl                             0x0802098b   Thumb Code    30  llshl.o(.text)
    _ll_shift_l                              0x0802098b   Thumb Code     0  llshl.o(.text)
    __aeabi_lasr                             0x080209a9   Thumb Code    36  llsshr.o(.text)
    _ll_sshift_r                             0x080209a9   Thumb Code     0  llsshr.o(.text)
    strtol                                   0x080209cd   Thumb Code   112  strtol.o(.text)
    __I$use$fp                               0x08020a3d   Thumb Code     0  iusefp.o(.text)
    _float_round                             0x08020a3d   Thumb Code    18  fepilogue.o(.text)
    _float_epilogue                          0x08020a4f   Thumb Code    92  fepilogue.o(.text)
    _double_round                            0x08020aab   Thumb Code    30  depilogue.o(.text)
    _double_epilogue                         0x08020ac9   Thumb Code   156  depilogue.o(.text)
    __aeabi_ddiv                             0x08020b65   Thumb Code   222  ddiv.o(.text)
    _dsqrt                                   0x08020c43   Thumb Code   162  dsqrt.o(.text)
    __aeabi_d2ulz                            0x08020ce5   Thumb Code    48  dfixul.o(.text)
    __scatterload                            0x08020d15   Thumb Code    28  init.o(.text)
    __scatterload_rt2                        0x08020d15   Thumb Code     0  init.o(.text)
    __rt_ctype_table                         0x08020d39   Thumb Code     4  ctype_o.o(.text)
    _strtoul                                 0x08020d41   Thumb Code   158  _strtoul.o(.text)
    _chval                                   0x08020ddf   Thumb Code    28  _chval.o(.text)
    __decompress                             0x08020dfb   Thumb Code     0  __dczerorl2.o(.text)
    __decompress1                            0x08020dfb   Thumb Code    86  __dczerorl2.o(.text)
    __0printf                                0x08020e51   Thumb Code    22  printfa.o(i.__0printf)
    __1printf                                0x08020e51   Thumb Code     0  printfa.o(i.__0printf)
    __2printf                                0x08020e51   Thumb Code     0  printfa.o(i.__0printf)
    __c89printf                              0x08020e51   Thumb Code     0  printfa.o(i.__0printf)
    printf                                   0x08020e51   Thumb Code     0  printfa.o(i.__0printf)
    __0sprintf                               0x08020e71   Thumb Code    34  printfa.o(i.__0sprintf)
    __1sprintf                               0x08020e71   Thumb Code     0  printfa.o(i.__0sprintf)
    __2sprintf                               0x08020e71   Thumb Code     0  printfa.o(i.__0sprintf)
    __c89sprintf                             0x08020e71   Thumb Code     0  printfa.o(i.__0sprintf)
    sprintf                                  0x08020e71   Thumb Code     0  printfa.o(i.__0sprintf)
    __aeabi_errno_addr                       0x08020e99   Thumb Code     4  errno.o(i.__aeabi_errno_addr)
    __rt_errno_addr                          0x08020e99   Thumb Code     0  errno.o(i.__aeabi_errno_addr)
    __scatterload_copy                       0x08020ea1   Thumb Code    14  handlers.o(i.__scatterload_copy)
    __scatterload_null                       0x08020eaf   Thumb Code     2  handlers.o(i.__scatterload_null)
    __scatterload_zeroinit                   0x08020eb1   Thumb Code    14  handlers.o(i.__scatterload_zeroinit)
    __set_errno                              0x08020ec1   Thumb Code     6  errno.o(i.__set_errno)
    sqrt                                     0x08021789   Thumb Code    76  sqrt.o(i.sqrt)
    FT5206_TPX_TBL                           0x080217d4   Data          10  ft5206.o(.constdata)
    GT9147_CFG_TBL                           0x080217de   Data         184  gt9147.o(.constdata)
    GT9147_TPX_TBL                           0x08021896   Data          10  gt9147.o(.constdata)
    asc2_1206                                0x080218a0   Data        1140  lcd.o(.constdata)
    asc2_1608                                0x08021d14   Data        1520  lcd.o(.constdata)
    asc2_2412                                0x08022304   Data        3420  lcd.o(.constdata)
    asc2_3216                                0x08023060   Data       12160  lcd.o(.constdata)
    OTT_TPX_TBL                              0x08025fe0   Data          10  ott2001a.o(.constdata)
    TP_REMIND_MSG_TBL                        0x08025fec   Data           4  touch.o(.constdata)
    table_week                               0x08025ff0   Data          12  rtc.o(.constdata)
    mon_table                                0x08025ffc   Data          12  rtc.o(.constdata)
    AHBPrescTable                            0x0802636d   Data          16  system_stm32f1xx.o(.constdata)
    APBPrescTable                            0x0802637d   Data           8  system_stm32f1xx.o(.constdata)
    __lowest_bit_bitmap                      0x0802666f   Data         256  kservice.o(.constdata)
    op_table                                 0x08026b3c   Data         196  finsh_ops.o(.constdata)
    __stdin_name                             0x08026c40   Data           6  stubs.o(.constdata)
    __stdout_name                            0x08026c46   Data           7  stubs.o(.constdata)
    __stderr_name                            0x08026c4d   Data           7  stubs.o(.constdata)
    __ctype_table                            0x08026c5b   Data         129  ctype_o.o(.constdata)
    __fsym___cmd_DEL_ALL_TAG_name            0x0802730a   Data          18  rc522_function.o(.rodata.name)
    __fsym___cmd_DEL_ALL_TAG_desc            0x0802731c   Data          15  rc522_function.o(.rodata.name)
    __fsym___cmd_LIST_ALL_TAGS_name          0x0802732b   Data          20  rc522_function.o(.rodata.name)
    __fsym___cmd_LIST_ALL_TAGS_desc          0x0802733f   Data          14  rc522_function.o(.rodata.name)
    __fsym___cmd_SET_PWM_name                0x0802734d   Data          14  timer.o(.rodata.name)
    __fsym___cmd_SET_PWM_desc                0x0802735b   Data          25  timer.o(.rodata.name)
    __fsym___cmd_RTC_Set_Uart_name           0x08027374   Data          19  rtc.o(.rodata.name)
    __fsym___cmd_RTC_Set_Uart_desc           0x08027387   Data          44  rtc.o(.rodata.name)
    __fsym___cmd_Get_User_Psd_name           0x080273b3   Data          19  password.o(.rodata.name)
    __fsym___cmd_Get_User_Psd_desc           0x080273c6   Data          13  password.o(.rodata.name)
    __fsym_pinMode_name                      0x080273d3   Data           8  pin.o(.rodata.name)
    __fsym_pinMode_desc                      0x080273db   Data          22  pin.o(.rodata.name)
    __fsym_pinWrite_name                     0x080273f1   Data           9  pin.o(.rodata.name)
    __fsym_pinWrite_desc                     0x080273fa   Data          28  pin.o(.rodata.name)
    __fsym_pinRead_name                      0x08027416   Data           8  pin.o(.rodata.name)
    __fsym_pinRead_desc                      0x0802741e   Data          30  pin.o(.rodata.name)
    __fsym_list_mem_name                     0x0802743c   Data           9  mem.o(.rodata.name)
    __fsym_list_mem_desc                     0x08027445   Data          30  mem.o(.rodata.name)
    __fsym_hello_name                        0x08027463   Data           6  cmd.o(.rodata.name)
    __fsym_hello_desc                        0x08027469   Data          16  cmd.o(.rodata.name)
    __fsym_version_name                      0x08027479   Data           8  cmd.o(.rodata.name)
    __fsym_version_desc                      0x08027481   Data          35  cmd.o(.rodata.name)
    __fsym___cmd_version_name                0x080274a4   Data          14  cmd.o(.rodata.name)
    __fsym___cmd_version_desc                0x080274b2   Data          35  cmd.o(.rodata.name)
    __fsym_list_thread_name                  0x080274d5   Data          12  cmd.o(.rodata.name)
    __fsym_list_thread_desc                  0x080274e1   Data          12  cmd.o(.rodata.name)
    __fsym___cmd_list_thread_name            0x080274ed   Data          18  cmd.o(.rodata.name)
    __fsym___cmd_list_thread_desc            0x080274ff   Data          12  cmd.o(.rodata.name)
    __fsym_list_sem_name                     0x0802750b   Data           9  cmd.o(.rodata.name)
    __fsym_list_sem_desc                     0x08027514   Data          25  cmd.o(.rodata.name)
    __fsym___cmd_list_sem_name               0x0802752d   Data          15  cmd.o(.rodata.name)
    __fsym___cmd_list_sem_desc               0x0802753c   Data          25  cmd.o(.rodata.name)
    __fsym_list_event_name                   0x08027555   Data          11  cmd.o(.rodata.name)
    __fsym_list_event_desc                   0x08027560   Data          21  cmd.o(.rodata.name)
    __fsym___cmd_list_event_name             0x08027575   Data          17  cmd.o(.rodata.name)
    __fsym___cmd_list_event_desc             0x08027586   Data          21  cmd.o(.rodata.name)
    __fsym_list_mutex_name                   0x0802759b   Data          11  cmd.o(.rodata.name)
    __fsym_list_mutex_desc                   0x080275a6   Data          21  cmd.o(.rodata.name)
    __fsym___cmd_list_mutex_name             0x080275bb   Data          17  cmd.o(.rodata.name)
    __fsym___cmd_list_mutex_desc             0x080275cc   Data          21  cmd.o(.rodata.name)
    __fsym_list_mailbox_name                 0x080275e1   Data          13  cmd.o(.rodata.name)
    __fsym_list_mailbox_desc                 0x080275ee   Data          24  cmd.o(.rodata.name)
    __fsym___cmd_list_mailbox_name           0x08027606   Data          19  cmd.o(.rodata.name)
    __fsym___cmd_list_mailbox_desc           0x08027619   Data          24  cmd.o(.rodata.name)
    __fsym_list_msgqueue_name                0x08027631   Data          14  cmd.o(.rodata.name)
    __fsym_list_msgqueue_desc                0x0802763f   Data          29  cmd.o(.rodata.name)
    __fsym___cmd_list_msgqueue_name          0x0802765c   Data          20  cmd.o(.rodata.name)
    __fsym___cmd_list_msgqueue_desc          0x08027670   Data          29  cmd.o(.rodata.name)
    __fsym_list_memheap_name                 0x0802768d   Data          13  cmd.o(.rodata.name)
    __fsym_list_memheap_desc                 0x0802769a   Data          27  cmd.o(.rodata.name)
    __fsym___cmd_list_memheap_name           0x080276b5   Data          19  cmd.o(.rodata.name)
    __fsym___cmd_list_memheap_desc           0x080276c8   Data          27  cmd.o(.rodata.name)
    __fsym_list_mempool_name                 0x080276e3   Data          13  cmd.o(.rodata.name)
    __fsym_list_mempool_desc                 0x080276f0   Data          27  cmd.o(.rodata.name)
    __fsym___cmd_list_mempool_name           0x0802770b   Data          19  cmd.o(.rodata.name)
    __fsym___cmd_list_mempool_desc           0x0802771e   Data          27  cmd.o(.rodata.name)
    __fsym_list_timer_name                   0x08027739   Data          11  cmd.o(.rodata.name)
    __fsym_list_timer_desc                   0x08027744   Data          21  cmd.o(.rodata.name)
    __fsym___cmd_list_timer_name             0x08027759   Data          17  cmd.o(.rodata.name)
    __fsym___cmd_list_timer_desc             0x0802776a   Data          21  cmd.o(.rodata.name)
    __fsym_list_device_name                  0x0802777f   Data          12  cmd.o(.rodata.name)
    __fsym_list_device_desc                  0x0802778b   Data          22  cmd.o(.rodata.name)
    __fsym___cmd_list_device_name            0x080277a1   Data          18  cmd.o(.rodata.name)
    __fsym___cmd_list_device_desc            0x080277b3   Data          22  cmd.o(.rodata.name)
    __fsym_list_name                         0x080277c9   Data           5  cmd.o(.rodata.name)
    __fsym_list_desc                         0x080277ce   Data          26  cmd.o(.rodata.name)
    __vsym_dummy_name                        0x080277e8   Data           6  cmd.o(.rodata.name)
    __vsym_dummy_desc                        0x080277ee   Data          25  cmd.o(.rodata.name)
    __fsym___cmd_exit_name                   0x08027807   Data          11  msh.o(.rodata.name)
    __fsym___cmd_exit_desc                   0x08027812   Data          32  msh.o(.rodata.name)
    __fsym_msh_name                          0x08027832   Data           4  msh.o(.rodata.name)
    __fsym_msh_desc                          0x08027836   Data          17  msh.o(.rodata.name)
    __fsym___cmd_help_name                   0x08027847   Data          11  msh.o(.rodata.name)
    __fsym___cmd_help_desc                   0x08027852   Data          22  msh.o(.rodata.name)
    __fsym___cmd_ifconfig_name               0x08027868   Data          15  msh_cmd.o(.rodata.name)
    __fsym___cmd_ifconfig_desc               0x08027877   Data          43  msh_cmd.o(.rodata.name)
    __fsym___cmd_netstat_name                0x080278a2   Data          14  msh_cmd.o(.rodata.name)
    __fsym___cmd_netstat_desc                0x080278b0   Data          33  msh_cmd.o(.rodata.name)
    __fsym___cmd_ps_name                     0x080278d1   Data           9  msh_cmd.o(.rodata.name)
    __fsym___cmd_ps_desc                     0x080278da   Data          28  msh_cmd.o(.rodata.name)
    __fsym___cmd_time_name                   0x080278f6   Data          11  msh_cmd.o(.rodata.name)
    __fsym___cmd_time_desc                   0x08027901   Data          27  msh_cmd.o(.rodata.name)
    __fsym___cmd_free_name                   0x0802791c   Data          11  msh_cmd.o(.rodata.name)
    __fsym___cmd_free_desc                   0x08027927   Data          37  msh_cmd.o(.rodata.name)
    __rt_init_rti_start                      0x0802794c   Data           4  components.o(.rti_fn.0)
    __rt_init_rti_board_start                0x08027950   Data           4  components.o(.rti_fn.0.end)
    __rt_init_rt_hw_usart_init               0x08027954   Data           4  drv_usart.o(.rti_fn.1)
    __rt_init_rt_hw_pin_init                 0x08027958   Data           4  drv_gpio.o(.rti_fn.1)
    __rt_init_rti_board_end                  0x0802795c   Data           4  components.o(.rti_fn.1.end)
    __rt_init_libc_system_init               0x08027960   Data           4  libc.o(.rti_fn.4)
    __rt_init_finsh_system_init              0x08027964   Data           4  shell.o(.rti_fn.6)
    __rt_init_rti_end                        0x08027968   Data           4  components.o(.rti_fn.6.end)
    FSymTab$$Base                            0x0802796c   Number         0  rc522_function.o(FSymTab)
    __fsym___cmd_DEL_ALL_TAG                 0x0802796c   Data          12  rc522_function.o(FSymTab)
    __fsym___cmd_LIST_ALL_TAGS               0x08027978   Data          12  rc522_function.o(FSymTab)
    __fsym___cmd_SET_PWM                     0x08027984   Data          12  timer.o(FSymTab)
    __fsym___cmd_RTC_Set_Uart                0x08027990   Data          12  rtc.o(FSymTab)
    __fsym___cmd_Get_User_Psd                0x0802799c   Data          12  password.o(FSymTab)
    __fsym_pinMode                           0x080279a8   Data          12  pin.o(FSymTab)
    __fsym_pinWrite                          0x080279b4   Data          12  pin.o(FSymTab)
    __fsym_pinRead                           0x080279c0   Data          12  pin.o(FSymTab)
    __fsym_list_mem                          0x080279cc   Data          12  mem.o(FSymTab)
    __fsym_hello                             0x080279d8   Data          12  cmd.o(FSymTab)
    __fsym_version                           0x080279e4   Data          12  cmd.o(FSymTab)
    __fsym___cmd_version                     0x080279f0   Data          12  cmd.o(FSymTab)
    __fsym_list_thread                       0x080279fc   Data          12  cmd.o(FSymTab)
    __fsym___cmd_list_thread                 0x08027a08   Data          12  cmd.o(FSymTab)
    __fsym_list_sem                          0x08027a14   Data          12  cmd.o(FSymTab)
    __fsym___cmd_list_sem                    0x08027a20   Data          12  cmd.o(FSymTab)
    __fsym_list_event                        0x08027a2c   Data          12  cmd.o(FSymTab)
    __fsym___cmd_list_event                  0x08027a38   Data          12  cmd.o(FSymTab)
    __fsym_list_mutex                        0x08027a44   Data          12  cmd.o(FSymTab)
    __fsym___cmd_list_mutex                  0x08027a50   Data          12  cmd.o(FSymTab)
    __fsym_list_mailbox                      0x08027a5c   Data          12  cmd.o(FSymTab)
    __fsym___cmd_list_mailbox                0x08027a68   Data          12  cmd.o(FSymTab)
    __fsym_list_msgqueue                     0x08027a74   Data          12  cmd.o(FSymTab)
    __fsym___cmd_list_msgqueue               0x08027a80   Data          12  cmd.o(FSymTab)
    __fsym_list_memheap                      0x08027a8c   Data          12  cmd.o(FSymTab)
    __fsym___cmd_list_memheap                0x08027a98   Data          12  cmd.o(FSymTab)
    __fsym_list_mempool                      0x08027aa4   Data          12  cmd.o(FSymTab)
    __fsym___cmd_list_mempool                0x08027ab0   Data          12  cmd.o(FSymTab)
    __fsym_list_timer                        0x08027abc   Data          12  cmd.o(FSymTab)
    __fsym___cmd_list_timer                  0x08027ac8   Data          12  cmd.o(FSymTab)
    __fsym_list_device                       0x08027ad4   Data          12  cmd.o(FSymTab)
    __fsym___cmd_list_device                 0x08027ae0   Data          12  cmd.o(FSymTab)
    __fsym_list                              0x08027aec   Data          12  cmd.o(FSymTab)
    __fsym___cmd_exit                        0x08027af8   Data          12  msh.o(FSymTab)
    __fsym_msh                               0x08027b04   Data          12  msh.o(FSymTab)
    __fsym___cmd_help                        0x08027b10   Data          12  msh.o(FSymTab)
    __fsym___cmd_ifconfig                    0x08027b1c   Data          12  msh_cmd.o(FSymTab)
    __fsym___cmd_netstat                     0x08027b28   Data          12  msh_cmd.o(FSymTab)
    __fsym___cmd_ps                          0x08027b34   Data          12  msh_cmd.o(FSymTab)
    __fsym___cmd_time                        0x08027b40   Data          12  msh_cmd.o(FSymTab)
    __fsym___cmd_free                        0x08027b4c   Data          12  msh_cmd.o(FSymTab)
    FSymTab$$Limit                           0x08027b58   Number         0  msh_cmd.o(FSymTab)
    Region$$Table$$Base                      0x08027b58   Number         0  anon$$obj.o(Region$$Table)
    Region$$Table$$Limit                     0x08027b78   Number         0  anon$$obj.o(Region$$Table)
    VSymTab$$Base                            0x08027b78   Number         0  cmd.o(VSymTab)
    __vsym_dummy                             0x08027b78   Data          16  cmd.o(VSymTab)
    VSymTab$$Limit                           0x08027b88   Number         0  cmd.o(VSymTab)
    flag                                     0x20000006   Data           1  main.o(.data)
    match_thread_lock                        0x20000008   Data           4  main.o(.data)
    door_open_thread_lock                    0x2000000c   Data           4  main.o(.data)
    err_psd_thread_lock                      0x20000010   Data           4  main.o(.data)
    err_reg_thread_lock                      0x20000014   Data           4  main.o(.data)
    err_del_thread_lock                      0x20000018   Data           4  main.o(.data)
    register_countdown_timer1                0x2000001c   Data           4  main.o(.data)
    delete_countdown_timer2                  0x20000020   Data           4  main.o(.data)
    password_countdown_timer3                0x20000024   Data           4  main.o(.data)
    POINT_COLOR                              0x20000040   Data           4  lcd.o(.data)
    BACK_COLOR                               0x20000044   Data           4  lcd.o(.data)
    ucArray_ID                               0x20000049   Data           4  rc522_function.o(.data)
    tp_dev                                   0x20000050   Data          52  touch.o(.data)
    CMD_RDX                                  0x20000084   Data           1  touch.o(.data)
    CMD_RDY                                  0x20000085   Data           1  touch.o(.data)
    USART_RX_STA                             0x20000086   Data           2  usart.o(.data)
    USART_RX2_STA                            0x20000088   Data           2  usart.o(.data)
    aRxBuffer                                0x2000008a   Data           1  usart.o(.data)
    aRx2Buffer                               0x2000008b   Data           1  usart.o(.data)
    current_time                             0x2000008c   Data           8  rtc.o(.data)
    Set_time                                 0x20000094   Data           8  rtc.o(.data)
    uart1                                    0x200000b4   Data          68  drv_usart.o(.data)
    pin_irq_hdr_tab                          0x200000f8   Data         192  drv_gpio.o(.data)
    SystemCoreClock                          0x200001b8   Data           4  system_stm32f1xx.o(.data)
    uwTick                                   0x200001bc   Data           4  stm32f1xx_hal.o(.data)
    uwTickPrio                               0x200001c0   Data           4  stm32f1xx_hal.o(.data)
    uwTickFreq                               0x200001c4   Data           1  stm32f1xx_hal.o(.data)
    rt_interrupt_nest                        0x200001d4   Data           1  irq.o(.data)
    rt_assert_hook                           0x200001e0   Data           4  kservice.o(.data)
    rt_object_trytake_hook                   0x200002b4   Data           4  object.o(.data)
    rt_object_take_hook                      0x200002b8   Data           4  object.o(.data)
    rt_object_put_hook                       0x200002bc   Data           4  object.o(.data)
    rt_current_thread                        0x200002c4   Data           4  scheduler.o(.data)
    rt_current_priority                      0x200002c8   Data           1  scheduler.o(.data)
    rt_thread_ready_priority_group           0x200002cc   Data           4  scheduler.o(.data)
    rt_thread_defunct                        0x200002d0   Data           8  scheduler.o(.data)
    rt_interrupt_from_thread                 0x20000308   Data           4  cpuport.o(.data)
    rt_interrupt_to_thread                   0x2000030c   Data           4  cpuport.o(.data)
    rt_thread_switch_interrupt_flag          0x20000310   Data           4  cpuport.o(.data)
    shell                                    0x20000318   Data           4  shell.o(.data)
    _syscall_table_begin                     0x20000320   Data           4  symbol.o(.data)
    _syscall_table_end                       0x20000324   Data           4  symbol.o(.data)
    _sysvar_table_begin                      0x20000328   Data           4  symbol.o(.data)
    _sysvar_table_end                        0x2000032c   Data           4  symbol.o(.data)
    finsh_compile_sp                         0x20000338   Data           4  finsh_compiler.o(.data)
    finsh_compile_pc                         0x2000033c   Data           4  finsh_compiler.o(.data)
    global_errno                             0x20000340   Data           1  finsh_error.o(.data)
    global_sysvar_list                       0x20000388   Data           4  finsh_var.o(.data)
    finsh_sp                                 0x2000038c   Data           4  finsh_vm.o(.data)
    finsh_pc                                 0x20000390   Data           4  finsh_vm.o(.data)
    global_syscall_list                      0x20000394   Data           4  finsh_vm.o(.data)
    __stdout                                 0x20000398   Data           4  stdout.o(.data)
    register_remain_time                     0x200003a0   Data          40  main.o(.bss)
    delete_remain_time                       0x200003c8   Data          40  main.o(.bss)
    psd_remain_time                          0x200003f0   Data          40  main.o(.bss)
    TFTSRAM_Handler                          0x20001850   Data          68  lcd.o(.bss)
    lcddev                                   0x20001894   Data          14  lcd.o(.bss)
    USART_RX_BUF                             0x200018a4   Data        1024  usart.o(.bss)
    USART_RX2_BUF                            0x20001ca4   Data        1024  usart.o(.bss)
    UART1_Handler                            0x200020a4   Data          64  usart.o(.bss)
    UART2_Handler                            0x200020e4   Data          64  usart.o(.bss)
    TIM3_Handler                             0x20002124   Data          64  timer.o(.bss)
    TIM3_CH2Handler                          0x20002164   Data          28  timer.o(.bss)
    TIM5_Handler                             0x20002180   Data          64  bsp_timer.o(.bss)
    RTC_Handler                              0x200021c0   Data          20  rtc.o(.bss)
    calendar                                 0x200021d4   Data          10  rtc.o(.bss)
    serial1                                  0x200021f4   Data         100  drv_usart.o(.bss)
    rt_thread_priority_table                 0x20002520   Data         256  scheduler.o(.bss)
    finsh_heap                               0x20002958   Data         128  finsh_heap.o(.bss)
    global_node_table                        0x200029d8   Data         320  finsh_node.o(.bss)
    global_variable                          0x20002b18   Data         192  finsh_var.o(.bss)
    finsh_vm_stack                           0x20002bd8   Data         256  finsh_vm.o(.bss)
    text_segment                             0x20002cd8   Data         128  finsh_vm.o(.bss)
    Image$$RW_IRAM1$$ZI$$Limit               0x20003158   Number         0  anon$$obj.o ABSOLUTE
    __initial_sp                             0x20003158   Data           0  startup_stm32f103xe.o(STACK)



==============================================================================

Memory Map of the image

  Image Entry point : 0x08000131

  Load Region LR_IROM1 (Base: 0x08000000, Size: 0x00027f28, Max: 0x00080000, ABSOLUTE, COMPRESSED[0x00027c54])

    Execution Region ER_IROM1 (Exec base: 0x08000000, Load base: 0x08000000, Size: 0x00027b88, Max: 0x00080000, ABSOLUTE)

    Exec Addr    Load Addr    Size         Type   Attr      Idx    E Section Name        Object

    0x08000000   0x08000000   0x00000130   Data   RO         2288    RESET               startup_stm32f103xe.o
    0x08000130   0x08000130   0x00000000   Code   RO         3072  * .ARM.Collect$$$$00000000  mc_w.l(entry.o)
    0x08000130   0x08000130   0x00000004   Code   RO         3392    .ARM.Collect$$$$00000001  mc_w.l(entry2.o)
    0x08000134   0x08000134   0x00000004   Code   RO         3395    .ARM.Collect$$$$00000004  mc_w.l(entry5.o)
    0x08000138   0x08000138   0x00000000   Code   RO         3397    .ARM.Collect$$$$00000008  mc_w.l(entry7b.o)
    0x08000138   0x08000138   0x00000000   Code   RO         3399    .ARM.Collect$$$$0000000A  mc_w.l(entry8b.o)
    0x08000138   0x08000138   0x00000008   Code   RO         3400    .ARM.Collect$$$$0000000B  mc_w.l(entry9a.o)
    0x08000140   0x08000140   0x00000000   Code   RO         3402    .ARM.Collect$$$$0000000D  mc_w.l(entry10a.o)
    0x08000140   0x08000140   0x00000000   Code   RO         3404    .ARM.Collect$$$$0000000F  mc_w.l(entry11a.o)
    0x08000140   0x08000140   0x00000004   Code   RO         3393    .ARM.Collect$$$$00002712  mc_w.l(entry2.o)
    0x08000144   0x08000144   0x00000c90   Code   RO            4    .text               main.o
    0x08000dd4   0x08000dd4   0x00000192   Code   RO          324    .text               24cxx.o
    0x08000f66   0x08000f66   0x00000002   PAD
    0x08000f68   0x08000f68   0x000000c4   Code   RO          360    .text               beep.o
    0x0800102c   0x0800102c   0x0000034c   Code   RO          446    .text               bsp_led.o
    0x08001378   0x08001378   0x000002b0   Code   RO          471    .text               ctiic.o
    0x08001628   0x08001628   0x000000d0   Code   RO          498    .text               delay.o
    0x080016f8   0x080016f8   0x00000338   Code   RO          531    .text               ft5206.o
    0x08001a30   0x08001a30   0x0000044c   Code   RO          572    .text               gt9147.o
    0x08001e7c   0x08001e7c   0x00003aec   Code   RO          600    .text               lcd.o
    0x08005968   0x08005968   0x0000027c   Code   RO          635    .text               myiic.o
    0x08005be4   0x08005be4   0x0000036c   Code   RO          659    .text               ott2001a.o
    0x08005f50   0x08005f50   0x00000106   Code   RO          694    .text               public.o
    0x08006056   0x08006056   0x00000002   PAD
    0x08006058   0x08006058   0x000000cc   Code   RO          718    .text               rc522_config.o
    0x08006124   0x08006124   0x00001504   Code   RO          742    .text               rc522_function.o
    0x08007628   0x08007628   0x00001008   Code   RO          800    .text               touch.o
    0x08008630   0x08008630   0x00000274   Code   RO          852    .text               usart.o
    0x080088a4   0x080088a4   0x00000178   Code   RO          886    .text               timer.o
    0x08008a1c   0x08008a1c   0x000000ac   Code   RO          918    .text               bsp_timer.o
    0x08008ac8   0x08008ac8   0x00001edc   Code   RO          948    .text               rtc.o
    0x0800a9a4   0x0800a9a4   0x000006c8   Code   RO          983    .text               password.o
    0x0800b06c   0x0800b06c   0x000002f8   Code   RO         1011    .text               drv_usart.o
    0x0800b364   0x0800b364   0x000005e4   Code   RO         1045    .text               drv_gpio.o
    0x0800b948   0x0800b948   0x00000010   Code   RO         1074    .text               stm32f1xx_it.o
    0x0800b958   0x0800b958   0x00000254   Code   RO         1101    .text               board.o
    0x0800bbac   0x0800bbac   0x00000250   Code   RO         1124    .text               pin.o
    0x0800bdfc   0x0800bdfc   0x000006a0   Code   RO         1149    .text               serial.o
    0x0800c49c   0x0800c49c   0x000001cc   Code   RO         1165    .text               completion.o
    0x0800c668   0x0800c668   0x000000f4   Code   RO         1286    .text               system_stm32f1xx.o
    0x0800c75c   0x0800c75c   0x000004e8   Code   RO         1369    .text               stm32f1xx_hal_gpio.o
    0x0800cc44   0x0800cc44   0x00000ee4   Code   RO         1469    .text               stm32f1xx_hal_dma.o
    0x0800db28   0x0800db28   0x000002c4   Code   RO         1493    .text               stm32f1xx_hal_cortex.o
    0x0800ddec   0x0800ddec   0x00000208   Code   RO         1599    .text               stm32f1xx_hal_pwr.o
    0x0800dff4   0x0800dff4   0x0000098c   Code   RO         1623    .text               stm32f1xx_hal_rcc.o
    0x0800e980   0x0800e980   0x000002b4   Code   RO         1647    .text               stm32f1xx_hal_rcc_ex.o
    0x0800ec34   0x0800ec34   0x00000ad8   Code   RO         1671    .text               stm32f1xx_hal_rtc.o
    0x0800f70c   0x0800f70c   0x000002e8   Code   RO         1695    .text               stm32f1xx_hal_rtc_ex.o
    0x0800f9f4   0x0800f9f4   0x00002820   Code   RO         1788    .text               stm32f1xx_hal_tim.o
    0x08012214   0x08012214   0x00000cc0   Code   RO         1812    .text               stm32f1xx_hal_tim_ex.o
    0x08012ed4   0x08012ed4   0x0000120a   Code   RO         1836    .text               stm32f1xx_hal_uart.o
    0x080140de   0x080140de   0x00000002   PAD
    0x080140e0   0x080140e0   0x000001b4   Code   RO         1902    .text               stm32f1xx_hal.o
    0x08014294   0x08014294   0x000003dc   Code   RO         1950    .text               stm32f1xx_ll_fsmc.o
    0x08014670   0x08014670   0x00000380   Code   RO         2229    .text               stm32f1xx_hal_sram.o
    0x080149f0   0x080149f0   0x00000024   Code   RO         2289    .text               startup_stm32f103xe.o
    0x08014a14   0x08014a14   0x0000006c   Code   RO         2293    .text               clock.o
    0x08014a80   0x08014a80   0x000000dc   Code   RO         2307    .text               components.o
    0x08014b5c   0x08014b5c   0x00000548   Code   RO         2326    .text               device.o
    0x080150a4   0x080150a4   0x000001d4   Code   RO         2339    .text               idle.o
    0x08015278   0x08015278   0x00001c1c   Code   RO         2358    .text               ipc.o
    0x08016e94   0x08016e94   0x0000007c   Code   RO         2373    .text               irq.o
    0x08016f10   0x08016f10   0x00000ac0   Code   RO         2388    .text               kservice.o
    0x080179d0   0x080179d0   0x000008f4   Code   RO         2408    .text               mem.o
    0x080182c4   0x080182c4   0x000004f0   Code   RO         2441    .text               mempool.o
    0x080187b4   0x080187b4   0x00000374   Code   RO         2459    .text               object.o
    0x08018b28   0x08018b28   0x0000030c   Code   RO         2478    .text               scheduler.o
    0x08018e34   0x08018e34   0x000005c8   Code   RO         2496    .text               signal.o
    0x080193fc   0x080193fc   0x000007f8   Code   RO         2526    .text               thread.o
    0x08019bf4   0x08019bf4   0x00000724   Code   RO         2546    .text               timer_1.o
    0x0801a318   0x0801a318   0x000005e0   Code   RO         2566    .text               cpuport.o
    0x0801a8f8   0x0801a8f8   0x000000f4   Code   RO         2582    .text               context_rvds.o
    0x0801a9ec   0x0801a9ec   0x00000ae0   Code   RO         2620    .text               shell.o
    0x0801b4cc   0x0801b4cc   0x00000ea8   Code   RO         2661    .text               cmd.o
    0x0801c374   0x0801c374   0x00000384   Code   RO         2684    .text               msh.o
    0x0801c6f8   0x0801c6f8   0x000000a8   Code   RO         2702    .text               msh_cmd.o
    0x0801c7a0   0x0801c7a0   0x00001818   Code   RO         2783    .text               finsh_compiler.o
    0x0801dfb8   0x0801dfb8   0x0000002c   Code   RO         2820    .text               finsh_error.o
    0x0801dfe4   0x0801dfe4   0x00000210   Code   RO         2836    .text               finsh_heap.o
    0x0801e1f4   0x0801e1f4   0x00000058   Code   RO         2852    .text               finsh_init.o
    0x0801e24c   0x0801e24c   0x00000184   Code   RO         2870    .text               finsh_node.o
    0x0801e3d0   0x0801e3d0   0x00000ad8   Code   RO         2885    .text               finsh_ops.o
    0x0801eea8   0x0801eea8   0x0000097c   Code   RO         2903    .text               finsh_parser.o
    0x0801f824   0x0801f824   0x0000019c   Code   RO         2918    .text               finsh_var.o
    0x0801f9c0   0x0801f9c0   0x000000e4   Code   RO         2941    .text               finsh_vm.o
    0x0801faa4   0x0801faa4   0x00000680   Code   RO         2964    .text               finsh_token.o
    0x08020124   0x08020124   0x00000004   Code   RO         2979    .text               libc.o
    0x08020128   0x08020128   0x00000144   Code   RO         3012    .text               stubs.o
    0x0802026c   0x0802026c   0x00000020   Code   RO         3075    .text               mc_w.l(llushr.o)
    0x0802028c   0x0802028c   0x00000024   Code   RO         3077    .text               mc_w.l(memcpya.o)
    0x080202b0   0x080202b0   0x00000024   Code   RO         3079    .text               mc_w.l(memseta.o)
    0x080202d4   0x080202d4   0x00000018   Code   RO         3081    .text               mc_w.l(strcat.o)
    0x080202ec   0x080202ec   0x00000018   Code   RO         3083    .text               mc_w.l(strncpy.o)
    0x08020304   0x08020304   0x0000000e   Code   RO         3085    .text               mc_w.l(strlen.o)
    0x08020312   0x08020312   0x0000001c   Code   RO         3087    .text               mc_w.l(strcmp.o)
    0x0802032e   0x0802032e   0x0000001a   Code   RO         3089    .text               mc_w.l(memcmp.o)
    0x08020348   0x08020348   0x00000012   Code   RO         3091    .text               mc_w.l(strcpy.o)
    0x0802035a   0x0802035a   0x0000001e   Code   RO         3093    .text               mc_w.l(strncmp.o)
    0x08020378   0x08020378   0x0000001a   Code   RO         3358    .text               mc_w.l(atoi.o)
    0x08020392   0x08020392   0x000000b0   Code   RO         3360    .text               mf_w.l(fadd.o)
    0x08020442   0x08020442   0x00000064   Code   RO         3362    .text               mf_w.l(fmul.o)
    0x080204a6   0x080204a6   0x0000007c   Code   RO         3364    .text               mf_w.l(fdiv.o)
    0x08020522   0x08020522   0x0000014e   Code   RO         3366    .text               mf_w.l(dadd.o)
    0x08020670   0x08020670   0x000000e4   Code   RO         3368    .text               mf_w.l(dmul.o)
    0x08020754   0x08020754   0x00000012   Code   RO         3370    .text               mf_w.l(fflti.o)
    0x08020766   0x08020766   0x0000000a   Code   RO         3372    .text               mf_w.l(ffltui.o)
    0x08020770   0x08020770   0x00000022   Code   RO         3374    .text               mf_w.l(dflti.o)
    0x08020792   0x08020792   0x0000001a   Code   RO         3376    .text               mf_w.l(dfltui.o)
    0x080207ac   0x080207ac   0x00000032   Code   RO         3378    .text               mf_w.l(ffixi.o)
    0x080207de   0x080207de   0x00000028   Code   RO         3380    .text               mf_w.l(ffixui.o)
    0x08020806   0x08020806   0x0000003e   Code   RO         3382    .text               mf_w.l(dfixi.o)
    0x08020844   0x08020844   0x00000032   Code   RO         3384    .text               mf_w.l(dfixui.o)
    0x08020876   0x08020876   0x00000026   Code   RO         3386    .text               mf_w.l(f2d.o)
    0x0802089c   0x0802089c   0x00000030   Code   RO         3388    .text               mf_w.l(cdcmple.o)
    0x080208cc   0x080208cc   0x00000030   Code   RO         3390    .text               mf_w.l(cdrcmple.o)
    0x080208fc   0x080208fc   0x0000002c   Code   RO         3407    .text               mc_w.l(uidiv.o)
    0x08020928   0x08020928   0x00000062   Code   RO         3409    .text               mc_w.l(uldiv.o)
    0x0802098a   0x0802098a   0x0000001e   Code   RO         3411    .text               mc_w.l(llshl.o)
    0x080209a8   0x080209a8   0x00000024   Code   RO         3413    .text               mc_w.l(llsshr.o)
    0x080209cc   0x080209cc   0x00000070   Code   RO         3422    .text               mc_w.l(strtol.o)
    0x08020a3c   0x08020a3c   0x00000000   Code   RO         3424    .text               mc_w.l(iusefp.o)
    0x08020a3c   0x08020a3c   0x0000006e   Code   RO         3425    .text               mf_w.l(fepilogue.o)
    0x08020aaa   0x08020aaa   0x000000ba   Code   RO         3427    .text               mf_w.l(depilogue.o)
    0x08020b64   0x08020b64   0x000000de   Code   RO         3429    .text               mf_w.l(ddiv.o)
    0x08020c42   0x08020c42   0x000000a2   Code   RO         3431    .text               mf_w.l(dsqrt.o)
    0x08020ce4   0x08020ce4   0x00000030   Code   RO         3433    .text               mf_w.l(dfixul.o)
    0x08020d14   0x08020d14   0x00000024   Code   RO         3435    .text               mc_w.l(init.o)
    0x08020d38   0x08020d38   0x00000008   Code   RO         3437    .text               mc_w.l(ctype_o.o)
    0x08020d40   0x08020d40   0x0000009e   Code   RO         3465    .text               mc_w.l(_strtoul.o)
    0x08020dde   0x08020dde   0x0000001c   Code   RO         3467    .text               mc_w.l(_chval.o)
    0x08020dfa   0x08020dfa   0x00000056   Code   RO         3477    .text               mc_w.l(__dczerorl2.o)
    0x08020e50   0x08020e50   0x00000020   Code   RO         3330    i.__0printf         mc_w.l(printfa.o)
    0x08020e70   0x08020e70   0x00000028   Code   RO         3332    i.__0sprintf        mc_w.l(printfa.o)
    0x08020e98   0x08020e98   0x00000008   Code   RO         3415    i.__aeabi_errno_addr  mc_w.l(errno.o)
    0x08020ea0   0x08020ea0   0x0000000e   Code   RO         3471    i.__scatterload_copy  mc_w.l(handlers.o)
    0x08020eae   0x08020eae   0x00000002   Code   RO         3472    i.__scatterload_null  mc_w.l(handlers.o)
    0x08020eb0   0x08020eb0   0x0000000e   Code   RO         3473    i.__scatterload_zeroinit  mc_w.l(handlers.o)
    0x08020ebe   0x08020ebe   0x00000002   PAD
    0x08020ec0   0x08020ec0   0x0000000c   Code   RO         3417    i.__set_errno       mc_w.l(errno.o)
    0x08020ecc   0x08020ecc   0x00000184   Code   RO         3337    i._fp_digits        mc_w.l(printfa.o)
    0x08021050   0x08021050   0x000006dc   Code   RO         3338    i._printf_core      mc_w.l(printfa.o)
    0x0802172c   0x0802172c   0x00000024   Code   RO         3339    i._printf_post_padding  mc_w.l(printfa.o)
    0x08021750   0x08021750   0x0000002e   Code   RO         3340    i._printf_pre_padding  mc_w.l(printfa.o)
    0x0802177e   0x0802177e   0x0000000a   Code   RO         3342    i._sputc            mc_w.l(printfa.o)
    0x08021788   0x08021788   0x0000004c   Code   RO         3065    i.sqrt              m_ws.l(sqrt.o)
    0x080217d4   0x080217d4   0x0000000a   Data   RO          532    .constdata          ft5206.o
    0x080217de   0x080217de   0x000000c2   Data   RO          573    .constdata          gt9147.o
    0x080218a0   0x080218a0   0x00004740   Data   RO          602    .constdata          lcd.o
    0x08025fe0   0x08025fe0   0x0000000a   Data   RO          660    .constdata          ott2001a.o
    0x08025fea   0x08025fea   0x00000002   PAD
    0x08025fec   0x08025fec   0x00000004   Data   RO          801    .constdata          touch.o
    0x08025ff0   0x08025ff0   0x00000018   Data   RO          950    .constdata          rtc.o
    0x08026008   0x08026008   0x0000005c   Data   RO         1013    .constdata          drv_usart.o
    0x08026064   0x08026064   0x0000017c   Data   RO         1046    .constdata          drv_gpio.o
    0x080261e0   0x080261e0   0x00000013   Data   RO         1102    .constdata          board.o
    0x080261f3   0x080261f3   0x0000007d   Data   RO         1126    .constdata          pin.o
    0x08026270   0x08026270   0x000000c4   Data   RO         1150    .constdata          serial.o
    0x08026334   0x08026334   0x00000039   Data   RO         1166    .constdata          completion.o
    0x0802636d   0x0802636d   0x00000018   Data   RO         1287    .constdata          system_stm32f1xx.o
    0x08026385   0x08026385   0x00000014   Data   RO         2308    .constdata          components.o
    0x08026399   0x08026399   0x000000c9   Data   RO         2327    .constdata          device.o
    0x08026462   0x08026462   0x00000016   Data   RO         2341    .constdata          idle.o
    0x08026478   0x08026478   0x000001f7   Data   RO         2359    .constdata          ipc.o
    0x0802666f   0x0802666f   0x00000122   Data   RO         2390    .constdata          kservice.o
    0x08026791   0x08026791   0x00000046   Data   RO         2410    .constdata          mem.o
    0x080267d7   0x080267d7   0x0000003e   Data   RO         2442    .constdata          mempool.o
    0x08026815   0x08026815   0x00000080   Data   RO         2460    .constdata          object.o
    0x08026895   0x08026895   0x0000004e   Data   RO         2480    .constdata          scheduler.o
    0x080268e3   0x080268e3   0x00000048   Data   RO         2497    .constdata          signal.o
    0x0802692b   0x0802692b   0x000000b9   Data   RO         2527    .constdata          thread.o
    0x080269e4   0x080269e4   0x0000005c   Data   RO         2548    .constdata          timer_1.o
    0x08026a40   0x08026a40   0x00000013   Data   RO         2567    .constdata          cpuport.o
    0x08026a53   0x08026a53   0x00000087   Data   RO         2622    .constdata          shell.o
    0x08026ada   0x08026ada   0x00000002   PAD
    0x08026adc   0x08026adc   0x00000050   Data   RO         2662    .constdata          cmd.o
    0x08026b2c   0x08026b2c   0x0000000e   Data   RO         2685    .constdata          msh.o
    0x08026b3a   0x08026b3a   0x00000002   PAD
    0x08026b3c   0x08026b3c   0x000000c4   Data   RO         2886    .constdata          finsh_ops.o
    0x08026c00   0x08026c00   0x00000040   Data   RO         2965    .constdata          finsh_token.o
    0x08026c40   0x08026c40   0x0000001b   Data   RO         3013    .constdata          stubs.o
    0x08026c5b   0x08026c5b   0x00000081   Data   RO         3438    .constdata          mc_w.l(ctype_o.o)
    0x08026cdc   0x08026cdc   0x00000004   Data   RO         3439    .constdata          mc_w.l(ctype_o.o)
    0x08026ce0   0x08026ce0   0x00000079   Data   RO          802    .conststring        touch.o
    0x08026d59   0x08026d59   0x00000003   PAD
    0x08026d5c   0x08026d5c   0x00000043   Data   RO         1103    .conststring        board.o
    0x08026d9f   0x08026d9f   0x00000001   PAD
    0x08026da0   0x08026da0   0x0000015a   Data   RO         2360    .conststring        ipc.o
    0x08026efa   0x08026efa   0x00000002   PAD
    0x08026efc   0x08026efc   0x000000ed   Data   RO         2411    .conststring        mem.o
    0x08026fe9   0x08026fe9   0x00000003   PAD
    0x08026fec   0x08026fec   0x00000042   Data   RO         2528    .conststring        thread.o
    0x0802702e   0x0802702e   0x00000002   PAD
    0x08027030   0x08027030   0x0000015d   Data   RO         2663    .conststring        cmd.o
    0x0802718d   0x0802718d   0x00000003   PAD
    0x08027190   0x08027190   0x00000048   Data   RO         2703    .conststring        msh_cmd.o
    0x080271d8   0x080271d8   0x000000f3   Data   RO         2821    .conststring        finsh_error.o
    0x080272cb   0x080272cb   0x00000001   PAD
    0x080272cc   0x080272cc   0x0000003e   Data   RO         2966    .conststring        finsh_token.o
    0x0802730a   0x0802730a   0x00000043   Data   RO          744    .rodata.name        rc522_function.o
    0x0802734d   0x0802734d   0x00000027   Data   RO          888    .rodata.name        timer.o
    0x08027374   0x08027374   0x0000003f   Data   RO          952    .rodata.name        rtc.o
    0x080273b3   0x080273b3   0x00000020   Data   RO          984    .rodata.name        password.o
    0x080273d3   0x080273d3   0x00000069   Data   RO         1127    .rodata.name        pin.o
    0x0802743c   0x0802743c   0x00000027   Data   RO         2413    .rodata.name        mem.o
    0x08027463   0x08027463   0x000003a4   Data   RO         2665    .rodata.name        cmd.o
    0x08027807   0x08027807   0x00000061   Data   RO         2687    .rodata.name        msh.o
    0x08027868   0x08027868   0x000000e4   Data   RO         2704    .rodata.name        msh_cmd.o
    0x0802794c   0x0802794c   0x00000004   Data   RO         2309    .rti_fn.0           components.o
    0x08027950   0x08027950   0x00000004   Data   RO         2310    .rti_fn.0.end       components.o
    0x08027954   0x08027954   0x00000004   Data   RO         1015    .rti_fn.1           drv_usart.o
    0x08027958   0x08027958   0x00000004   Data   RO         1048    .rti_fn.1           drv_gpio.o
    0x0802795c   0x0802795c   0x00000004   Data   RO         2311    .rti_fn.1.end       components.o
    0x08027960   0x08027960   0x00000004   Data   RO         2980    .rti_fn.4           libc.o
    0x08027964   0x08027964   0x00000004   Data   RO         2624    .rti_fn.6           shell.o
    0x08027968   0x08027968   0x00000004   Data   RO         2312    .rti_fn.6.end       components.o
    0x0802796c   0x0802796c   0x00000018   Data   RO          745    FSymTab             rc522_function.o
    0x08027984   0x08027984   0x0000000c   Data   RO          889    FSymTab             timer.o
    0x08027990   0x08027990   0x0000000c   Data   RO          953    FSymTab             rtc.o
    0x0802799c   0x0802799c   0x0000000c   Data   RO          985    FSymTab             password.o
    0x080279a8   0x080279a8   0x00000024   Data   RO         1128    FSymTab             pin.o
    0x080279cc   0x080279cc   0x0000000c   Data   RO         2414    FSymTab             mem.o
    0x080279d8   0x080279d8   0x00000120   Data   RO         2666    FSymTab             cmd.o
    0x08027af8   0x08027af8   0x00000024   Data   RO         2688    FSymTab             msh.o
    0x08027b1c   0x08027b1c   0x0000003c   Data   RO         2705    FSymTab             msh_cmd.o
    0x08027b58   0x08027b58   0x00000020   Data   RO         3469    Region$$Table       anon$$obj.o
    0x08027b78   0x08027b78   0x00000010   Data   RO         2667    VSymTab             cmd.o


    Execution Region RW_IRAM1 (Exec base: 0x20000000, Load base: 0x08027b88, Size: 0x00003158, Max: 0x00010000, ABSOLUTE, COMPRESSED[0x000000cc])

    Exec Addr    Load Addr    Size         Type   Attr      Idx    E Section Name        Object

    0x20000000   COMPRESSED   0x00000034   Data   RW            6    .data               main.o
    0x20000034   COMPRESSED   0x00000006   Data   RW          447    .data               bsp_led.o
    0x2000003a   COMPRESSED   0x00000004   Data   RW          499    .data               delay.o
    0x2000003e   COMPRESSED   0x00000001   Data   RW          533    .data               ft5206.o
    0x2000003f   COMPRESSED   0x00000001   Data   RW          574    .data               gt9147.o
    0x20000040   COMPRESSED   0x00000008   Data   RW          603    .data               lcd.o
    0x20000048   COMPRESSED   0x00000001   Data   RW          661    .data               ott2001a.o
    0x20000049   COMPRESSED   0x00000004   Data   RW          743    .data               rc522_function.o
    0x2000004d   COMPRESSED   0x00000003   PAD
    0x20000050   COMPRESSED   0x00000036   Data   RW          803    .data               touch.o
    0x20000086   COMPRESSED   0x00000006   Data   RW          854    .data               usart.o
    0x2000008c   COMPRESSED   0x00000028   Data   RW          951    .data               rtc.o
    0x200000b4   COMPRESSED   0x00000044   Data   RW         1014    .data               drv_usart.o
    0x200000f8   COMPRESSED   0x000000c0   Data   RW         1047    .data               drv_gpio.o
    0x200001b8   COMPRESSED   0x00000004   Data   RW         1288    .data               system_stm32f1xx.o
    0x200001bc   COMPRESSED   0x00000009   Data   RW         1903    .data               stm32f1xx_hal.o
    0x200001c5   COMPRESSED   0x00000003   PAD
    0x200001c8   COMPRESSED   0x00000004   Data   RW         2294    .data               clock.o
    0x200001cc   COMPRESSED   0x00000009   Data   RW         2374    .data               irq.o
    0x200001d5   COMPRESSED   0x00000003   PAD
    0x200001d8   COMPRESSED   0x0000000c   Data   RW         2391    .data               kservice.o
    0x200001e4   COMPRESSED   0x00000020   Data   RW         2412    .data               mem.o
    0x20000204   COMPRESSED   0x00000008   Data   RW         2443    .data               mempool.o
    0x2000020c   COMPRESSED   0x000000b4   Data   RW         2461    .data               object.o
    0x200002c0   COMPRESSED   0x0000001c   Data   RW         2481    .data               scheduler.o
    0x200002dc   COMPRESSED   0x00000004   Data   RW         2498    .data               signal.o
    0x200002e0   COMPRESSED   0x0000000c   Data   RW         2529    .data               thread.o
    0x200002ec   COMPRESSED   0x0000001c   Data   RW         2549    .data               timer_1.o
    0x20000308   COMPRESSED   0x00000010   Data   RW         2568    .data               cpuport.o
    0x20000318   COMPRESSED   0x00000008   Data   RW         2623    .data               shell.o
    0x20000320   COMPRESSED   0x00000010   Data   RW         2645    .data               symbol.o
    0x20000330   COMPRESSED   0x00000004   Data   RW         2664    .data               cmd.o
    0x20000334   COMPRESSED   0x00000004   Data   RW         2686    .data               msh.o
    0x20000338   COMPRESSED   0x00000008   Data   RW         2784    .data               finsh_compiler.o
    0x20000340   COMPRESSED   0x00000040   Data   RW         2822    .data               finsh_error.o
    0x20000380   COMPRESSED   0x00000008   Data   RW         2838    .data               finsh_heap.o
    0x20000388   COMPRESSED   0x00000004   Data   RW         2920    .data               finsh_var.o
    0x2000038c   COMPRESSED   0x0000000c   Data   RW         2943    .data               finsh_vm.o
    0x20000398   COMPRESSED   0x00000004   Data   RW         3406    .data               mc_w.l(stdout.o)
    0x2000039c   COMPRESSED   0x00000004   Data   RW         3418    .data               mc_w.l(errno.o)
    0x200003a0        -       0x000014b0   Zero   RW            5    .bss                main.o
    0x20001850        -       0x00000052   Zero   RW          601    .bss                lcd.o
    0x200018a2   COMPRESSED   0x00000002   PAD
    0x200018a4        -       0x00000880   Zero   RW          853    .bss                usart.o
    0x20002124        -       0x0000005c   Zero   RW          887    .bss                timer.o
    0x20002180        -       0x00000040   Zero   RW          919    .bss                bsp_timer.o
    0x200021c0        -       0x00000032   Zero   RW          949    .bss                rtc.o
    0x200021f2   COMPRESSED   0x00000002   PAD
    0x200021f4        -       0x00000064   Zero   RW         1012    .bss                drv_usart.o
    0x20002258        -       0x00000054   Zero   RW         1125    .bss                pin.o
    0x200022ac        -       0x000001c4   Zero   RW         2340    .bss                idle.o
    0x20002470        -       0x00000080   Zero   RW         2389    .bss                kservice.o
    0x200024f0        -       0x00000030   Zero   RW         2409    .bss                mem.o
    0x20002520        -       0x00000100   Zero   RW         2479    .bss                scheduler.o
    0x20002620        -       0x000002b4   Zero   RW         2547    .bss                timer_1.o
    0x200028d4        -       0x00000081   Zero   RW         2621    .bss                shell.o
    0x20002955   COMPRESSED   0x00000003   PAD
    0x20002958        -       0x00000080   Zero   RW         2837    .bss                finsh_heap.o
    0x200029d8        -       0x00000140   Zero   RW         2871    .bss                finsh_node.o
    0x20002b18        -       0x000000c0   Zero   RW         2919    .bss                finsh_var.o
    0x20002bd8        -       0x00000180   Zero   RW         2942    .bss                finsh_vm.o
    0x20002d58        -       0x00000400   Zero   RW         2286    STACK               startup_stm32f103xe.o


==============================================================================

Image component sizes


      Code (inc. data)   RO Data    RW Data    ZI Data      Debug   Object Name

       402          0          0          0          0       2746   24cxx.o
       196         16          0          0          0       1126   beep.o
       596        136         86          0          0       1745   board.o
       844        206          0          6          0       1798   bsp_led.o
       172         18          0          0         64        923   bsp_timer.o
       108          4          0          4          0       1384   clock.o
      3752       1430       1665          4          0      16776   cmd.o
       460        128         57          0          0       4759   completion.o
       220         42         36          0          0       2518   components.o
       244         26          0          0          0        748   context_rvds.o
      1504        720         19         16          0       4043   cpuport.o
       688         30          0          0          0       2437   ctiic.o
         0          0          0          0          0       2488   dataqueue.o
       208         12          0          4          0        983   delay.o
      1352        314        201          0          0       5626   device.o
      1508         96        384        192          0       6894   drv_gpio.o
       760        126         96         68        100      25502   drv_usart.o
      6168        154          0          8          0       9822   finsh_compiler.o
        44         10        243         64          0       1629   finsh_error.o
       528         18          0          8        128       3391   finsh_heap.o
        88          6          0          0          0       1588   finsh_init.o
       388          4          0          0        320       3328   finsh_node.o
      2776         36        196          0          0       8680   finsh_ops.o
      2428         32          0          0          0       9733   finsh_parser.o
      1664         16        126          0          0       6236   finsh_token.o
       412         18          0          4        192       6309   finsh_var.o
       228         34          0         12        384       5388   finsh_vm.o
       824         42         10          1          0       2451   ft5206.o
      1100         76        194          1          0       2962   gt9147.o
       468         76         22          0        452       5416   idle.o
      7196       1036        849          0          0      19875   ipc.o
       124         14          0          9          0       1804   irq.o
      2752        232        290         12        128      12228   kservice.o
     15084        692      18240          8         82      25130   lcd.o
         4          0          4          0          0       1244   libc.o
      3216        974          0         52       5296     524522   main.o
      2292        644        358         32         48       5411   mem.o
      1264        264         62          8          0       7070   mempool.o
       900        142        147          4          0       4903   msh.o
       168         70        360          0          0       3285   msh_cmd.o
       636         18          0          0          0       2216   myiic.o
       884        184        128        180          0       8291   object.o
       876         60         10          1          0       2615   ott2001a.o
      1736        242         44          0          0       3284   password.o
       592         92        266          0         84       8013   pin.o
       262          0          0          0          0       1617   public.o
       204         40          0          0          0       1037   rc522_config.o
      5380       1296         91          4          0      11485   rc522_function.o
      7900        884         99         40         50       8860   rtc.o
       780        152         78         28        256       4077   scheduler.o
      1696        186        196          0          0       6613   serial.o
      2784        282        139          8        129       7065   shell.o
      1480        174         72          4          0       8284   signal.o
        36          8        304          0       1024        864   startup_stm32f103xe.o
       436         36          0          9          0       7377   stm32f1xx_hal.o
       708         22          0          0          0      27262   stm32f1xx_hal_cortex.o
      3812         40          0          0          0       6621   stm32f1xx_hal_dma.o
      1256         42          0          0          0       3883   stm32f1xx_hal_gpio.o
       520         20          0          0          0       4175   stm32f1xx_hal_pwr.o
      2444         94          0          0          0       5531   stm32f1xx_hal_rcc.o
       692         40          0          0          0       2280   stm32f1xx_hal_rcc_ex.o
      2776         18          0          0          0      10373   stm32f1xx_hal_rtc.o
       744          6          0          0          0       4577   stm32f1xx_hal_rtc_ex.o
       896          8          0          0          0       6208   stm32f1xx_hal_sram.o
     10272        124          0          0          0      32586   stm32f1xx_hal_tim.o
      3264         20          0          0          0      11768   stm32f1xx_hal_tim_ex.o
      4618         46          0          0          0      15864   stm32f1xx_hal_uart.o
        16          0          0          0          0        809   stm32f1xx_it.o
       988         16          0          0          0       5944   stm32f1xx_ll_fsmc.o
       324         20         27          0          0       6359   stubs.o
         0          0          0         16          0       5081   symbol.o
       244         32         24          4          0       1693   system_stm32f1xx.o
      2040        416        251         12          0      10614   thread.o
       376         28         51          0         92       2939   timer.o
      1828        312         92         28        692       9639   timer_1.o
      4104        242        125         54          0       7004   touch.o
       628         94          0          6       2176       2556   usart.o
         0          0          0          0          0       2532   waitqueue.o

    ----------------------------------------------------------------------
    131368      13188      25695        920      11704    1022897   Object Totals
         0          0         32          0          0          0   (incl. Generated)
         6          0         21          9          7          0   (incl. Padding)

    ----------------------------------------------------------------------

      Code (inc. data)   RO Data    RW Data    ZI Data      Debug   Library Member Name

        76          0          0          0          0         84   sqrt.o
        86          0          0          0          0          0   __dczerorl2.o
        28          0          0          0          0         68   _chval.o
       158          0          0          0          0         92   _strtoul.o
        26          0          0          0          0         80   atoi.o
         8          4        133          0          0         68   ctype_o.o
         0          0          0          0          0          0   entry.o
         0          0          0          0          0          0   entry10a.o
         0          0          0          0          0          0   entry11a.o
         8          4          0          0          0          0   entry2.o
         4          0          0          0          0          0   entry5.o
         0          0          0          0          0          0   entry7b.o
         0          0          0          0          0          0   entry8b.o
         8          4          0          0          0          0   entry9a.o
        20         10          0          4          0        136   errno.o
        30          0          0          0          0          0   handlers.o
        36          8          0          0          0         68   init.o
         0          0          0          0          0          0   iusefp.o
        30          0          0          0          0         68   llshl.o
        36          0          0          0          0         68   llsshr.o
        32          0          0          0          0         68   llushr.o
        26          0          0          0          0         80   memcmp.o
        36          0          0          0          0         68   memcpya.o
        36          0          0          0          0        108   memseta.o
      2308         96          0          0          0        604   printfa.o
         0          0          0          4          0          0   stdout.o
        24          0          0          0          0         68   strcat.o
        28          0          0          0          0         76   strcmp.o
        18          0          0          0          0         68   strcpy.o
        14          0          0          0          0         68   strlen.o
        30          0          0          0          0         80   strncmp.o
        24          0          0          0          0         76   strncpy.o
       112          0          0          0          0         88   strtol.o
        44          0          0          0          0         80   uidiv.o
        98          0          0          0          0         92   uldiv.o
        48          0          0          0          0         68   cdcmple.o
        48          0          0          0          0         68   cdrcmple.o
       334          0          0          0          0        148   dadd.o
       222          0          0          0          0        100   ddiv.o
       186          0          0          0          0        176   depilogue.o
        62          0          0          0          0         80   dfixi.o
        50          0          0          0          0         76   dfixui.o
        48          0          0          0          0         68   dfixul.o
        34          0          0          0          0         76   dflti.o
        26          0          0          0          0         76   dfltui.o
       228          0          0          0          0         96   dmul.o
       162          0          0          0          0        100   dsqrt.o
        38          0          0          0          0         68   f2d.o
       176          0          0          0          0        140   fadd.o
       124          0          0          0          0         88   fdiv.o
       110          0          0          0          0        168   fepilogue.o
        50          0          0          0          0         68   ffixi.o
        40          0          0          0          0         68   ffixui.o
        18          0          0          0          0         68   fflti.o
        10          0          0          0          0         68   ffltui.o
       100          0          0          0          0         76   fmul.o

    ----------------------------------------------------------------------
      5500        126        133          8          0       4300   Library Totals
         2          0          0          0          0          0   (incl. Padding)

    ----------------------------------------------------------------------

      Code (inc. data)   RO Data    RW Data    ZI Data      Debug   Library Name

        76          0          0          0          0         84   m_ws.l
      3308        126        133          8          0       2272   mc_w.l
      2114          0          0          0          0       1944   mf_w.l

    ----------------------------------------------------------------------
      5500        126        133          8          0       4300   Library Totals

    ----------------------------------------------------------------------

==============================================================================


      Code (inc. data)   RO Data    RW Data    ZI Data      Debug   

    136868      13314      25828        928      11704    1017913   Grand Totals
    136868      13314      25828        204      11704    1017913   ELF Image Totals (compressed)
    136868      13314      25828        204          0          0   ROM Totals

==============================================================================

    Total RO  Size (Code + RO Data)               162696 ( 158.88kB)
    Total RW  Size (RW Data + ZI Data)             12632 (  12.34kB)
    Total ROM Size (Code + RO Data + RW Data)     162900 ( 159.08kB)

==============================================================================

